Found local copy...
Loading...
Done!
  0%|          | 0/9982 [00:00<?, ?it/s] 13%|█▎        | 1261/9982 [00:00<00:00, 12607.01it/s] 25%|██▌       | 2522/9982 [00:00<00:00, 10643.54it/s] 39%|███▉      | 3889/9982 [00:00<00:00, 11898.11it/s]CC1=CC=C[NH+2]([O-])[CH-]1 returns RDKit error and is thus omitted...
O=C(O)C1=C[NH+2]([O-])[CH-]C=C1 returns RDKit error and is thus omitted...
 63%|██████▎   | 6266/9982 [00:00<00:00, 16315.41it/s] 82%|████████▏ | 8228/9982 [00:00<00:00, 17461.81it/s]100%|██████████| 9982/9982 [00:00<00:00, 15691.86it/s]
Found local copy...
Loading...
Done!
2026/08/08 15:39:25 INFO mlflow.tracking.fluent: Experiment with name 'bo-ld50-check-70728652' does not exist. Creating a new experiment.
[split] sizes train/valid/test: 1607/112/357
[split] vocab_size: 34
[target] solubility mean/std: -2.169/2.070
[target] LD50 mean/std: 2.268/0.872
PCA sampling-space shape: (2076, 3)
PCA explained variance ratio (pc1, pc2, pc3): [0.22058623 0.13270536 0.09098073]
[seed 11] initial indices selected = 100 | all unique = True
[seed 11 | ucb] iteration 000 | observed = 100 | selected = 1492 | LD50 raw = 4.4410 | mu = 1.9082 | sigma = 0.6395 | UCB = 3.1616
[seed 11 | ucb] iteration 001 | observed = 101 | selected = 1513 | LD50 raw = 2.2070 | mu = 1.1080 | sigma = 0.8356 | UCB = 2.7458
[seed 11 | ucb] iteration 002 | observed = 102 | selected = 797 | LD50 raw = 2.7850 | mu = 1.1854 | sigma = 0.7815 | UCB = 2.7172
[seed 11 | ucb] iteration 003 | observed = 103 | selected = 998 | LD50 raw = 1.4880 | mu = 0.8629 | sigma = 0.8149 | UCB = 2.4600
[seed 11 | ucb] iteration 004 | observed = 104 | selected = 1024 | LD50 raw = 4.4320 | mu = 0.6348 | sigma = 0.8924 | UCB = 2.3838
[seed 11 | ucb] iteration 005 | observed = 105 | selected = 1049 | LD50 raw = 2.9720 | mu = 1.1459 | sigma = 0.8185 | UCB = 2.7501
[seed 11 | ucb] iteration 006 | observed = 106 | selected = 1356 | LD50 raw = 4.0470 | mu = 0.7068 | sigma = 0.9808 | UCB = 2.6291
[seed 11 | ucb] iteration 007 | observed = 107 | selected = 1556 | LD50 raw = 1.5360 | mu = 0.9238 | sigma = 0.9845 | UCB = 2.8535
[seed 11 | ucb] iteration 008 | observed = 108 | selected = 648 | LD50 raw = 2.6200 | mu = 0.6606 | sigma = 0.9188 | UCB = 2.4614
[seed 11 | ucb] iteration 009 | observed = 109 | selected = 1258 | LD50 raw = 2.7050 | mu = 0.5525 | sigma = 0.9458 | UCB = 2.4063
[seed 11 | ucb] iteration 010 | observed = 110 | selected = 1501 | LD50 raw = 2.6460 | mu = 0.6716 | sigma = 0.8700 | UCB = 2.3768
[seed 11 | ucb] iteration 011 | observed = 111 | selected = 1172 | LD50 raw = 3.1400 | mu = 0.7496 | sigma = 0.8268 | UCB = 2.3701
[seed 11 | ucb] iteration 012 | observed = 112 | selected = 1872 | LD50 raw = 1.9480 | mu = 0.9665 | sigma = 0.7127 | UCB = 2.3634
[seed 11 | ucb] iteration 013 | observed = 113 | selected = 1566 | LD50 raw = 4.0600 | mu = 0.8520 | sigma = 0.7637 | UCB = 2.3488
[seed 11 | ucb] iteration 014 | observed = 114 | selected = 1694 | LD50 raw = 4.6930 | mu = 0.9583 | sigma = 0.8602 | UCB = 2.6443
[seed 11 | ucb] iteration 015 | observed = 115 | selected = 1237 | LD50 raw = 1.7030 | mu = 0.9941 | sigma = 1.0151 | UCB = 2.9836
[seed 11 | ucb] iteration 016 | observed = 116 | selected = 1196 | LD50 raw = 3.6140 | mu = 1.4442 | sigma = 0.8028 | UCB = 3.0177
[seed 11 | ucb] iteration 017 | observed = 117 | selected = 1981 | LD50 raw = 3.6900 | mu = 1.5314 | sigma = 0.7045 | UCB = 2.9123
[seed 11 | ucb] iteration 018 | observed = 118 | selected = 1250 | LD50 raw = 1.7830 | mu = 1.2456 | sigma = 0.7587 | UCB = 2.7327
[seed 11 | ucb] iteration 019 | observed = 119 | selected = 1693 | LD50 raw = 4.6560 | mu = 0.8258 | sigma = 0.9699 | UCB = 2.7268
[seed 11 | ucb] iteration 020 | observed = 120 | selected = 2062 | LD50 raw = 2.5000 | mu = 0.5428 | sigma = 1.0600 | UCB = 2.6204
[seed 11 | ucb] iteration 021 | observed = 121 | selected = 1686 | LD50 raw = 2.9080 | mu = 0.6342 | sigma = 1.0078 | UCB = 2.6096
[seed 11 | ucb] iteration 022 | observed = 122 | selected = 1810 | LD50 raw = 1.2540 | mu = 0.5792 | sigma = 0.9863 | UCB = 2.5124
[seed 11 | ucb] iteration 023 | observed = 123 | selected = 1195 | LD50 raw = 3.6360 | mu = 0.7907 | sigma = 0.8567 | UCB = 2.4699
[seed 11 | ucb] iteration 024 | observed = 124 | selected = 154 | LD50 raw = 4.7030 | mu = 0.6687 | sigma = 1.0188 | UCB = 2.6656
[seed 11 | ucb] iteration 025 | observed = 125 | selected = 412 | LD50 raw = 3.8170 | mu = 1.0189 | sigma = 1.0154 | UCB = 3.0091
[seed 11 | ucb] iteration 026 | observed = 126 | selected = 403 | LD50 raw = 3.0660 | mu = 1.4505 | sigma = 0.9025 | UCB = 3.2194
[seed 11 | ucb] iteration 027 | observed = 127 | selected = 397 | LD50 raw = 3.2630 | mu = 1.2160 | sigma = 0.8794 | UCB = 2.9396
[seed 11 | ucb] iteration 028 | observed = 128 | selected = 318 | LD50 raw = 2.5960 | mu = 1.1220 | sigma = 0.9116 | UCB = 2.9089
[seed 11 | ucb] iteration 029 | observed = 129 | selected = 339 | LD50 raw = 2.5960 | mu = 0.9175 | sigma = 0.9268 | UCB = 2.7341
[seed 11 | ucb] iteration 030 | observed = 130 | selected = 406 | LD50 raw = 4.3470 | mu = 0.6924 | sigma = 0.9766 | UCB = 2.6065
[seed 11 | ucb] iteration 031 | observed = 131 | selected = 402 | LD50 raw = 2.7110 | mu = 1.2202 | sigma = 0.9426 | UCB = 3.0676
[seed 11 | ucb] iteration 032 | observed = 132 | selected = 424 | LD50 raw = 3.8800 | mu = 1.3341 | sigma = 0.8375 | UCB = 2.9755
[seed 11 | ucb] iteration 033 | observed = 133 | selected = 1896 | LD50 raw = 3.6310 | mu = 1.5763 | sigma = 0.5934 | UCB = 2.7393
[seed 11 | ucb] iteration 034 | observed = 134 | selected = 1097 | LD50 raw = 5.2250 | mu = 0.8575 | sigma = 1.0170 | UCB = 2.8508
[seed 11 | ucb] iteration 035 | observed = 135 | selected = 1154 | LD50 raw = 5.2560 | mu = 1.4289 | sigma = 0.9586 | UCB = 3.3077
[seed 11 | ucb] iteration 036 | observed = 136 | selected = 1150 | LD50 raw = 5.1370 | mu = 2.1687 | sigma = 0.8958 | UCB = 3.9244
[seed 11 | ucb] iteration 037 | observed = 137 | selected = 1090 | LD50 raw = 4.5250 | mu = 2.7290 | sigma = 0.6597 | UCB = 4.0219
[seed 11 | ucb] iteration 038 | observed = 138 | selected = 1098 | LD50 raw = 3.8630 | mu = 2.3911 | sigma = 0.8060 | UCB = 3.9710
[seed 11 | ucb] iteration 039 | observed = 139 | selected = 1149 | LD50 raw = 5.4160 | mu = 2.8412 | sigma = 0.5450 | UCB = 3.9093
[seed 11 | ucb] iteration 040 | observed = 140 | selected = 1158 | LD50 raw = 4.9190 | mu = 2.7573 | sigma = 0.6975 | UCB = 4.1243
[seed 11 | ucb] iteration 041 | observed = 141 | selected = 1012 | LD50 raw = 4.5370 | mu = 2.6215 | sigma = 0.6430 | UCB = 3.8818
[seed 11 | ucb] iteration 042 | observed = 142 | selected = 1028 | LD50 raw = 4.4710 | mu = 2.2327 | sigma = 0.8584 | UCB = 3.9151
[seed 11 | ucb] iteration 043 | observed = 143 | selected = 1000 | LD50 raw = 5.2360 | mu = 2.5193 | sigma = 0.6460 | UCB = 3.7855
[seed 11 | ucb] iteration 044 | observed = 144 | selected = 1071 | LD50 raw = 5.1400 | mu = 2.5779 | sigma = 0.5949 | UCB = 3.7439
[seed 11 | ucb] iteration 045 | observed = 145 | selected = 1159 | LD50 raw = 5.4150 | mu = 2.4059 | sigma = 0.6688 | UCB = 3.7168
[seed 11 | ucb] iteration 046 | observed = 146 | selected = 1076 | LD50 raw = 4.9250 | mu = 2.4486 | sigma = 0.8836 | UCB = 4.1804
[seed 11 | ucb] iteration 047 | observed = 147 | selected = 1065 | LD50 raw = 4.5520 | mu = 2.7260 | sigma = 0.5977 | UCB = 3.8974
[seed 11 | ucb] iteration 048 | observed = 148 | selected = 1151 | LD50 raw = 3.1830 | mu = 1.5557 | sigma = 1.1031 | UCB = 3.7178
[seed 11 | ucb] iteration 049 | observed = 149 | selected = 1075 | LD50 raw = 2.9250 | mu = 1.7097 | sigma = 0.9690 | UCB = 3.6089
[seed 11 | ucb] iteration 050 | observed = 150 | selected = 1691 | LD50 raw = 4.4580 | mu = 2.0898 | sigma = 0.8090 | UCB = 3.6755
[seed 11 | ucb] iteration 051 | observed = 151 | selected = 1093 | LD50 raw = 3.2400 | mu = 1.7241 | sigma = 0.8681 | UCB = 3.4255
[seed 11 | ucb] iteration 052 | observed = 152 | selected = 2075 | LD50 raw = 2.5180 | mu = 0.9114 | sigma = 1.2775 | UCB = 3.4152
[seed 11 | ucb] iteration 053 | observed = 153 | selected = 904 | LD50 raw = 4.6420 | mu = 1.6724 | sigma = 0.8730 | UCB = 3.3836
[seed 11 | ucb] iteration 054 | observed = 154 | selected = 1084 | LD50 raw = 3.8530 | mu = 1.7806 | sigma = 0.8779 | UCB = 3.5014
[seed 11 | ucb] iteration 055 | observed = 155 | selected = 1166 | LD50 raw = 4.8090 | mu = 1.9988 | sigma = 0.7623 | UCB = 3.4929
[seed 11 | ucb] iteration 056 | observed = 156 | selected = 951 | LD50 raw = 5.7640 | mu = 1.8924 | sigma = 0.8212 | UCB = 3.5019
[seed 11 | ucb] iteration 057 | observed = 157 | selected = 1069 | LD50 raw = 4.6110 | mu = 2.1292 | sigma = 0.6366 | UCB = 3.3769
[seed 11 | ucb] iteration 058 | observed = 158 | selected = 1072 | LD50 raw = 5.2350 | mu = 2.4580 | sigma = 0.5054 | UCB = 3.4487
[seed 11 | ucb] iteration 059 | observed = 159 | selected = 926 | LD50 raw = 5.6580 | mu = 1.5463 | sigma = 1.0255 | UCB = 3.5563
[seed 11 | ucb] iteration 060 | observed = 160 | selected = 1073 | LD50 raw = 4.0260 | mu = 1.8602 | sigma = 0.9770 | UCB = 3.7750
[seed 11 | ucb] iteration 061 | observed = 161 | selected = 886 | LD50 raw = 4.5660 | mu = 1.6142 | sigma = 0.9876 | UCB = 3.5498
[seed 11 | ucb] iteration 062 | observed = 162 | selected = 873 | LD50 raw = 0.7570 | mu = 1.7848 | sigma = 0.9181 | UCB = 3.5842
[seed 11 | ucb] iteration 063 | observed = 163 | selected = 1048 | LD50 raw = 1.8510 | mu = 1.7472 | sigma = 1.0310 | UCB = 3.7680
[seed 11 | ucb] iteration 064 | observed = 164 | selected = 1015 | LD50 raw = 2.7030 | mu = 1.4621 | sigma = 1.1196 | UCB = 3.6566
[seed 11 | ucb] iteration 065 | observed = 165 | selected = 685 | LD50 raw = 3.5740 | mu = 1.6115 | sigma = 1.0358 | UCB = 3.6416
[seed 11 | ucb] iteration 066 | observed = 166 | selected = 1692 | LD50 raw = 4.4760 | mu = 2.4388 | sigma = 0.5976 | UCB = 3.6102
[seed 11 | ucb] iteration 067 | observed = 167 | selected = 884 | LD50 raw = 3.0130 | mu = 1.5925 | sigma = 0.9796 | UCB = 3.5124
[seed 11 | ucb] iteration 068 | observed = 168 | selected = 724 | LD50 raw = 2.2440 | mu = 1.6094 | sigma = 0.9277 | UCB = 3.4276
[seed 11 | ucb] iteration 069 | observed = 169 | selected = 1062 | LD50 raw = 3.2990 | mu = 1.0931 | sigma = 1.2277 | UCB = 3.4993
[seed 11 | ucb] iteration 070 | observed = 170 | selected = 695 | LD50 raw = 5.4660 | mu = 1.3707 | sigma = 1.0257 | UCB = 3.3810
[seed 11 | ucb] iteration 071 | observed = 171 | selected = 605 | LD50 raw = 4.4100 | mu = 2.2885 | sigma = 0.8304 | UCB = 3.9161
[seed 11 | ucb] iteration 072 | observed = 172 | selected = 1897 | LD50 raw = 4.1040 | mu = 1.3877 | sigma = 1.1919 | UCB = 3.7239
[seed 11 | ucb] iteration 073 | observed = 173 | selected = 684 | LD50 raw = 4.9430 | mu = 2.0397 | sigma = 0.8672 | UCB = 3.7395
[seed 11 | ucb] iteration 074 | observed = 174 | selected = 1092 | LD50 raw = 3.6780 | mu = 2.1017 | sigma = 0.9250 | UCB = 3.9147
[seed 11 | ucb] iteration 075 | observed = 175 | selected = 1303 | LD50 raw = 2.5500 | mu = 1.4586 | sigma = 1.1918 | UCB = 3.7945
[seed 11 | ucb] iteration 076 | observed = 176 | selected = 1578 | LD50 raw = 2.8890 | mu = 1.4032 | sigma = 1.1537 | UCB = 3.6645
[seed 11 | ucb] iteration 077 | observed = 177 | selected = 990 | LD50 raw = 3.2890 | mu = 1.4389 | sigma = 1.0648 | UCB = 3.5259
[seed 11 | ucb] iteration 078 | observed = 178 | selected = 2021 | LD50 raw = 3.4170 | mu = 1.3524 | sigma = 1.1017 | UCB = 3.5119
[seed 11 | ucb] iteration 079 | observed = 179 | selected = 541 | LD50 raw = 2.3470 | mu = 1.0925 | sigma = 1.2070 | UCB = 3.4583
[seed 11 | ucb] iteration 080 | observed = 180 | selected = 305 | LD50 raw = 4.3530 | mu = 1.0110 | sigma = 1.2109 | UCB = 3.3844
[seed 11 | ucb] iteration 081 | observed = 181 | selected = 250 | LD50 raw = 4.0820 | mu = 1.5163 | sigma = 1.0782 | UCB = 3.6295
[seed 11 | ucb] iteration 082 | observed = 182 | selected = 310 | LD50 raw = 2.1650 | mu = 1.1713 | sigma = 1.1845 | UCB = 3.4929
[seed 11 | ucb] iteration 083 | observed = 183 | selected = 421 | LD50 raw = 2.5190 | mu = 2.0737 | sigma = 0.7542 | UCB = 3.5519
[seed 11 | ucb] iteration 084 | observed = 184 | selected = 304 | LD50 raw = 3.8410 | mu = 1.9345 | sigma = 0.8161 | UCB = 3.5341
[seed 11 | ucb] iteration 085 | observed = 185 | selected = 1805 | LD50 raw = 4.7100 | mu = 2.3701 | sigma = 0.5946 | UCB = 3.5356
[seed 11 | ucb] iteration 086 | observed = 186 | selected = 347 | LD50 raw = 3.8650 | mu = 1.1991 | sigma = 1.1131 | UCB = 3.3808
[seed 11 | ucb] iteration 087 | observed = 187 | selected = 1549 | LD50 raw = 1.8780 | mu = 1.1194 | sigma = 1.1212 | UCB = 3.3169
[seed 11 | ucb] iteration 088 | observed = 188 | selected = 1169 | LD50 raw = 2.8180 | mu = 0.7249 | sigma = 1.3286 | UCB = 3.3290
[seed 11 | ucb] iteration 089 | observed = 189 | selected = 1485 | LD50 raw = 2.3490 | mu = 0.6891 | sigma = 1.3323 | UCB = 3.3003
[seed 11 | ucb] iteration 090 | observed = 190 | selected = 1248 | LD50 raw = 4.8960 | mu = 0.9598 | sigma = 1.1907 | UCB = 3.2937
[seed 11 | ucb] iteration 091 | observed = 191 | selected = 2056 | LD50 raw = 2.8430 | mu = 0.7696 | sigma = 1.3720 | UCB = 3.4587
[seed 11 | ucb] iteration 092 | observed = 192 | selected = 1194 | LD50 raw = 3.0210 | mu = 0.5869 | sigma = 1.3826 | UCB = 3.2969
[seed 11 | ucb] iteration 093 | observed = 193 | selected = 1161 | LD50 raw = 4.0860 | mu = 1.2454 | sigma = 1.0523 | UCB = 3.3079
[seed 11 | ucb] iteration 094 | observed = 194 | selected = 309 | LD50 raw = 3.4410 | mu = 0.8245 | sigma = 1.2773 | UCB = 3.3280
[seed 11 | ucb] iteration 095 | observed = 195 | selected = 1321 | LD50 raw = 3.6960 | mu = 1.6184 | sigma = 0.8573 | UCB = 3.2986
[seed 11 | ucb] iteration 096 | observed = 196 | selected = 896 | LD50 raw = 2.3430 | mu = 0.7061 | sigma = 1.3124 | UCB = 3.2784
[seed 11 | ucb] iteration 097 | observed = 197 | selected = 1585 | LD50 raw = 4.2210 | mu = 0.6215 | sigma = 1.3523 | UCB = 3.2720
[seed 11 | ucb] iteration 098 | observed = 198 | selected = 1733 | LD50 raw = 3.0990 | mu = 0.8692 | sigma = 1.3052 | UCB = 3.4273
[seed 11 | ucb] iteration 099 | observed = 199 | selected = 1323 | LD50 raw = 3.1990 | mu = 0.7978 | sigma = 1.2590 | UCB = 3.2655
[seed 11 | ucb] iteration 100 | observed = 200 | selected = 87 | LD50 raw = 2.9550 | mu = 0.9290 | sigma = 1.2242 | UCB = 3.3283
[seed 11 | ucb] iteration 101 | observed = 201 | selected = 432 | LD50 raw = 2.7700 | mu = 0.8507 | sigma = 1.2457 | UCB = 3.2923
[seed 11 | ucb] iteration 102 | observed = 202 | selected = 1714 | LD50 raw = 5.1530 | mu = 0.6136 | sigma = 1.3542 | UCB = 3.2678
[seed 11 | ucb] iteration 103 | observed = 203 | selected = 1797 | LD50 raw = 2.0410 | mu = 1.2366 | sigma = 1.2650 | UCB = 3.7159
[seed 11 | ucb] iteration 104 | observed = 204 | selected = 1274 | LD50 raw = 2.3880 | mu = 1.0593 | sigma = 1.2399 | UCB = 3.4896
[seed 11 | ucb] iteration 105 | observed = 205 | selected = 1199 | LD50 raw = 2.4350 | mu = 0.7702 | sigma = 1.3065 | UCB = 3.3309
[seed 11 | ucb] iteration 106 | observed = 206 | selected = 1599 | LD50 raw = 3.4360 | mu = 0.7176 | sigma = 1.2964 | UCB = 3.2586
[seed 11 | ucb] iteration 107 | observed = 207 | selected = 1364 | LD50 raw = 3.1610 | mu = 0.5496 | sigma = 1.3840 | UCB = 3.2623
[seed 11 | ucb] iteration 108 | observed = 208 | selected = 1298 | LD50 raw = 5.1290 | mu = 0.5652 | sigma = 1.3857 | UCB = 3.2812
[seed 11 | ucb] iteration 109 | observed = 209 | selected = 1327 | LD50 raw = 1.6590 | mu = 1.0097 | sigma = 1.1510 | UCB = 3.2657
[seed 11 | ucb] iteration 110 | observed = 210 | selected = 144 | LD50 raw = 2.9980 | mu = 1.4617 | sigma = 0.9118 | UCB = 3.2489
[seed 11 | ucb] iteration 111 | observed = 211 | selected = 277 | LD50 raw = 4.2010 | mu = 1.8272 | sigma = 0.7389 | UCB = 3.2755
[seed 11 | ucb] iteration 112 | observed = 212 | selected = 1384 | LD50 raw = 1.7320 | mu = 0.5328 | sigma = 1.3812 | UCB = 3.2400
[seed 11 | ucb] iteration 113 | observed = 213 | selected = 1658 | LD50 raw = 2.5370 | mu = 0.6852 | sigma = 1.2955 | UCB = 3.2243
[seed 11 | ucb] iteration 114 | observed = 214 | selected = 1334 | LD50 raw = 2.0030 | mu = 0.6943 | sigma = 1.3037 | UCB = 3.2495
[seed 11 | ucb] iteration 115 | observed = 215 | selected = 531 | LD50 raw = 3.9460 | mu = 1.5231 | sigma = 0.8584 | UCB = 3.2056
[seed 11 | ucb] iteration 116 | observed = 216 | selected = 302 | LD50 raw = 2.0980 | mu = 1.2920 | sigma = 0.9866 | UCB = 3.2257
[seed 11 | ucb] iteration 117 | observed = 217 | selected = 355 | LD50 raw = 3.3680 | mu = 1.2240 | sigma = 1.0613 | UCB = 3.3042
[seed 11 | ucb] iteration 118 | observed = 218 | selected = 2022 | LD50 raw = 3.9510 | mu = 1.3161 | sigma = 0.9430 | UCB = 3.1644
[seed 11 | ucb] iteration 119 | observed = 219 | selected = 1748 | LD50 raw = 2.2110 | mu = 0.9585 | sigma = 1.1520 | UCB = 3.2164
[seed 11 | ucb] iteration 120 | observed = 220 | selected = 1361 | LD50 raw = 2.2000 | mu = 0.5932 | sigma = 1.3062 | UCB = 3.1534
[seed 11 | ucb] iteration 121 | observed = 221 | selected = 549 | LD50 raw = 1.9010 | mu = 0.7333 | sigma = 1.2544 | UCB = 3.1919
[seed 11 | ucb] iteration 122 | observed = 222 | selected = 999 | LD50 raw = 2.8390 | mu = 0.5620 | sigma = 1.3395 | UCB = 3.1874
[seed 11 | ucb] iteration 123 | observed = 223 | selected = 1318 | LD50 raw = 2.8600 | mu = 0.4362 | sigma = 1.3693 | UCB = 3.1201
[seed 11 | ucb] iteration 124 | observed = 224 | selected = 1385 | LD50 raw = 2.5300 | mu = 0.6441 | sigma = 1.2853 | UCB = 3.1632
[seed 11 | ucb] iteration 125 | observed = 225 | selected = 1611 | LD50 raw = 3.8950 | mu = 1.3502 | sigma = 0.9133 | UCB = 3.1403
[seed 11 | ucb] iteration 126 | observed = 226 | selected = 486 | LD50 raw = 1.7070 | mu = 0.6980 | sigma = 1.2325 | UCB = 3.1137
[seed 11 | ucb] iteration 127 | observed = 227 | selected = 1299 | LD50 raw = 2.9570 | mu = 0.7678 | sigma = 1.2045 | UCB = 3.1285
[seed 11 | ucb] iteration 128 | observed = 228 | selected = 418 | LD50 raw = 3.7720 | mu = 2.0492 | sigma = 0.5434 | UCB = 3.1142
[seed 11 | ucb] iteration 129 | observed = 229 | selected = 1429 | LD50 raw = 1.0620 | mu = 0.6011 | sigma = 1.2806 | UCB = 3.1112
[seed 11 | ucb] iteration 130 | observed = 230 | selected = 1443 | LD50 raw = 3.1040 | mu = 0.5794 | sigma = 1.2852 | UCB = 3.0985
[seed 11 | ucb] iteration 131 | observed = 231 | selected = 1479 | LD50 raw = 2.7320 | mu = 0.6152 | sigma = 1.2674 | UCB = 3.0993
[seed 11 | ucb] iteration 132 | observed = 232 | selected = 269 | LD50 raw = 3.4760 | mu = 1.8767 | sigma = 0.6167 | UCB = 3.0854
[seed 11 | ucb] iteration 133 | observed = 233 | selected = 134 | LD50 raw = 2.7810 | mu = 0.7030 | sigma = 1.1967 | UCB = 3.0485
[seed 11 | ucb] iteration 134 | observed = 234 | selected = 1267 | LD50 raw = 3.2500 | mu = 0.5571 | sigma = 1.2489 | UCB = 3.0050
[seed 11 | ucb] iteration 135 | observed = 235 | selected = 1974 | LD50 raw = 3.5240 | mu = 0.6423 | sigma = 1.2404 | UCB = 3.0734
[seed 11 | ucb] iteration 136 | observed = 236 | selected = 631 | LD50 raw = 2.3670 | mu = 0.6048 | sigma = 1.2744 | UCB = 3.1027
[seed 11 | ucb] iteration 137 | observed = 237 | selected = 1790 | LD50 raw = 1.5950 | mu = 0.4183 | sigma = 1.3153 | UCB = 2.9963
[seed 11 | ucb] iteration 138 | observed = 238 | selected = 699 | LD50 raw = 1.8790 | mu = 0.6504 | sigma = 1.1937 | UCB = 2.9901
[seed 11 | ucb] iteration 139 | observed = 239 | selected = 834 | LD50 raw = 1.5210 | mu = 0.9556 | sigma = 1.0378 | UCB = 2.9897
[seed 11 | ucb] iteration 140 | observed = 240 | selected = 1277 | LD50 raw = 1.7500 | mu = 0.6374 | sigma = 1.2097 | UCB = 3.0085
[seed 11 | ucb] iteration 141 | observed = 241 | selected = 1186 | LD50 raw = 3.6520 | mu = 1.1097 | sigma = 0.9916 | UCB = 3.0534
[seed 11 | ucb] iteration 142 | observed = 242 | selected = 1389 | LD50 raw = 3.7470 | mu = 1.4158 | sigma = 0.8336 | UCB = 3.0497
[seed 11 | ucb] iteration 143 | observed = 243 | selected = 1252 | LD50 raw = 1.9660 | mu = 0.6220 | sigma = 1.2054 | UCB = 2.9847
[seed 11 | ucb] iteration 144 | observed = 244 | selected = 1472 | LD50 raw = 1.6970 | mu = 0.6177 | sigma = 1.1809 | UCB = 2.9323
[seed 11 | ucb] iteration 145 | observed = 245 | selected = 532 | LD50 raw = 1.8100 | mu = 0.8236 | sigma = 1.1177 | UCB = 3.0143
[seed 11 | ucb] iteration 146 | observed = 246 | selected = 1179 | LD50 raw = 2.4180 | mu = 1.2047 | sigma = 0.8633 | UCB = 2.8968
[seed 11 | ucb] iteration 147 | observed = 247 | selected = 618 | LD50 raw = 2.8350 | mu = 0.6276 | sigma = 1.1709 | UCB = 2.9225
[seed 11 | ucb] iteration 148 | observed = 248 | selected = 356 | LD50 raw = 3.9750 | mu = 0.7783 | sigma = 1.1359 | UCB = 3.0048
[seed 11 | ucb] iteration 149 | observed = 249 | selected = 294 | LD50 raw = 2.8240 | mu = 0.6729 | sigma = 1.2390 | UCB = 3.1013
[seed 11 | ucb] iteration 150 | observed = 250 | selected = 291 | LD50 raw = 3.1660 | mu = 0.7067 | sigma = 1.1830 | UCB = 3.0254
[seed 11 | ucb] iteration 151 | observed = 251 | selected = 1508 | LD50 raw = 3.2340 | mu = 0.4866 | sigma = 1.2322 | UCB = 2.9017
[seed 11 | ucb] iteration 152 | observed = 252 | selected = 1010 | LD50 raw = 4.7580 | mu = 0.6557 | sigma = 1.1459 | UCB = 2.9018
[seed 11 | ucb] iteration 153 | observed = 253 | selected = 833 | LD50 raw = 1.6080 | mu = 1.0615 | sigma = 1.0452 | UCB = 3.1100
[seed 11 | ucb] iteration 154 | observed = 254 | selected = 1496 | LD50 raw = 2.3610 | mu = 0.6440 | sigma = 1.1537 | UCB = 2.9053
[seed 11 | ucb] iteration 155 | observed = 255 | selected = 97 | LD50 raw = 2.8820 | mu = 0.7836 | sigma = 1.0810 | UCB = 2.9023
[seed 11 | ucb] iteration 156 | observed = 256 | selected = 1762 | LD50 raw = 4.0270 | mu = 0.6496 | sigma = 1.2019 | UCB = 3.0052
[seed 11 | ucb] iteration 157 | observed = 257 | selected = 1834 | LD50 raw = 3.4920 | mu = 0.9969 | sigma = 1.0728 | UCB = 3.0995
[seed 11 | ucb] iteration 158 | observed = 258 | selected = 1991 | LD50 raw = 1.8270 | mu = 0.8239 | sigma = 1.1347 | UCB = 3.0478
[seed 11 | ucb] iteration 159 | observed = 259 | selected = 1919 | LD50 raw = 2.3660 | mu = 0.6706 | sigma = 1.1595 | UCB = 2.9432
[seed 11 | ucb] iteration 160 | observed = 260 | selected = 1391 | LD50 raw = 2.5920 | mu = 0.3251 | sigma = 1.3063 | UCB = 2.8855
[seed 11 | ucb] iteration 161 | observed = 261 | selected = 2028 | LD50 raw = 1.5660 | mu = 0.3588 | sigma = 1.2853 | UCB = 2.8780
[seed 11 | ucb] iteration 162 | observed = 262 | selected = 40 | LD50 raw = 2.9200 | mu = 0.5762 | sigma = 1.1713 | UCB = 2.8719
[seed 11 | ucb] iteration 163 | observed = 263 | selected = 783 | LD50 raw = 1.8170 | mu = 0.6976 | sigma = 1.1463 | UCB = 2.9444
[seed 11 | ucb] iteration 164 | observed = 264 | selected = 1415 | LD50 raw = 1.8330 | mu = 0.5195 | sigma = 1.1770 | UCB = 2.8264
[seed 11 | ucb] iteration 165 | observed = 265 | selected = 1763 | LD50 raw = 4.3360 | mu = 0.5897 | sigma = 1.1379 | UCB = 2.8200
[seed 11 | ucb] iteration 166 | observed = 266 | selected = 1858 | LD50 raw = 3.5260 | mu = 1.6501 | sigma = 0.8127 | UCB = 3.2430
[seed 11 | ucb] iteration 167 | observed = 267 | selected = 82 | LD50 raw = 2.1900 | mu = 0.8578 | sigma = 1.0673 | UCB = 2.9498
[seed 11 | ucb] iteration 168 | observed = 268 | selected = 1411 | LD50 raw = 2.1670 | mu = 0.4843 | sigma = 1.2199 | UCB = 2.8753
[seed 11 | ucb] iteration 169 | observed = 269 | selected = 1273 | LD50 raw = 4.2800 | mu = 0.3134 | sigma = 1.2745 | UCB = 2.8115
[seed 11 | ucb] iteration 170 | observed = 270 | selected = 325 | LD50 raw = 1.8890 | mu = 0.7915 | sigma = 1.1177 | UCB = 2.9821
[seed 11 | ucb] iteration 171 | observed = 271 | selected = 1989 | LD50 raw = 1.6630 | mu = 0.5530 | sigma = 1.2070 | UCB = 2.9187
[seed 11 | ucb] iteration 172 | observed = 272 | selected = 47 | LD50 raw = 1.4120 | mu = 0.8370 | sigma = 1.0133 | UCB = 2.8230
[seed 11 | ucb] iteration 173 | observed = 273 | selected = 1266 | LD50 raw = 1.8290 | mu = 0.5789 | sigma = 1.1927 | UCB = 2.9167
[seed 11 | ucb] iteration 174 | observed = 274 | selected = 1410 | LD50 raw = 2.4900 | mu = 0.5112 | sigma = 1.2225 | UCB = 2.9073
[seed 11 | ucb] iteration 175 | observed = 275 | selected = 2041 | LD50 raw = 2.1420 | mu = 0.2590 | sigma = 1.3049 | UCB = 2.8166
[seed 11 | ucb] iteration 176 | observed = 276 | selected = 1564 | LD50 raw = 6.0320 | mu = 0.2623 | sigma = 1.2909 | UCB = 2.7925
[seed 11 | ucb] iteration 177 | observed = 277 | selected = 1604 | LD50 raw = 5.2520 | mu = 1.1806 | sigma = 1.2264 | UCB = 3.5843
[seed 11 | ucb] iteration 178 | observed = 278 | selected = 1669 | LD50 raw = 2.2940 | mu = 1.3701 | sigma = 1.1852 | UCB = 3.6931
[seed 11 | ucb] iteration 179 | observed = 279 | selected = 1383 | LD50 raw = 3.1290 | mu = 1.1770 | sigma = 1.1440 | UCB = 3.4193
[seed 11 | ucb] iteration 180 | observed = 280 | selected = 1297 | LD50 raw = 2.9660 | mu = 0.7959 | sigma = 1.2576 | UCB = 3.2608
[seed 11 | ucb] iteration 181 | observed = 281 | selected = 2006 | LD50 raw = 3.1940 | mu = 0.6215 | sigma = 1.2653 | UCB = 3.1016
[seed 11 | ucb] iteration 182 | observed = 282 | selected = 1795 | LD50 raw = 1.5510 | mu = 0.7452 | sigma = 1.1633 | UCB = 3.0253
[seed 11 | ucb] iteration 183 | observed = 283 | selected = 1355 | LD50 raw = 3.0850 | mu = 0.4778 | sigma = 1.2854 | UCB = 2.9972
[seed 11 | ucb] iteration 184 | observed = 284 | selected = 1529 | LD50 raw = 3.8610 | mu = 0.5345 | sigma = 1.2674 | UCB = 3.0186
[seed 11 | ucb] iteration 185 | observed = 285 | selected = 2038 | LD50 raw = 2.2820 | mu = 0.9099 | sigma = 1.1268 | UCB = 3.1184
[seed 11 | ucb] iteration 186 | observed = 286 | selected = 1542 | LD50 raw = 1.9950 | mu = 0.5975 | sigma = 1.2675 | UCB = 3.0818
[seed 11 | ucb] iteration 187 | observed = 287 | selected = 482 | LD50 raw = 3.0590 | mu = 0.5400 | sigma = 1.2297 | UCB = 2.9503
[seed 11 | ucb] iteration 188 | observed = 288 | selected = 1374 | LD50 raw = 3.6120 | mu = 0.5299 | sigma = 1.2112 | UCB = 2.9039
[seed 11 | ucb] iteration 189 | observed = 289 | selected = 1580 | LD50 raw = 1.9320 | mu = 0.4042 | sigma = 1.2677 | UCB = 2.8888
[seed 11 | ucb] iteration 190 | observed = 290 | selected = 1428 | LD50 raw = 5.1700 | mu = 0.6380 | sigma = 1.1371 | UCB = 2.8667
[seed 11 | ucb] iteration 191 | observed = 291 | selected = 1898 | LD50 raw = 2.5890 | mu = 2.2680 | sigma = 0.8040 | UCB = 3.8438
[seed 11 | ucb] iteration 192 | observed = 292 | selected = 1279 | LD50 raw = 2.4750 | mu = 1.0978 | sigma = 1.1293 | UCB = 3.3112
[seed 11 | ucb] iteration 193 | observed = 293 | selected = 1820 | LD50 raw = 1.8590 | mu = 0.6141 | sigma = 1.2075 | UCB = 2.9808
[seed 11 | ucb] iteration 194 | observed = 294 | selected = 1673 | LD50 raw = 1.9750 | mu = 0.4951 | sigma = 1.2802 | UCB = 3.0042
[seed 11 | ucb] iteration 195 | observed = 295 | selected = 1789 | LD50 raw = 2.2710 | mu = 0.9539 | sigma = 1.0256 | UCB = 2.9641
[seed 11 | ucb] iteration 196 | observed = 296 | selected = 2024 | LD50 raw = 2.3770 | mu = 0.3806 | sigma = 1.2723 | UCB = 2.8742
[seed 11 | ucb] iteration 197 | observed = 297 | selected = 1550 | LD50 raw = 2.1340 | mu = 0.3984 | sigma = 1.2831 | UCB = 2.9132
[seed 11 | ucb] iteration 198 | observed = 298 | selected = 1849 | LD50 raw = 2.7990 | mu = 0.5454 | sigma = 1.2061 | UCB = 2.9094
[seed 11 | ucb] iteration 199 | observed = 299 | selected = 156 | LD50 raw = 2.1100 | mu = 0.5275 | sigma = 1.2128 | UCB = 2.9046
[seed 11 | ucb] iteration 200 | observed = 300 | selected = 1993 | LD50 raw = 2.1050 | mu = 0.5972 | sigma = 1.1348 | UCB = 2.8214
[seed 11 | ucb] iteration 201 | observed = 301 | selected = 485 | LD50 raw = 3.3880 | mu = 0.3733 | sigma = 1.2776 | UCB = 2.8774
[seed 11 | ucb] iteration 202 | observed = 302 | selected = 146 | LD50 raw = 1.4550 | mu = 0.5216 | sigma = 1.1744 | UCB = 2.8234
[seed 11 | ucb] iteration 203 | observed = 303 | selected = 1562 | LD50 raw = 2.8790 | mu = 0.3224 | sigma = 1.2627 | UCB = 2.7974
[seed 11 | ucb] iteration 204 | observed = 304 | selected = 361 | LD50 raw = 2.4290 | mu = 0.4106 | sigma = 1.2574 | UCB = 2.8752
[seed 11 | ucb] iteration 205 | observed = 305 | selected = 832 | LD50 raw = 3.3350 | mu = 0.7993 | sigma = 1.0470 | UCB = 2.8514
[seed 11 | ucb] iteration 206 | observed = 306 | selected = 409 | LD50 raw = 2.6780 | mu = 0.4797 | sigma = 1.2094 | UCB = 2.8501
[seed 11 | ucb] iteration 207 | observed = 307 | selected = 1874 | LD50 raw = 2.0400 | mu = 0.7129 | sigma = 1.0537 | UCB = 2.7781
[seed 11 | ucb] iteration 208 | observed = 308 | selected = 989 | LD50 raw = 2.3660 | mu = 0.5922 | sigma = 1.1460 | UCB = 2.8383
[seed 11 | ucb] iteration 209 | observed = 309 | selected = 1606 | LD50 raw = 2.5600 | mu = 0.3622 | sigma = 1.2602 | UCB = 2.8323
[seed 11 | ucb] iteration 210 | observed = 310 | selected = 14 | LD50 raw = 2.3080 | mu = 0.3281 | sigma = 1.2759 | UCB = 2.8289
[seed 11 | ucb] iteration 211 | observed = 311 | selected = 1641 | LD50 raw = 3.0380 | mu = 0.8480 | sigma = 0.9767 | UCB = 2.7623
[seed 11 | ucb] iteration 212 | observed = 312 | selected = 1346 | LD50 raw = 2.9300 | mu = 0.3126 | sigma = 1.2409 | UCB = 2.7449
[seed 11 | ucb] iteration 213 | observed = 313 | selected = 1087 | LD50 raw = 2.3390 | mu = 0.6242 | sigma = 1.0787 | UCB = 2.7384
[seed 11 | ucb] iteration 214 | observed = 314 | selected = 1730 | LD50 raw = 3.4850 | mu = 0.3614 | sigma = 1.2500 | UCB = 2.8113
[seed 11 | ucb] iteration 215 | observed = 315 | selected = 1781 | LD50 raw = 1.0610 | mu = 0.4352 | sigma = 1.1859 | UCB = 2.7596
[seed 11 | ucb] iteration 216 | observed = 316 | selected = 1921 | LD50 raw = 1.4070 | mu = 0.4183 | sigma = 1.1929 | UCB = 2.7564
[seed 11 | ucb] iteration 217 | observed = 317 | selected = 1304 | LD50 raw = 1.7230 | mu = 0.6973 | sigma = 1.0742 | UCB = 2.8027
[seed 11 | ucb] iteration 218 | observed = 318 | selected = 1594 | LD50 raw = 2.1840 | mu = 0.4336 | sigma = 1.1878 | UCB = 2.7617
[seed 11 | ucb] iteration 219 | observed = 319 | selected = 1621 | LD50 raw = 1.4650 | mu = 0.2909 | sigma = 1.2499 | UCB = 2.7406
[seed 11 | ucb] iteration 220 | observed = 320 | selected = 1328 | LD50 raw = 3.3260 | mu = 0.4158 | sigma = 1.1845 | UCB = 2.7373
[seed 11 | ucb] iteration 221 | observed = 321 | selected = 2059 | LD50 raw = 2.1710 | mu = 0.4964 | sigma = 1.1980 | UCB = 2.8445
[seed 11 | ucb] iteration 222 | observed = 322 | selected = 1590 | LD50 raw = 1.4350 | mu = 0.3648 | sigma = 1.2253 | UCB = 2.7664
[seed 11 | ucb] iteration 223 | observed = 323 | selected = 1607 | LD50 raw = 1.6000 | mu = 0.3465 | sigma = 1.2337 | UCB = 2.7645
[seed 11 | ucb] iteration 224 | observed = 324 | selected = 1571 | LD50 raw = 2.0090 | mu = 0.4706 | sigma = 1.1535 | UCB = 2.7314
[seed 11 | ucb] iteration 225 | observed = 325 | selected = 1512 | LD50 raw = 2.5810 | mu = 0.3435 | sigma = 1.2303 | UCB = 2.7550
[seed 11 | ucb] iteration 226 | observed = 326 | selected = 1826 | LD50 raw = 1.5620 | mu = 0.3802 | sigma = 1.1827 | UCB = 2.6983
[seed 11 | ucb] iteration 227 | observed = 327 | selected = 1347 | LD50 raw = 2.5880 | mu = 0.8042 | sigma = 0.9585 | UCB = 2.6829
[seed 11 | ucb] iteration 228 | observed = 328 | selected = 1174 | LD50 raw = 2.6220 | mu = 0.6877 | sigma = 1.0154 | UCB = 2.6779
[seed 11 | ucb] iteration 229 | observed = 329 | selected = 1145 | LD50 raw = 2.3390 | mu = 1.4498 | sigma = 0.6606 | UCB = 2.7446
[seed 11 | ucb] iteration 230 | observed = 330 | selected = 1148 | LD50 raw = 3.0570 | mu = 1.2852 | sigma = 0.7322 | UCB = 2.7203
[seed 11 | ucb] iteration 231 | observed = 331 | selected = 65 | LD50 raw = 5.1880 | mu = 0.9703 | sigma = 0.8754 | UCB = 2.6861
[seed 11 | ucb] iteration 232 | observed = 332 | selected = 1750 | LD50 raw = 3.6640 | mu = 1.8034 | sigma = 0.7090 | UCB = 3.1931
[seed 11 | ucb] iteration 233 | observed = 333 | selected = 155 | LD50 raw = 5.1630 | mu = 1.0126 | sigma = 1.0300 | UCB = 3.0314
[seed 11 | ucb] iteration 234 | observed = 334 | selected = 405 | LD50 raw = 5.1840 | mu = 2.5378 | sigma = 0.7389 | UCB = 3.9861
[seed 11 | ucb] iteration 235 | observed = 335 | selected = 2001 | LD50 raw = 4.4460 | mu = 1.2551 | sigma = 0.9294 | UCB = 3.0768
[seed 11 | ucb] iteration 236 | observed = 336 | selected = 2004 | LD50 raw = 4.5400 | mu = 1.8496 | sigma = 0.7790 | UCB = 3.3765
[seed 11 | ucb] iteration 237 | observed = 337 | selected = 1754 | LD50 raw = 3.3770 | mu = 1.7452 | sigma = 0.6880 | UCB = 3.0937
[seed 11 | ucb] iteration 238 | observed = 338 | selected = 430 | LD50 raw = 4.5790 | mu = 1.1058 | sigma = 0.9931 | UCB = 3.0522
[seed 11 | ucb] iteration 239 | observed = 339 | selected = 431 | LD50 raw = 4.0910 | mu = 1.2457 | sigma = 1.1040 | UCB = 3.4096
[seed 11 | ucb] iteration 240 | observed = 340 | selected = 326 | LD50 raw = 1.7120 | mu = 0.7893 | sigma = 1.1924 | UCB = 3.1264
[seed 11 | ucb] iteration 241 | observed = 341 | selected = 426 | LD50 raw = 3.6980 | mu = 0.9886 | sigma = 1.0325 | UCB = 3.0124
[seed 11 | ucb] iteration 242 | observed = 342 | selected = 1515 | LD50 raw = 3.1830 | mu = 0.9220 | sigma = 1.0335 | UCB = 2.9477
[seed 11 | ucb] iteration 243 | observed = 343 | selected = 344 | LD50 raw = 2.1320 | mu = 0.8625 | sigma = 1.0955 | UCB = 3.0096
[seed 11 | ucb] iteration 244 | observed = 344 | selected = 1798 | LD50 raw = 1.9890 | mu = 0.5048 | sigma = 1.1768 | UCB = 2.8113
[seed 11 | ucb] iteration 245 | observed = 345 | selected = 1947 | LD50 raw = 2.5000 | mu = 0.7379 | sigma = 1.1006 | UCB = 2.8950
[seed 11 | ucb] iteration 246 | observed = 346 | selected = 1135 | LD50 raw = 1.5300 | mu = 0.5533 | sigma = 1.1163 | UCB = 2.7412
[seed 11 | ucb] iteration 247 | observed = 347 | selected = 525 | LD50 raw = 1.8340 | mu = 0.5168 | sigma = 1.1533 | UCB = 2.7772
[seed 11 | ucb] iteration 248 | observed = 348 | selected = 1765 | LD50 raw = 3.0910 | mu = 0.4576 | sigma = 1.1248 | UCB = 2.6622
[seed 11 | ucb] iteration 249 | observed = 349 | selected = 1294 | LD50 raw = 1.9820 | mu = 0.2776 | sigma = 1.2614 | UCB = 2.7499
[seed 11 | ucb] iteration 250 | observed = 350 | selected = 1322 | LD50 raw = 2.6320 | mu = 0.2463 | sigma = 1.2254 | UCB = 2.6481
[seed 11 | ucb] iteration 251 | observed = 351 | selected = 1444 | LD50 raw = 2.3180 | mu = 0.5264 | sigma = 1.1182 | UCB = 2.7181
[seed 11 | ucb] iteration 252 | observed = 352 | selected = 341 | LD50 raw = 3.6960 | mu = 1.0457 | sigma = 0.8147 | UCB = 2.6425
[seed 11 | ucb] iteration 253 | observed = 353 | selected = 1372 | LD50 raw = 2.0440 | mu = 0.2578 | sigma = 1.2515 | UCB = 2.7107
[seed 11 | ucb] iteration 254 | observed = 354 | selected = 1017 | LD50 raw = 3.1780 | mu = 0.6711 | sigma = 0.9914 | UCB = 2.6142
[seed 11 | ucb] iteration 255 | observed = 355 | selected = 1146 | LD50 raw = 3.5820 | mu = 0.9286 | sigma = 0.8569 | UCB = 2.6080
[seed 11 | ucb] iteration 256 | observed = 356 | selected = 1160 | LD50 raw = 3.4190 | mu = 0.9690 | sigma = 0.8659 | UCB = 2.6661
[seed 11 | ucb] iteration 257 | observed = 357 | selected = 1063 | LD50 raw = 1.7350 | mu = 0.9556 | sigma = 0.8322 | UCB = 2.5868
[seed 11 | ucb] iteration 258 | observed = 358 | selected = 1320 | LD50 raw = 4.2260 | mu = 0.4822 | sigma = 1.1192 | UCB = 2.6759
[seed 11 | ucb] iteration 259 | observed = 359 | selected = 1319 | LD50 raw = 3.4950 | mu = 0.9896 | sigma = 1.0162 | UCB = 2.9814
[seed 11 | ucb] iteration 260 | observed = 360 | selected = 1315 | LD50 raw = 2.9800 | mu = 0.8950 | sigma = 1.0240 | UCB = 2.9020
[seed 11 | ucb] iteration 261 | observed = 361 | selected = 2048 | LD50 raw = 3.6870 | mu = 0.3045 | sigma = 1.2252 | UCB = 2.7059
[seed 11 | ucb] iteration 262 | observed = 362 | selected = 1192 | LD50 raw = 3.8290 | mu = 0.5080 | sigma = 1.2148 | UCB = 2.8891
[seed 11 | ucb] iteration 263 | observed = 363 | selected = 1316 | LD50 raw = 3.0720 | mu = 0.5766 | sigma = 1.2010 | UCB = 2.9305
[seed 11 | ucb] iteration 264 | observed = 364 | selected = 1317 | LD50 raw = 4.2880 | mu = 0.6911 | sigma = 1.1199 | UCB = 2.8862
[seed 11 | ucb] iteration 265 | observed = 365 | selected = 1193 | LD50 raw = 3.7770 | mu = 1.7289 | sigma = 0.6284 | UCB = 2.9605
[seed 11 | ucb] iteration 266 | observed = 366 | selected = 2016 | LD50 raw = 3.5920 | mu = 0.4285 | sigma = 1.1917 | UCB = 2.7643
[seed 11 | ucb] iteration 267 | observed = 367 | selected = 1572 | LD50 raw = 2.6510 | mu = 0.4683 | sigma = 1.1522 | UCB = 2.7266
[seed 11 | ucb] iteration 268 | observed = 368 | selected = 2015 | LD50 raw = 3.8580 | mu = 0.5821 | sigma = 1.0731 | UCB = 2.6854
[seed 11 | ucb] iteration 269 | observed = 369 | selected = 1205 | LD50 raw = 2.9230 | mu = 0.3579 | sigma = 1.2176 | UCB = 2.7443
[seed 11 | ucb] iteration 270 | observed = 370 | selected = 2037 | LD50 raw = 2.3730 | mu = 0.6143 | sigma = 1.0767 | UCB = 2.7246
[seed 11 | ucb] iteration 271 | observed = 371 | selected = 1373 | LD50 raw = 1.4630 | mu = 0.4237 | sigma = 1.2006 | UCB = 2.7768
[seed 11 | ucb] iteration 272 | observed = 372 | selected = 1608 | LD50 raw = 1.8300 | mu = 0.4003 | sigma = 1.1311 | UCB = 2.6173
[seed 11 | ucb] iteration 273 | observed = 373 | selected = 1324 | LD50 raw = 2.3740 | mu = 0.2884 | sigma = 1.2247 | UCB = 2.6889
[seed 11 | ucb] iteration 274 | observed = 374 | selected = 2060 | LD50 raw = 1.8510 | mu = 0.1712 | sigma = 1.2422 | UCB = 2.6059
[seed 11 | ucb] iteration 275 | observed = 375 | selected = 1212 | LD50 raw = 1.8600 | mu = 0.1841 | sigma = 1.2235 | UCB = 2.5821
[seed 11 | ucb] iteration 276 | observed = 376 | selected = 1011 | LD50 raw = 4.0290 | mu = 0.8450 | sigma = 0.8738 | UCB = 2.5577
[seed 11 | ucb] iteration 277 | observed = 377 | selected = 1082 | LD50 raw = 1.6280 | mu = 0.3119 | sigma = 1.1477 | UCB = 2.5614
[seed 11 | ucb] iteration 278 | observed = 378 | selected = 1330 | LD50 raw = 2.0050 | mu = 0.1986 | sigma = 1.1997 | UCB = 2.5501
[seed 11 | ucb] iteration 279 | observed = 379 | selected = 1371 | LD50 raw = 1.4750 | mu = 0.3189 | sigma = 1.1740 | UCB = 2.6199
[seed 11 | ucb] iteration 280 | observed = 380 | selected = 526 | LD50 raw = 2.1230 | mu = 0.1432 | sigma = 1.2193 | UCB = 2.5330
[seed 11 | ucb] iteration 281 | observed = 381 | selected = 679 | LD50 raw = 4.4460 | mu = 0.7947 | sigma = 0.8834 | UCB = 2.5261
[seed 11 | ucb] iteration 282 | observed = 382 | selected = 905 | LD50 raw = 1.6710 | mu = 0.8140 | sigma = 0.9147 | UCB = 2.6067
[seed 11 | ucb] iteration 283 | observed = 383 | selected = 443 | LD50 raw = 2.1110 | mu = 0.2056 | sigma = 1.2070 | UCB = 2.5713
[seed 11 | ucb] iteration 284 | observed = 384 | selected = 1390 | LD50 raw = 1.7450 | mu = 0.2569 | sigma = 1.1653 | UCB = 2.5409
[seed 11 | ucb] iteration 285 | observed = 385 | selected = 1575 | LD50 raw = 2.0590 | mu = 0.2823 | sigma = 1.1900 | UCB = 2.6146
[seed 11 | ucb] iteration 286 | observed = 386 | selected = 1859 | LD50 raw = 3.5270 | mu = 0.1789 | sigma = 1.2407 | UCB = 2.6107
[seed 11 | ucb] iteration 287 | observed = 387 | selected = 279 | LD50 raw = 3.7450 | mu = 0.1132 | sigma = 1.2476 | UCB = 2.5586
[seed 11 | ucb] iteration 288 | observed = 388 | selected = 503 | LD50 raw = 3.6720 | mu = 1.1010 | sigma = 0.8803 | UCB = 2.8264
[seed 11 | ucb] iteration 289 | observed = 389 | selected = 200 | LD50 raw = 2.4240 | mu = 0.3760 | sigma = 1.2052 | UCB = 2.7382
[seed 11 | ucb] iteration 290 | observed = 390 | selected = 2074 | LD50 raw = 2.2350 | mu = 0.4139 | sigma = 1.1731 | UCB = 2.7131
[seed 11 | ucb] iteration 291 | observed = 391 | selected = 295 | LD50 raw = 3.5880 | mu = 0.4092 | sigma = 1.1516 | UCB = 2.6663
[seed 11 | ucb] iteration 292 | observed = 392 | selected = 333 | LD50 raw = 2.0310 | mu = 0.5551 | sigma = 1.1166 | UCB = 2.7436
[seed 11 | ucb] iteration 293 | observed = 393 | selected = 275 | LD50 raw = 2.5740 | mu = 0.3924 | sigma = 1.2096 | UCB = 2.7633
[seed 11 | ucb] iteration 294 | observed = 394 | selected = 254 | LD50 raw = 3.9830 | mu = 1.1428 | sigma = 0.7450 | UCB = 2.6031
[seed 11 | ucb] iteration 295 | observed = 395 | selected = 67 | LD50 raw = 3.8480 | mu = 0.2408 | sigma = 1.1711 | UCB = 2.5361
[seed 11 | ucb] iteration 296 | observed = 396 | selected = 1475 | LD50 raw = 4.1680 | mu = 0.3461 | sigma = 1.1592 | UCB = 2.6183
[seed 11 | ucb] iteration 297 | observed = 397 | selected = 481 | LD50 raw = 2.0610 | mu = 0.6386 | sigma = 1.0455 | UCB = 2.6877
[seed 11 | ucb] iteration 298 | observed = 398 | selected = 1247 | LD50 raw = 3.5350 | mu = 0.8058 | sigma = 0.9372 | UCB = 2.6427
[seed 11 | ucb] iteration 299 | observed = 399 | selected = 1202 | LD50 raw = 2.4400 | mu = 0.7644 | sigma = 0.9835 | UCB = 2.6921
[seed 11 | pareto] iteration 000 | observed = 100 | selected = 1356 | LD50 raw = 4.0470 | mu = 0.9485 | sigma = 0.8994 | UCB = 2.7114
[seed 11 | pareto] iteration 001 | observed = 101 | selected = 1546 | LD50 raw = 4.3540 | mu = 1.0712 | sigma = 0.8538 | UCB = 2.7446
[seed 11 | pareto] iteration 002 | observed = 102 | selected = 1323 | LD50 raw = 3.1990 | mu = 1.1130 | sigma = 0.8955 | UCB = 2.8681
[seed 11 | pareto] iteration 003 | observed = 103 | selected = 785 | LD50 raw = 2.3970 | mu = 1.1207 | sigma = 0.8339 | UCB = 2.7552
[seed 11 | pareto] iteration 004 | observed = 104 | selected = 1513 | LD50 raw = 2.2070 | mu = 1.7630 | sigma = 0.7309 | UCB = 3.1954
[seed 11 | pareto] iteration 005 | observed = 105 | selected = 1024 | LD50 raw = 4.4320 | mu = 0.7303 | sigma = 0.8647 | UCB = 2.4251
[seed 11 | pareto] iteration 006 | observed = 106 | selected = 1556 | LD50 raw = 1.5360 | mu = 0.9733 | sigma = 0.9650 | UCB = 2.8647
[seed 11 | pareto] iteration 007 | observed = 107 | selected = 1252 | LD50 raw = 1.9660 | mu = 0.8846 | sigma = 0.9614 | UCB = 2.7689
[seed 11 | pareto] iteration 008 | observed = 108 | selected = 1049 | LD50 raw = 2.9720 | mu = 1.2089 | sigma = 0.8117 | UCB = 2.7999
[seed 11 | pareto] iteration 009 | observed = 109 | selected = 1172 | LD50 raw = 3.1400 | mu = 0.7554 | sigma = 0.8768 | UCB = 2.4739
[seed 11 | pareto] iteration 010 | observed = 110 | selected = 648 | LD50 raw = 2.6200 | mu = 0.7148 | sigma = 0.9076 | UCB = 2.4937
[seed 11 | pareto] iteration 011 | observed = 111 | selected = 2062 | LD50 raw = 2.5000 | mu = 0.7334 | sigma = 0.9738 | UCB = 2.6420
[seed 11 | pareto] iteration 012 | observed = 112 | selected = 1174 | LD50 raw = 2.6220 | mu = 0.6567 | sigma = 0.8900 | UCB = 2.4011
[seed 11 | pareto] iteration 013 | observed = 113 | selected = 1260 | LD50 raw = 1.2160 | mu = 0.6206 | sigma = 0.8919 | UCB = 2.3687
[seed 11 | pareto] iteration 014 | observed = 114 | selected = 1501 | LD50 raw = 2.6460 | mu = 0.6163 | sigma = 0.8777 | UCB = 2.3366
[seed 11 | pareto] iteration 015 | observed = 115 | selected = 1240 | LD50 raw = 3.6900 | mu = 0.6024 | sigma = 0.9662 | UCB = 2.4961
[seed 11 | pareto] iteration 016 | observed = 116 | selected = 989 | LD50 raw = 2.3660 | mu = 0.6707 | sigma = 1.0008 | UCB = 2.6322
[seed 11 | pareto] iteration 017 | observed = 117 | selected = 1277 | LD50 raw = 1.7500 | mu = 0.6654 | sigma = 0.9588 | UCB = 2.5446
[seed 11 | pareto] iteration 018 | observed = 118 | selected = 181 | LD50 raw = 2.6270 | mu = 0.7054 | sigma = 0.8429 | UCB = 2.3575
[seed 11 | pareto] iteration 019 | observed = 119 | selected = 907 | LD50 raw = 2.2800 | mu = 0.7010 | sigma = 0.9060 | UCB = 2.4767
[seed 11 | pareto] iteration 020 | observed = 120 | selected = 1888 | LD50 raw = 1.9210 | mu = 0.5262 | sigma = 0.9508 | UCB = 2.3898
[seed 11 | pareto] iteration 021 | observed = 121 | selected = 1694 | LD50 raw = 4.6930 | mu = 0.6739 | sigma = 0.8795 | UCB = 2.3976
[seed 11 | pareto] iteration 022 | observed = 122 | selected = 1196 | LD50 raw = 3.6140 | mu = 1.3543 | sigma = 0.8411 | UCB = 3.0028
[seed 11 | pareto] iteration 023 | observed = 123 | selected = 1693 | LD50 raw = 4.6560 | mu = 0.6822 | sigma = 0.9504 | UCB = 2.5450
[seed 11 | pareto] iteration 024 | observed = 124 | selected = 1237 | LD50 raw = 1.7030 | mu = 0.8156 | sigma = 1.0278 | UCB = 2.8301
[seed 11 | pareto] iteration 025 | observed = 125 | selected = 1247 | LD50 raw = 3.5350 | mu = 1.0487 | sigma = 0.9167 | UCB = 2.8455
[seed 11 | pareto] iteration 026 | observed = 126 | selected = 1686 | LD50 raw = 2.9080 | mu = 0.6585 | sigma = 0.9776 | UCB = 2.5745
[seed 11 | pareto] iteration 027 | observed = 127 | selected = 1202 | LD50 raw = 2.4400 | mu = 0.7621 | sigma = 0.9121 | UCB = 2.5498
[seed 11 | pareto] iteration 028 | observed = 128 | selected = 1810 | LD50 raw = 1.2540 | mu = 0.6275 | sigma = 0.9494 | UCB = 2.4882
[seed 11 | pareto] iteration 029 | observed = 129 | selected = 403 | LD50 raw = 3.0660 | mu = 0.5918 | sigma = 0.9815 | UCB = 2.5154
[seed 11 | pareto] iteration 030 | observed = 130 | selected = 1615 | LD50 raw = 2.3190 | mu = 0.6530 | sigma = 0.8995 | UCB = 2.4161
[seed 11 | pareto] iteration 031 | observed = 131 | selected = 154 | LD50 raw = 4.7030 | mu = 0.6556 | sigma = 0.9512 | UCB = 2.5201
[seed 11 | pareto] iteration 032 | observed = 132 | selected = 318 | LD50 raw = 2.5960 | mu = 1.0769 | sigma = 0.9286 | UCB = 2.8969
[seed 11 | pareto] iteration 033 | observed = 133 | selected = 397 | LD50 raw = 3.2630 | mu = 1.0692 | sigma = 0.8983 | UCB = 2.8297
[seed 11 | pareto] iteration 034 | observed = 134 | selected = 412 | LD50 raw = 3.8170 | mu = 1.0794 | sigma = 0.9255 | UCB = 2.8933
[seed 11 | pareto] iteration 035 | observed = 135 | selected = 341 | LD50 raw = 3.6960 | mu = 0.9221 | sigma = 0.9185 | UCB = 2.7224
[seed 11 | pareto] iteration 036 | observed = 136 | selected = 1248 | LD50 raw = 4.8960 | mu = 0.6445 | sigma = 1.0186 | UCB = 2.6409
[seed 11 | pareto] iteration 037 | observed = 137 | selected = 144 | LD50 raw = 2.9980 | mu = 1.2691 | sigma = 0.8701 | UCB = 2.9744
[seed 11 | pareto] iteration 038 | observed = 138 | selected = 40 | LD50 raw = 2.9200 | mu = 0.9600 | sigma = 1.0279 | UCB = 2.9747
[seed 11 | pareto] iteration 039 | observed = 139 | selected = 1641 | LD50 raw = 3.0380 | mu = 0.6921 | sigma = 1.0534 | UCB = 2.7569
[seed 11 | pareto] iteration 040 | observed = 140 | selected = 1195 | LD50 raw = 3.6360 | mu = 1.4626 | sigma = 0.7808 | UCB = 2.9930
[seed 11 | pareto] iteration 041 | observed = 141 | selected = 406 | LD50 raw = 4.3470 | mu = 0.7514 | sigma = 0.9514 | UCB = 2.6162
[seed 11 | pareto] iteration 042 | observed = 142 | selected = 1097 | LD50 raw = 5.2250 | mu = 1.0657 | sigma = 1.0055 | UCB = 3.0366
[seed 11 | pareto] iteration 043 | observed = 143 | selected = 1154 | LD50 raw = 5.2560 | mu = 1.4362 | sigma = 0.9679 | UCB = 3.3332
[seed 11 | pareto] iteration 044 | observed = 144 | selected = 1151 | LD50 raw = 3.1830 | mu = 1.1337 | sigma = 1.0787 | UCB = 3.2480
[seed 11 | pareto] iteration 045 | observed = 145 | selected = 1028 | LD50 raw = 4.4710 | mu = 1.6656 | sigma = 0.9588 | UCB = 3.5447
[seed 11 | pareto] iteration 046 | observed = 146 | selected = 2021 | LD50 raw = 3.4170 | mu = 1.3456 | sigma = 0.9947 | UCB = 3.2953
[seed 11 | pareto] iteration 047 | observed = 147 | selected = 1076 | LD50 raw = 4.9250 | mu = 1.6954 | sigma = 0.9205 | UCB = 3.4995
[seed 11 | pareto] iteration 048 | observed = 148 | selected = 1090 | LD50 raw = 4.5250 | mu = 1.8197 | sigma = 0.9027 | UCB = 3.5890
[seed 11 | pareto] iteration 049 | observed = 149 | selected = 1093 | LD50 raw = 3.2400 | mu = 1.6345 | sigma = 0.8857 | UCB = 3.3705
[seed 11 | pareto] iteration 050 | observed = 150 | selected = 685 | LD50 raw = 3.5740 | mu = 1.3677 | sigma = 0.9115 | UCB = 3.1543
[seed 11 | pareto] iteration 051 | observed = 151 | selected = 415 | LD50 raw = 2.3590 | mu = 1.3810 | sigma = 0.8979 | UCB = 3.1409
[seed 11 | pareto] iteration 052 | observed = 152 | selected = 1321 | LD50 raw = 3.6960 | mu = 1.7642 | sigma = 0.8401 | UCB = 3.4108
[seed 11 | pareto] iteration 053 | observed = 153 | selected = 1496 | LD50 raw = 2.3610 | mu = 0.9491 | sigma = 1.0080 | UCB = 2.9248
[seed 11 | pareto] iteration 054 | observed = 154 | selected = 1084 | LD50 raw = 3.8530 | mu = 1.4558 | sigma = 0.9044 | UCB = 3.2284
[seed 11 | pareto] iteration 055 | observed = 155 | selected = 1159 | LD50 raw = 5.4150 | mu = 1.8259 | sigma = 0.8232 | UCB = 3.4393
[seed 11 | pareto] iteration 056 | observed = 156 | selected = 951 | LD50 raw = 5.7640 | mu = 1.4460 | sigma = 0.9414 | UCB = 3.2911
[seed 11 | pareto] iteration 057 | observed = 157 | selected = 1075 | LD50 raw = 2.9250 | mu = 1.7722 | sigma = 0.8742 | UCB = 3.4857
[seed 11 | pareto] iteration 058 | observed = 158 | selected = 904 | LD50 raw = 4.6420 | mu = 1.3645 | sigma = 0.9243 | UCB = 3.1760
[seed 11 | pareto] iteration 059 | observed = 159 | selected = 926 | LD50 raw = 5.6580 | mu = 1.3867 | sigma = 1.0113 | UCB = 3.3688
[seed 11 | pareto] iteration 060 | observed = 160 | selected = 886 | LD50 raw = 4.5660 | mu = 1.6628 | sigma = 1.0288 | UCB = 3.6792
[seed 11 | pareto] iteration 061 | observed = 161 | selected = 1048 | LD50 raw = 1.8510 | mu = 1.8025 | sigma = 0.9365 | UCB = 3.6380
[seed 11 | pareto] iteration 062 | observed = 162 | selected = 1015 | LD50 raw = 2.7030 | mu = 1.3213 | sigma = 1.0639 | UCB = 3.4065
[seed 11 | pareto] iteration 063 | observed = 163 | selected = 1073 | LD50 raw = 4.0260 | mu = 1.6393 | sigma = 0.9681 | UCB = 3.5368
[seed 11 | pareto] iteration 064 | observed = 164 | selected = 905 | LD50 raw = 1.6710 | mu = 1.2869 | sigma = 1.0392 | UCB = 3.3237
[seed 11 | pareto] iteration 065 | observed = 165 | selected = 1023 | LD50 raw = 1.4520 | mu = 1.5178 | sigma = 0.9856 | UCB = 3.4496
[seed 11 | pareto] iteration 066 | observed = 166 | selected = 1692 | LD50 raw = 4.4760 | mu = 2.3139 | sigma = 0.8525 | UCB = 3.9848
[seed 11 | pareto] iteration 067 | observed = 167 | selected = 884 | LD50 raw = 3.0130 | mu = 1.4795 | sigma = 0.9798 | UCB = 3.3999
[seed 11 | pareto] iteration 068 | observed = 168 | selected = 1098 | LD50 raw = 3.8630 | mu = 2.6300 | sigma = 0.7986 | UCB = 4.1952
[seed 11 | pareto] iteration 069 | observed = 169 | selected = 2075 | LD50 raw = 2.5180 | mu = 0.7316 | sigma = 1.2225 | UCB = 3.1276
[seed 11 | pareto] iteration 070 | observed = 170 | selected = 1166 | LD50 raw = 4.8090 | mu = 3.0391 | sigma = 0.7581 | UCB = 4.5250
[seed 11 | pareto] iteration 071 | observed = 171 | selected = 1069 | LD50 raw = 4.6110 | mu = 2.6523 | sigma = 0.7628 | UCB = 4.1474
[seed 11 | pareto] iteration 072 | observed = 172 | selected = 1611 | LD50 raw = 3.8950 | mu = 1.5030 | sigma = 0.9288 | UCB = 3.3235
[seed 11 | pareto] iteration 073 | observed = 173 | selected = 1000 | LD50 raw = 5.2360 | mu = 2.4659 | sigma = 0.7415 | UCB = 3.9192
[seed 11 | pareto] iteration 074 | observed = 174 | selected = 724 | LD50 raw = 2.2440 | mu = 1.4743 | sigma = 0.9145 | UCB = 3.2668
[seed 11 | pareto] iteration 075 | observed = 175 | selected = 695 | LD50 raw = 5.4660 | mu = 1.2256 | sigma = 0.9950 | UCB = 3.1757
[seed 11 | pareto] iteration 076 | observed = 176 | selected = 1897 | LD50 raw = 4.1040 | mu = 1.3557 | sigma = 1.1481 | UCB = 3.6060
[seed 11 | pareto] iteration 077 | observed = 177 | selected = 1578 | LD50 raw = 2.8890 | mu = 1.3724 | sigma = 1.0885 | UCB = 3.5058
[seed 11 | pareto] iteration 078 | observed = 178 | selected = 1303 | LD50 raw = 2.5500 | mu = 1.1212 | sigma = 1.1177 | UCB = 3.3119
[seed 11 | pareto] iteration 079 | observed = 179 | selected = 605 | LD50 raw = 4.4100 | mu = 2.3436 | sigma = 0.8071 | UCB = 3.9254
[seed 11 | pareto] iteration 080 | observed = 180 | selected = 1092 | LD50 raw = 3.6780 | mu = 1.5148 | sigma = 0.9761 | UCB = 3.4281
[seed 11 | pareto] iteration 081 | observed = 181 | selected = 990 | LD50 raw = 3.2890 | mu = 1.1869 | sigma = 1.0811 | UCB = 3.3058
[seed 11 | pareto] iteration 082 | observed = 182 | selected = 1063 | LD50 raw = 1.7350 | mu = 1.5364 | sigma = 0.8726 | UCB = 3.2466
[seed 11 | pareto] iteration 083 | observed = 183 | selected = 305 | LD50 raw = 4.3530 | mu = 0.9164 | sigma = 1.1550 | UCB = 3.1802
[seed 11 | pareto] iteration 084 | observed = 184 | selected = 250 | LD50 raw = 4.0820 | mu = 1.3924 | sigma = 1.0635 | UCB = 3.4769
[seed 11 | pareto] iteration 085 | observed = 185 | selected = 302 | LD50 raw = 2.0980 | mu = 1.4706 | sigma = 0.9945 | UCB = 3.4198
[seed 11 | pareto] iteration 086 | observed = 186 | selected = 310 | LD50 raw = 2.1650 | mu = 1.0378 | sigma = 1.1629 | UCB = 3.3171
[seed 11 | pareto] iteration 087 | observed = 187 | selected = 2056 | LD50 raw = 2.8430 | mu = 0.7318 | sigma = 1.3038 | UCB = 3.2873
[seed 11 | pareto] iteration 088 | observed = 188 | selected = 999 | LD50 raw = 2.8390 | mu = 0.6512 | sigma = 1.1886 | UCB = 2.9808
[seed 11 | pareto] iteration 089 | observed = 189 | selected = 684 | LD50 raw = 4.9430 | mu = 2.0583 | sigma = 0.7973 | UCB = 3.6210
[seed 11 | pareto] iteration 090 | observed = 190 | selected = 304 | LD50 raw = 3.8410 | mu = 2.0483 | sigma = 0.7898 | UCB = 3.5962
[seed 11 | pareto] iteration 091 | observed = 191 | selected = 1161 | LD50 raw = 4.0860 | mu = 1.1225 | sigma = 1.0387 | UCB = 3.1584
[seed 11 | pareto] iteration 092 | observed = 192 | selected = 541 | LD50 raw = 2.3470 | mu = 0.9486 | sigma = 1.1501 | UCB = 3.2029
[seed 11 | pareto] iteration 093 | observed = 193 | selected = 1805 | LD50 raw = 4.7100 | mu = 2.3443 | sigma = 0.7176 | UCB = 3.7508
[seed 11 | pareto] iteration 094 | observed = 194 | selected = 309 | LD50 raw = 3.4410 | mu = 0.7920 | sigma = 1.2200 | UCB = 3.1833
[seed 11 | pareto] iteration 095 | observed = 195 | selected = 430 | LD50 raw = 4.5790 | mu = 0.9653 | sigma = 1.0611 | UCB = 3.0450
[seed 11 | pareto] iteration 096 | observed = 196 | selected = 431 | LD50 raw = 4.0910 | mu = 1.2967 | sigma = 1.1168 | UCB = 3.4856
[seed 11 | pareto] iteration 097 | observed = 197 | selected = 344 | LD50 raw = 2.1320 | mu = 1.0355 | sigma = 1.1216 | UCB = 3.2338
[seed 11 | pareto] iteration 098 | observed = 198 | selected = 2001 | LD50 raw = 4.4460 | mu = 1.1533 | sigma = 0.9999 | UCB = 3.1132
[seed 11 | pareto] iteration 099 | observed = 199 | selected = 65 | LD50 raw = 5.1880 | mu = 1.6143 | sigma = 0.8592 | UCB = 3.2983
[seed 11 | pareto] iteration 100 | observed = 200 | selected = 1834 | LD50 raw = 3.4920 | mu = 0.9645 | sigma = 1.1671 | UCB = 3.2520
[seed 11 | pareto] iteration 101 | observed = 201 | selected = 2019 | LD50 raw = 2.0730 | mu = 0.9753 | sigma = 1.1550 | UCB = 3.2391
[seed 11 | pareto] iteration 102 | observed = 202 | selected = 426 | LD50 raw = 3.6980 | mu = 1.1569 | sigma = 0.9849 | UCB = 3.0873
[seed 11 | pareto] iteration 103 | observed = 203 | selected = 1762 | LD50 raw = 4.0270 | mu = 0.8882 | sigma = 1.1457 | UCB = 3.1337
[seed 11 | pareto] iteration 104 | observed = 204 | selected = 1991 | LD50 raw = 1.8270 | mu = 0.9671 | sigma = 1.1845 | UCB = 3.2887
[seed 11 | pareto] iteration 105 | observed = 205 | selected = 355 | LD50 raw = 3.3680 | mu = 1.0510 | sigma = 1.0609 | UCB = 3.1304
[seed 11 | pareto] iteration 106 | observed = 206 | selected = 549 | LD50 raw = 1.9010 | mu = 0.7275 | sigma = 1.2570 | UCB = 3.1912
[seed 11 | pareto] iteration 107 | observed = 207 | selected = 1492 | LD50 raw = 4.4410 | mu = 1.1344 | sigma = 1.0642 | UCB = 3.2202
[seed 11 | pareto] iteration 108 | observed = 208 | selected = 531 | LD50 raw = 3.9460 | mu = 1.4346 | sigma = 0.8729 | UCB = 3.1454
[seed 11 | pareto] iteration 109 | observed = 209 | selected = 1748 | LD50 raw = 2.2110 | mu = 0.8443 | sigma = 1.1100 | UCB = 3.0199
[seed 11 | pareto] iteration 110 | observed = 210 | selected = 631 | LD50 raw = 2.3670 | mu = 0.7044 | sigma = 1.2171 | UCB = 3.0899
[seed 11 | pareto] iteration 111 | observed = 211 | selected = 1012 | LD50 raw = 4.5370 | mu = 2.4564 | sigma = 0.6851 | UCB = 3.7992
[seed 11 | pareto] iteration 112 | observed = 212 | selected = 155 | LD50 raw = 5.1630 | mu = 0.9749 | sigma = 1.0109 | UCB = 2.9561
[seed 11 | pareto] iteration 113 | observed = 213 | selected = 405 | LD50 raw = 5.1840 | mu = 2.4842 | sigma = 0.7598 | UCB = 3.9734
[seed 11 | pareto] iteration 114 | observed = 214 | selected = 484 | LD50 raw = 4.6410 | mu = 1.0710 | sigma = 1.1393 | UCB = 3.3039
[seed 11 | pareto] iteration 115 | observed = 215 | selected = 409 | LD50 raw = 2.6780 | mu = 2.1101 | sigma = 0.8264 | UCB = 3.7297
[seed 11 | pareto] iteration 116 | observed = 216 | selected = 1947 | LD50 raw = 2.5000 | mu = 1.5521 | sigma = 1.0267 | UCB = 3.5645
[seed 11 | pareto] iteration 117 | observed = 217 | selected = 421 | LD50 raw = 2.5190 | mu = 1.9531 | sigma = 0.7640 | UCB = 3.4506
[seed 11 | pareto] iteration 118 | observed = 218 | selected = 326 | LD50 raw = 1.7120 | mu = 0.9253 | sigma = 1.1751 | UCB = 3.2285
[seed 11 | pareto] iteration 119 | observed = 219 | selected = 347 | LD50 raw = 3.8650 | mu = 0.9429 | sigma = 1.1185 | UCB = 3.1350
[seed 11 | pareto] iteration 120 | observed = 220 | selected = 1658 | LD50 raw = 2.5370 | mu = 0.9672 | sigma = 1.1330 | UCB = 3.1879
[seed 11 | pareto] iteration 121 | observed = 221 | selected = 1361 | LD50 raw = 2.2000 | mu = 0.7270 | sigma = 1.1545 | UCB = 2.9898
[seed 11 | pareto] iteration 122 | observed = 222 | selected = 2022 | LD50 raw = 3.9510 | mu = 1.3296 | sigma = 1.0054 | UCB = 3.3002
[seed 11 | pareto] iteration 123 | observed = 223 | selected = 87 | LD50 raw = 2.9550 | mu = 0.9721 | sigma = 1.1726 | UCB = 3.2703
[seed 11 | pareto] iteration 124 | observed = 224 | selected = 1754 | LD50 raw = 3.3770 | mu = 1.9972 | sigma = 0.7554 | UCB = 3.4778
[seed 11 | pareto] iteration 125 | observed = 225 | selected = 833 | LD50 raw = 1.6080 | mu = 0.9888 | sigma = 1.0918 | UCB = 3.1288
[seed 11 | pareto] iteration 126 | observed = 226 | selected = 1585 | LD50 raw = 4.2210 | mu = 0.7291 | sigma = 1.1818 | UCB = 3.0454
[seed 11 | pareto] iteration 127 | observed = 227 | selected = 1179 | LD50 raw = 2.4180 | mu = 1.1766 | sigma = 0.9614 | UCB = 3.0610
[seed 11 | pareto] iteration 128 | observed = 228 | selected = 1733 | LD50 raw = 3.0990 | mu = 0.8101 | sigma = 1.2837 | UCB = 3.3261
[seed 11 | pareto] iteration 129 | observed = 229 | selected = 38 | LD50 raw = 1.4560 | mu = 1.2352 | sigma = 0.9237 | UCB = 3.0457
[seed 11 | pareto] iteration 130 | observed = 230 | selected = 1199 | LD50 raw = 2.4350 | mu = 0.6451 | sigma = 1.2862 | UCB = 3.1661
[seed 11 | pareto] iteration 131 | observed = 231 | selected = 134 | LD50 raw = 2.7810 | mu = 0.6901 | sigma = 1.2222 | UCB = 3.0857
[seed 11 | pareto] iteration 132 | observed = 232 | selected = 1194 | LD50 raw = 3.0210 | mu = 0.5854 | sigma = 1.3452 | UCB = 3.2219
[seed 11 | pareto] iteration 133 | observed = 233 | selected = 1384 | LD50 raw = 1.7320 | mu = 0.3995 | sigma = 1.2707 | UCB = 2.8900
[seed 11 | pareto] iteration 134 | observed = 234 | selected = 1243 | LD50 raw = 1.7800 | mu = 0.6928 | sigma = 1.1112 | UCB = 2.8707
[seed 11 | pareto] iteration 135 | observed = 235 | selected = 424 | LD50 raw = 3.8800 | mu = 1.3649 | sigma = 0.8801 | UCB = 3.0899
[seed 11 | pareto] iteration 136 | observed = 236 | selected = 2004 | LD50 raw = 4.5400 | mu = 2.0033 | sigma = 0.7307 | UCB = 3.4355
[seed 11 | pareto] iteration 137 | observed = 237 | selected = 1515 | LD50 raw = 3.1830 | mu = 1.2948 | sigma = 1.0238 | UCB = 3.3016
[seed 11 | pareto] iteration 138 | observed = 238 | selected = 1364 | LD50 raw = 3.1610 | mu = 0.3507 | sigma = 1.2613 | UCB = 2.8228
[seed 11 | pareto] iteration 139 | observed = 239 | selected = 1150 | LD50 raw = 5.1370 | mu = 2.3355 | sigma = 0.9414 | UCB = 4.1806
[seed 11 | pareto] iteration 140 | observed = 240 | selected = 1065 | LD50 raw = 4.5520 | mu = 2.7980 | sigma = 0.6303 | UCB = 4.0335
[seed 11 | pareto] iteration 141 | observed = 241 | selected = 1389 | LD50 raw = 3.7470 | mu = 1.3306 | sigma = 0.8719 | UCB = 3.0396
[seed 11 | pareto] iteration 142 | observed = 242 | selected = 1071 | LD50 raw = 5.1400 | mu = 3.2151 | sigma = 0.5777 | UCB = 4.3474
[seed 11 | pareto] iteration 143 | observed = 243 | selected = 1981 | LD50 raw = 3.6900 | mu = 1.5252 | sigma = 0.7817 | UCB = 3.0574
[seed 11 | pareto] iteration 144 | observed = 244 | selected = 339 | LD50 raw = 2.5960 | mu = 1.2648 | sigma = 0.8628 | UCB = 2.9559
[seed 11 | pareto] iteration 145 | observed = 245 | selected = 1160 | LD50 raw = 3.4190 | mu = 1.0168 | sigma = 0.9369 | UCB = 2.8531
[seed 11 | pareto] iteration 146 | observed = 246 | selected = 277 | LD50 raw = 4.2010 | mu = 1.5764 | sigma = 0.7215 | UCB = 2.9905
[seed 11 | pareto] iteration 147 | observed = 247 | selected = 923 | LD50 raw = 2.5050 | mu = 0.7069 | sigma = 1.1675 | UCB = 2.9953
[seed 11 | pareto] iteration 148 | observed = 248 | selected = 418 | LD50 raw = 3.7720 | mu = 2.0701 | sigma = 0.5563 | UCB = 3.1604
[seed 11 | pareto] iteration 149 | observed = 249 | selected = 671 | LD50 raw = 1.5070 | mu = 0.8690 | sigma = 1.1051 | UCB = 3.0351
[seed 11 | pareto] iteration 150 | observed = 250 | selected = 396 | LD50 raw = 3.1890 | mu = 0.9591 | sigma = 1.0118 | UCB = 2.9423
[seed 11 | pareto] iteration 151 | observed = 251 | selected = 640 | LD50 raw = 3.9980 | mu = 0.8906 | sigma = 0.9844 | UCB = 2.8200
[seed 11 | pareto] iteration 152 | observed = 252 | selected = 697 | LD50 raw = 2.5270 | mu = 0.7429 | sigma = 1.1352 | UCB = 2.9678
[seed 11 | pareto] iteration 153 | observed = 253 | selected = 1566 | LD50 raw = 4.0600 | mu = 1.2943 | sigma = 0.7844 | UCB = 2.8317
[seed 11 | pareto] iteration 154 | observed = 254 | selected = 1874 | LD50 raw = 2.0400 | mu = 0.7818 | sigma = 1.0892 | UCB = 2.9166
[seed 11 | pareto] iteration 155 | observed = 255 | selected = 1798 | LD50 raw = 1.9890 | mu = 0.6463 | sigma = 1.1847 | UCB = 2.9682
[seed 11 | pareto] iteration 156 | observed = 256 | selected = 1072 | LD50 raw = 5.2350 | mu = 2.7745 | sigma = 0.4542 | UCB = 3.6649
[seed 11 | pareto] iteration 157 | observed = 257 | selected = 1186 | LD50 raw = 3.6520 | mu = 0.9439 | sigma = 0.9689 | UCB = 2.8431
[seed 11 | pareto] iteration 158 | observed = 258 | selected = 1919 | LD50 raw = 2.3660 | mu = 0.6629 | sigma = 1.1755 | UCB = 2.9668
[seed 11 | pareto] iteration 159 | observed = 259 | selected = 1385 | LD50 raw = 2.5300 | mu = 0.5648 | sigma = 1.2742 | UCB = 3.0622
[seed 11 | pareto] iteration 160 | observed = 260 | selected = 1017 | LD50 raw = 3.1780 | mu = 0.7351 | sigma = 1.0506 | UCB = 2.7943
[seed 11 | pareto] iteration 161 | observed = 261 | selected = 386 | LD50 raw = 2.8810 | mu = 0.6502 | sigma = 1.1563 | UCB = 2.9165
[seed 11 | pareto] iteration 162 | observed = 262 | selected = 1588 | LD50 raw = 2.5260 | mu = 0.5981 | sigma = 1.1715 | UCB = 2.8944
[seed 11 | pareto] iteration 163 | observed = 263 | selected = 1485 | LD50 raw = 2.3490 | mu = 0.5439 | sigma = 1.2645 | UCB = 3.0224
[seed 11 | pareto] iteration 164 | observed = 264 | selected = 1691 | LD50 raw = 4.4580 | mu = 2.7680 | sigma = 0.5625 | UCB = 3.8706
[seed 11 | pareto] iteration 165 | observed = 265 | selected = 916 | LD50 raw = 3.4440 | mu = 0.7936 | sigma = 0.9915 | UCB = 2.7369
[seed 11 | pareto] iteration 166 | observed = 266 | selected = 1427 | LD50 raw = 2.0460 | mu = 0.6989 | sigma = 1.1221 | UCB = 2.8981
[seed 11 | pareto] iteration 167 | observed = 267 | selected = 1158 | LD50 raw = 4.9190 | mu = 3.2234 | sigma = 0.5247 | UCB = 4.2518
[seed 11 | pareto] iteration 168 | observed = 268 | selected = 1250 | LD50 raw = 1.7830 | mu = 1.2649 | sigma = 0.7603 | UCB = 2.7550
[seed 11 | pareto] iteration 169 | observed = 269 | selected = 419 | LD50 raw = 3.0360 | mu = 1.4068 | sigma = 0.7191 | UCB = 2.8162
[seed 11 | pareto] iteration 170 | observed = 270 | selected = 1146 | LD50 raw = 3.5820 | mu = 1.0721 | sigma = 0.8426 | UCB = 2.7235
[seed 11 | pareto] iteration 171 | observed = 271 | selected = 356 | LD50 raw = 3.9750 | mu = 0.6588 | sigma = 1.0890 | UCB = 2.7933
[seed 11 | pareto] iteration 172 | observed = 272 | selected = 291 | LD50 raw = 3.1660 | mu = 0.6474 | sigma = 1.2177 | UCB = 3.0342
[seed 11 | pareto] iteration 173 | observed = 273 | selected = 1896 | LD50 raw = 3.6310 | mu = 1.7409 | sigma = 0.5779 | UCB = 2.8737
[seed 11 | pareto] iteration 174 | observed = 274 | selected = 432 | LD50 raw = 2.7700 | mu = 0.6898 | sigma = 1.1273 | UCB = 2.8994
[seed 11 | pareto] iteration 175 | observed = 275 | selected = 294 | LD50 raw = 2.8240 | mu = 0.5812 | sigma = 1.1917 | UCB = 2.9170
[seed 11 | pareto] iteration 176 | observed = 276 | selected = 950 | LD50 raw = 5.4060 | mu = 0.8034 | sigma = 0.9594 | UCB = 2.6839
[seed 11 | pareto] iteration 177 | observed = 277 | selected = 1135 | LD50 raw = 1.5300 | mu = 0.8888 | sigma = 1.1468 | UCB = 3.1366
[seed 11 | pareto] iteration 178 | observed = 278 | selected = 1145 | LD50 raw = 2.3390 | mu = 1.7952 | sigma = 0.6781 | UCB = 3.1242
[seed 11 | pareto] iteration 179 | observed = 279 | selected = 481 | LD50 raw = 2.0610 | mu = 0.7865 | sigma = 1.0940 | UCB = 2.9308
[seed 11 | pareto] iteration 180 | observed = 280 | selected = 1149 | LD50 raw = 5.4160 | mu = 2.9987 | sigma = 0.5768 | UCB = 4.1293
[seed 11 | pareto] iteration 181 | observed = 281 | selected = 420 | LD50 raw = 3.0540 | mu = 0.9930 | sigma = 0.8893 | UCB = 2.7359
[seed 11 | pareto] iteration 182 | observed = 282 | selected = 1070 | LD50 raw = 3.0120 | mu = 1.0498 | sigma = 0.8336 | UCB = 2.6835
[seed 11 | pareto] iteration 183 | observed = 283 | selected = 2018 | LD50 raw = 4.6460 | mu = 1.3004 | sigma = 0.7206 | UCB = 2.7128
[seed 11 | pareto] iteration 184 | observed = 284 | selected = 899 | LD50 raw = 3.6590 | mu = 0.9468 | sigma = 0.9119 | UCB = 2.7342
[seed 11 | pareto] iteration 185 | observed = 285 | selected = 1177 | LD50 raw = 1.3840 | mu = 0.8565 | sigma = 0.9416 | UCB = 2.7021
[seed 11 | pareto] iteration 186 | observed = 286 | selected = 404 | LD50 raw = 2.8020 | mu = 0.7342 | sigma = 1.0575 | UCB = 2.8068
[seed 11 | pareto] iteration 187 | observed = 287 | selected = 1081 | LD50 raw = 4.2750 | mu = 1.0301 | sigma = 0.8280 | UCB = 2.6530
[seed 11 | pareto] iteration 188 | observed = 288 | selected = 1001 | LD50 raw = 1.1210 | mu = 0.8624 | sigma = 1.0016 | UCB = 2.8255
[seed 11 | pareto] iteration 189 | observed = 289 | selected = 1027 | LD50 raw = 4.6910 | mu = 1.2213 | sigma = 0.7688 | UCB = 2.7281
[seed 11 | pareto] iteration 190 | observed = 290 | selected = 663 | LD50 raw = 2.6900 | mu = 1.2796 | sigma = 0.7778 | UCB = 2.8042
[seed 11 | pareto] iteration 191 | observed = 291 | selected = 986 | LD50 raw = 5.1880 | mu = 1.0866 | sigma = 0.7885 | UCB = 2.6321
[seed 11 | pareto] iteration 192 | observed = 292 | selected = 801 | LD50 raw = 1.8120 | mu = 0.6923 | sigma = 1.1745 | UCB = 2.9944
[seed 11 | pareto] iteration 193 | observed = 293 | selected = 1862 | LD50 raw = 2.0350 | mu = 0.6572 | sigma = 1.1818 | UCB = 2.9735
[seed 11 | pareto] iteration 194 | observed = 294 | selected = 1009 | LD50 raw = 4.2220 | mu = 0.8608 | sigma = 0.9068 | UCB = 2.6382
[seed 11 | pareto] iteration 195 | observed = 295 | selected = 828 | LD50 raw = 2.7560 | mu = 0.8927 | sigma = 1.1384 | UCB = 3.1239
[seed 11 | pareto] iteration 196 | observed = 296 | selected = 1082 | LD50 raw = 1.6280 | mu = 0.8316 | sigma = 1.1740 | UCB = 3.1326
[seed 11 | pareto] iteration 197 | observed = 297 | selected = 862 | LD50 raw = 3.0440 | mu = 1.6130 | sigma = 0.6607 | UCB = 2.9080
[seed 11 | pareto] iteration 198 | observed = 298 | selected = 1508 | LD50 raw = 3.2340 | mu = 0.6088 | sigma = 1.2756 | UCB = 3.1089
[seed 11 | pareto] iteration 199 | observed = 299 | selected = 1298 | LD50 raw = 5.1290 | mu = 0.5455 | sigma = 1.3753 | UCB = 3.2411
[seed 11 | pareto] iteration 200 | observed = 300 | selected = 1750 | LD50 raw = 3.6640 | mu = 1.9545 | sigma = 0.5371 | UCB = 3.0072
[seed 11 | pareto] iteration 201 | observed = 301 | selected = 269 | LD50 raw = 3.4760 | mu = 1.3306 | sigma = 0.5363 | UCB = 2.3817
[seed 11 | pareto] iteration 202 | observed = 302 | selected = 103 | LD50 raw = 3.0190 | mu = 0.8947 | sigma = 0.8674 | UCB = 2.5947
[seed 11 | pareto] iteration 203 | observed = 303 | selected = 1347 | LD50 raw = 2.5880 | mu = 0.7012 | sigma = 1.0327 | UCB = 2.7254
[seed 11 | pareto] iteration 204 | observed = 304 | selected = 1051 | LD50 raw = 2.5910 | mu = 0.9593 | sigma = 0.7637 | UCB = 2.4561
[seed 11 | pareto] iteration 205 | observed = 305 | selected = 350 | LD50 raw = 1.7800 | mu = 0.8348 | sigma = 0.9114 | UCB = 2.6212
[seed 11 | pareto] iteration 206 | observed = 306 | selected = 497 | LD50 raw = 3.0200 | mu = 1.3944 | sigma = 0.4753 | UCB = 2.3261
[seed 11 | pareto] iteration 207 | observed = 307 | selected = 1714 | LD50 raw = 5.1530 | mu = 0.5804 | sigma = 1.3279 | UCB = 3.1831
[seed 11 | pareto] iteration 208 | observed = 308 | selected = 1797 | LD50 raw = 2.0410 | mu = 1.0800 | sigma = 1.2469 | UCB = 3.5239
[seed 11 | pareto] iteration 209 | observed = 309 | selected = 1274 | LD50 raw = 2.3880 | mu = 0.7927 | sigma = 1.2313 | UCB = 3.2060
[seed 11 | pareto] iteration 210 | observed = 310 | selected = 80 | LD50 raw = 3.0450 | mu = 1.5076 | sigma = 0.4464 | UCB = 2.3825
[seed 11 | pareto] iteration 211 | observed = 311 | selected = 1334 | LD50 raw = 2.0030 | mu = 0.6119 | sigma = 1.2853 | UCB = 3.1311
[seed 11 | pareto] iteration 212 | observed = 312 | selected = 1148 | LD50 raw = 3.0570 | mu = 0.6600 | sigma = 1.0514 | UCB = 2.7207
[seed 11 | pareto] iteration 213 | observed = 313 | selected = 1472 | LD50 raw = 1.6970 | mu = 0.5520 | sigma = 1.2253 | UCB = 2.9536
[seed 11 | pareto] iteration 214 | observed = 314 | selected = 865 | LD50 raw = 1.5910 | mu = 0.8175 | sigma = 0.8925 | UCB = 2.5667
[seed 11 | pareto] iteration 215 | observed = 315 | selected = 1327 | LD50 raw = 1.6590 | mu = 0.6260 | sigma = 1.0535 | UCB = 2.6909
[seed 11 | pareto] iteration 216 | observed = 316 | selected = 832 | LD50 raw = 3.3350 | mu = 0.7639 | sigma = 0.9925 | UCB = 2.7092
[seed 11 | pareto] iteration 217 | observed = 317 | selected = 1099 | LD50 raw = 2.2120 | mu = 0.9507 | sigma = 0.7289 | UCB = 2.3794
[seed 11 | pareto] iteration 218 | observed = 318 | selected = 1058 | LD50 raw = 3.8520 | mu = 0.8528 | sigma = 0.7909 | UCB = 2.4029
[seed 11 | pareto] iteration 219 | observed = 319 | selected = 1599 | LD50 raw = 3.4360 | mu = 0.5234 | sigma = 1.2839 | UCB = 3.0399
[seed 11 | pareto] iteration 220 | observed = 320 | selected = 1299 | LD50 raw = 2.9570 | mu = 0.6292 | sigma = 1.2113 | UCB = 3.0033
[seed 11 | pareto] iteration 221 | observed = 321 | selected = 679 | LD50 raw = 4.4460 | mu = 0.7700 | sigma = 0.9738 | UCB = 2.6786
[seed 11 | pareto] iteration 222 | observed = 322 | selected = 1013 | LD50 raw = 3.9140 | mu = 1.0506 | sigma = 0.7199 | UCB = 2.4615
[seed 11 | pareto] iteration 223 | observed = 323 | selected = 797 | LD50 raw = 2.7850 | mu = 0.9707 | sigma = 0.7047 | UCB = 2.3519
[seed 11 | pareto] iteration 224 | observed = 324 | selected = 1670 | LD50 raw = 0.9930 | mu = 0.5945 | sigma = 1.2713 | UCB = 3.0862
[seed 11 | pareto] iteration 225 | observed = 325 | selected = 818 | LD50 raw = 1.2470 | mu = 0.8182 | sigma = 0.8917 | UCB = 2.5659
[seed 11 | pareto] iteration 226 | observed = 326 | selected = 1443 | LD50 raw = 3.1040 | mu = 0.5620 | sigma = 1.3013 | UCB = 3.1125
[seed 11 | pareto] iteration 227 | observed = 327 | selected = 1832 | LD50 raw = 2.3230 | mu = 0.5863 | sigma = 1.1444 | UCB = 2.8292
[seed 11 | pareto] iteration 228 | observed = 328 | selected = 1304 | LD50 raw = 1.7230 | mu = 0.6143 | sigma = 1.0869 | UCB = 2.7446
[seed 11 | pareto] iteration 229 | observed = 329 | selected = 783 | LD50 raw = 1.8170 | mu = 0.6603 | sigma = 1.2030 | UCB = 3.0181
[seed 11 | pareto] iteration 230 | observed = 330 | selected = 1974 | LD50 raw = 3.5240 | mu = 0.5491 | sigma = 1.1950 | UCB = 2.8912
[seed 11 | pareto] iteration 231 | observed = 331 | selected = 1011 | LD50 raw = 4.0290 | mu = 0.8369 | sigma = 0.9483 | UCB = 2.6957
[seed 11 | pareto] iteration 232 | observed = 332 | selected = 866 | LD50 raw = 3.4290 | mu = 0.6696 | sigma = 1.0835 | UCB = 2.7932
[seed 11 | pareto] iteration 233 | observed = 333 | selected = 44 | LD50 raw = 2.0050 | mu = 0.8783 | sigma = 0.7393 | UCB = 2.3274
[seed 11 | pareto] iteration 234 | observed = 334 | selected = 666 | LD50 raw = 2.9070 | mu = 2.0454 | sigma = 0.2948 | UCB = 2.6232
[seed 11 | pareto] iteration 235 | observed = 335 | selected = 699 | LD50 raw = 1.8790 | mu = 0.6052 | sigma = 1.1651 | UCB = 2.8888
[seed 11 | pareto] iteration 236 | observed = 336 | selected = 1341 | LD50 raw = 4.8510 | mu = 0.7302 | sigma = 0.9144 | UCB = 2.5224
[seed 11 | pareto] iteration 237 | observed = 337 | selected = 1053 | LD50 raw = 2.8130 | mu = 0.6476 | sigma = 1.0620 | UCB = 2.7292
[seed 11 | pareto] iteration 238 | observed = 338 | selected = 742 | LD50 raw = 2.0560 | mu = 0.8473 | sigma = 0.8834 | UCB = 2.5788
[seed 11 | pareto] iteration 239 | observed = 339 | selected = 1765 | LD50 raw = 3.0910 | mu = 0.5464 | sigma = 1.1716 | UCB = 2.8428
[seed 11 | pareto] iteration 240 | observed = 340 | selected = 1045 | LD50 raw = 2.1650 | mu = 0.7186 | sigma = 1.0922 | UCB = 2.8593
[seed 11 | pareto] iteration 241 | observed = 341 | selected = 1320 | LD50 raw = 4.2260 | mu = 0.6680 | sigma = 1.2973 | UCB = 3.2107
[seed 11 | pareto] iteration 242 | observed = 342 | selected = 1315 | LD50 raw = 2.9800 | mu = 1.2561 | sigma = 1.1915 | UCB = 3.5914
[seed 11 | pareto] iteration 243 | observed = 343 | selected = 1319 | LD50 raw = 3.4950 | mu = 1.1501 | sigma = 1.1641 | UCB = 3.4316
[seed 11 | pareto] iteration 244 | observed = 344 | selected = 1410 | LD50 raw = 2.4900 | mu = 0.5598 | sigma = 1.2250 | UCB = 2.9608
[seed 11 | pareto] iteration 245 | observed = 345 | selected = 1318 | LD50 raw = 2.8600 | mu = 1.1729 | sigma = 1.0521 | UCB = 3.2349
[seed 11 | pareto] iteration 246 | observed = 346 | selected = 1435 | LD50 raw = 2.1450 | mu = 0.5130 | sigma = 1.2600 | UCB = 2.9825
[seed 11 | pareto] iteration 247 | observed = 347 | selected = 1314 | LD50 raw = 3.7740 | mu = 0.8907 | sigma = 0.6376 | UCB = 2.1403
[seed 11 | pareto] iteration 248 | observed = 348 | selected = 1316 | LD50 raw = 3.0720 | mu = 0.5176 | sigma = 1.2497 | UCB = 2.9669
[seed 11 | pareto] iteration 249 | observed = 349 | selected = 1673 | LD50 raw = 1.9750 | mu = 0.6539 | sigma = 1.2785 | UCB = 3.1597
[seed 11 | pareto] iteration 250 | observed = 350 | selected = 1328 | LD50 raw = 3.3260 | mu = 0.5362 | sigma = 1.1677 | UCB = 2.8249
[seed 11 | pareto] iteration 251 | observed = 351 | selected = 1317 | LD50 raw = 4.2880 | mu = 0.5191 | sigma = 1.1616 | UCB = 2.7958
[seed 11 | pareto] iteration 252 | observed = 352 | selected = 1193 | LD50 raw = 3.7770 | mu = 0.8550 | sigma = 1.2231 | UCB = 3.2523
[seed 11 | pareto] iteration 253 | observed = 353 | selected = 2048 | LD50 raw = 3.6870 | mu = 0.7644 | sigma = 1.2609 | UCB = 3.2357
[seed 11 | pareto] iteration 254 | observed = 354 | selected = 1273 | LD50 raw = 4.2800 | mu = 0.6695 | sigma = 1.2805 | UCB = 3.1792
[seed 11 | pareto] iteration 255 | observed = 355 | selected = 1989 | LD50 raw = 1.6630 | mu = 0.8678 | sigma = 1.2059 | UCB = 3.2314
[seed 11 | pareto] iteration 256 | observed = 356 | selected = 2016 | LD50 raw = 3.5920 | mu = 0.5963 | sigma = 1.2217 | UCB = 2.9909
[seed 11 | pareto] iteration 257 | observed = 357 | selected = 325 | LD50 raw = 1.8890 | mu = 0.6050 | sigma = 1.1823 | UCB = 2.9223
[seed 11 | pareto] iteration 258 | observed = 358 | selected = 1572 | LD50 raw = 2.6510 | mu = 0.6150 | sigma = 1.1750 | UCB = 2.9181
[seed 11 | pareto] iteration 259 | observed = 359 | selected = 2015 | LD50 raw = 3.8580 | mu = 0.7361 | sigma = 1.1085 | UCB = 2.9087
[seed 11 | pareto] iteration 260 | observed = 360 | selected = 1373 | LD50 raw = 1.4630 | mu = 0.6171 | sigma = 1.2348 | UCB = 3.0373
[seed 11 | pareto] iteration 261 | observed = 361 | selected = 1391 | LD50 raw = 2.5920 | mu = 0.4766 | sigma = 1.3208 | UCB = 3.0654
[seed 11 | pareto] iteration 262 | observed = 362 | selected = 1802 | LD50 raw = 2.4350 | mu = 0.7304 | sigma = 1.1601 | UCB = 3.0043
[seed 11 | pareto] iteration 263 | observed = 363 | selected = 1096 | LD50 raw = 2.5570 | mu = 0.6279 | sigma = 1.2600 | UCB = 3.0975
[seed 11 | pareto] iteration 264 | observed = 364 | selected = 1294 | LD50 raw = 1.9820 | mu = 0.4503 | sigma = 1.2834 | UCB = 2.9657
[seed 11 | pareto] iteration 265 | observed = 365 | selected = 1790 | LD50 raw = 1.5950 | mu = 0.6214 | sigma = 1.2767 | UCB = 3.1238
[seed 11 | pareto] iteration 266 | observed = 366 | selected = 1479 | LD50 raw = 2.7320 | mu = 0.4243 | sigma = 1.2594 | UCB = 2.8927
[seed 11 | pareto] iteration 267 | observed = 367 | selected = 1010 | LD50 raw = 4.7580 | mu = 0.5021 | sigma = 1.1711 | UCB = 2.7976
[seed 11 | pareto] iteration 268 | observed = 368 | selected = 486 | LD50 raw = 1.7070 | mu = 0.5484 | sigma = 1.1790 | UCB = 2.8592
[seed 11 | pareto] iteration 269 | observed = 369 | selected = 1212 | LD50 raw = 1.8600 | mu = 0.4589 | sigma = 1.2629 | UCB = 2.9343
[seed 11 | pareto] iteration 270 | observed = 370 | selected = 1205 | LD50 raw = 2.9230 | mu = 0.4067 | sigma = 1.2509 | UCB = 2.8584
[seed 11 | pareto] iteration 271 | observed = 371 | selected = 1570 | LD50 raw = 1.8890 | mu = 0.5220 | sigma = 1.1524 | UCB = 2.7808
[seed 11 | pareto] iteration 272 | observed = 372 | selected = 1608 | LD50 raw = 1.8300 | mu = 0.4888 | sigma = 1.1475 | UCB = 2.7379
[seed 11 | pareto] iteration 273 | observed = 373 | selected = 1444 | LD50 raw = 2.3180 | mu = 0.6007 | sigma = 1.1945 | UCB = 2.9420
[seed 11 | pareto] iteration 274 | observed = 374 | selected = 1594 | LD50 raw = 2.1840 | mu = 0.3952 | sigma = 1.2119 | UCB = 2.7705
[seed 11 | pareto] iteration 275 | observed = 375 | selected = 1475 | LD50 raw = 4.1680 | mu = 0.4319 | sigma = 1.1420 | UCB = 2.6702
[seed 11 | pareto] iteration 276 | observed = 376 | selected = 1688 | LD50 raw = 2.4830 | mu = 0.5136 | sigma = 1.1284 | UCB = 2.7253
[seed 11 | pareto] iteration 277 | observed = 377 | selected = 1478 | LD50 raw = 3.1250 | mu = 0.3254 | sigma = 1.2659 | UCB = 2.8067
[seed 11 | pareto] iteration 278 | observed = 378 | selected = 2028 | LD50 raw = 1.5660 | mu = 0.4186 | sigma = 1.2503 | UCB = 2.8691
[seed 11 | pareto] iteration 279 | observed = 379 | selected = 1374 | LD50 raw = 3.6120 | mu = 0.3382 | sigma = 1.2120 | UCB = 2.7137
[seed 11 | pareto] iteration 280 | observed = 380 | selected = 1169 | LD50 raw = 2.8180 | mu = 0.3879 | sigma = 1.2042 | UCB = 2.7481
[seed 11 | pareto] iteration 281 | observed = 381 | selected = 974 | LD50 raw = 2.3810 | mu = 0.4845 | sigma = 1.1107 | UCB = 2.6614
[seed 11 | pareto] iteration 282 | observed = 382 | selected = 1371 | LD50 raw = 1.4750 | mu = 0.3610 | sigma = 1.1773 | UCB = 2.6686
[seed 11 | pareto] iteration 283 | observed = 383 | selected = 2060 | LD50 raw = 1.8510 | mu = 0.2808 | sigma = 1.2805 | UCB = 2.7906
[seed 11 | pareto] iteration 284 | observed = 384 | selected = 1381 | LD50 raw = 3.7300 | mu = 0.3261 | sigma = 1.2021 | UCB = 2.6822
[seed 11 | pareto] iteration 285 | observed = 385 | selected = 1462 | LD50 raw = 3.3660 | mu = 0.7242 | sigma = 1.0959 | UCB = 2.8722
[seed 11 | pareto] iteration 286 | observed = 386 | selected = 1225 | LD50 raw = 2.5970 | mu = 0.5678 | sigma = 1.0951 | UCB = 2.7141
[seed 11 | pareto] iteration 287 | observed = 387 | selected = 1590 | LD50 raw = 1.4350 | mu = 0.3205 | sigma = 1.2339 | UCB = 2.7390
[seed 11 | pareto] iteration 288 | observed = 388 | selected = 1864 | LD50 raw = 2.9170 | mu = 0.3351 | sigma = 1.1686 | UCB = 2.6255
[seed 11 | pareto] iteration 289 | observed = 389 | selected = 1411 | LD50 raw = 2.1670 | mu = 0.2658 | sigma = 1.2352 | UCB = 2.6867
[seed 11 | pareto] iteration 290 | observed = 390 | selected = 1382 | LD50 raw = 2.6870 | mu = 0.3251 | sigma = 1.1655 | UCB = 2.6095
[seed 11 | pareto] iteration 291 | observed = 391 | selected = 1796 | LD50 raw = 3.5660 | mu = 0.3689 | sigma = 1.1273 | UCB = 2.5785
[seed 11 | pareto] iteration 292 | observed = 392 | selected = 1538 | LD50 raw = 1.9330 | mu = 0.3344 | sigma = 1.1457 | UCB = 2.5800
[seed 11 | pareto] iteration 293 | observed = 393 | selected = 1948 | LD50 raw = 1.9300 | mu = 0.6622 | sigma = 1.0338 | UCB = 2.6885
[seed 11 | pareto] iteration 294 | observed = 394 | selected = 2041 | LD50 raw = 2.1420 | mu = 0.2026 | sigma = 1.3114 | UCB = 2.7730
[seed 11 | pareto] iteration 295 | observed = 395 | selected = 1266 | LD50 raw = 1.8290 | mu = 0.3354 | sigma = 1.1285 | UCB = 2.5472
[seed 11 | pareto] iteration 296 | observed = 396 | selected = 1265 | LD50 raw = 4.2910 | mu = 0.3781 | sigma = 1.0995 | UCB = 2.5331
[seed 11 | pareto] iteration 297 | observed = 397 | selected = 1514 | LD50 raw = 3.5970 | mu = 0.6285 | sigma = 1.1018 | UCB = 2.7880
[seed 11 | pareto] iteration 298 | observed = 398 | selected = 126 | LD50 raw = 2.3940 | mu = 0.3886 | sigma = 1.1471 | UCB = 2.6369
[seed 11 | pareto] iteration 299 | observed = 399 | selected = 275 | LD50 raw = 2.5740 | mu = 0.2785 | sigma = 1.2353 | UCB = 2.6998
