Found local copy...
Loading...
Done!
  0%|          | 0/9982 [00:00<?, ?it/s] 14%|█▍        | 1374/9982 [00:00<00:00, 13719.14it/s] 28%|██▊       | 2746/9982 [00:00<00:00, 11263.22it/s] 43%|████▎     | 4279/9982 [00:00<00:00, 12920.10it/s]CC1=CC=C[NH+2]([O-])[CH-]1 returns RDKit error and is thus omitted...
O=C(O)C1=C[NH+2]([O-])[CH-]C=C1 returns RDKit error and is thus omitted...
 65%|██████▍   | 6484/9982 [00:00<00:00, 16278.61it/s] 83%|████████▎ | 8290/9982 [00:00<00:00, 16887.30it/s]100%|██████████| 9982/9982 [00:00<00:00, 15287.50it/s]
Found local copy...
Loading...
Done!
2026/08/08 15:54:27 INFO mlflow.tracking.fluent: Experiment with name 'bo-ld50-check-70728652-min' does not exist. Creating a new experiment.
[split] sizes train/valid/test: 1607/112/357
[split] vocab_size: 34
[target] solubility mean/std: -2.169/2.070
[target] LD50 mean/std: 2.268/0.872
PCA sampling-space shape: (2076, 3)
PCA explained variance ratio (pc1, pc2, pc3): [0.22058623 0.13270536 0.09098073]
[seed 11] initial indices selected = 100 | all unique = True
[seed 11 | ucb] iteration 000 | observed = 100 | selected = 638 | LD50 raw = 1.6080 | mu = 1.5890 | sigma = 0.6757 | UCB = 2.9134
[seed 11 | ucb] iteration 001 | observed = 101 | selected = 779 | LD50 raw = 0.9110 | mu = 1.9693 | sigma = 0.6205 | UCB = 3.1854
[seed 11 | ucb] iteration 002 | observed = 102 | selected = 670 | LD50 raw = 1.1310 | mu = 1.2197 | sigma = 0.7449 | UCB = 2.6798
[seed 11 | ucb] iteration 003 | observed = 103 | selected = 509 | LD50 raw = 1.6180 | mu = 1.5649 | sigma = 0.6023 | UCB = 2.7454
[seed 11 | ucb] iteration 004 | observed = 104 | selected = 1104 | LD50 raw = 2.3660 | mu = 1.7072 | sigma = 0.5426 | UCB = 2.7707
[seed 11 | ucb] iteration 005 | observed = 105 | selected = 1044 | LD50 raw = 1.3020 | mu = 1.1979 | sigma = 0.7586 | UCB = 2.6848
[seed 11 | ucb] iteration 006 | observed = 106 | selected = 669 | LD50 raw = 1.1560 | mu = 1.2180 | sigma = 0.7344 | UCB = 2.6575
[seed 11 | ucb] iteration 007 | observed = 107 | selected = 668 | LD50 raw = 0.7800 | mu = 1.2586 | sigma = 0.6773 | UCB = 2.5861
[seed 11 | ucb] iteration 008 | observed = 108 | selected = 551 | LD50 raw = 1.3710 | mu = 1.2163 | sigma = 0.7251 | UCB = 2.6375
[seed 11 | ucb] iteration 009 | observed = 109 | selected = 1094 | LD50 raw = 1.6860 | mu = 1.3701 | sigma = 0.6227 | UCB = 2.5907
[seed 11 | ucb] iteration 010 | observed = 110 | selected = 1007 | LD50 raw = 2.6880 | mu = 1.0543 | sigma = 0.7963 | UCB = 2.6150
[seed 11 | ucb] iteration 011 | observed = 111 | selected = 979 | LD50 raw = 1.8240 | mu = 0.8936 | sigma = 0.8270 | UCB = 2.5145
[seed 11 | ucb] iteration 012 | observed = 112 | selected = 653 | LD50 raw = 1.5320 | mu = 0.8257 | sigma = 0.8391 | UCB = 2.4703
[seed 11 | ucb] iteration 013 | observed = 113 | selected = 682 | LD50 raw = 1.2690 | mu = 0.8326 | sigma = 0.8143 | UCB = 2.4286
[seed 11 | ucb] iteration 014 | observed = 114 | selected = 1970 | LD50 raw = 2.0640 | mu = 0.5924 | sigma = 0.9525 | UCB = 2.4593
[seed 11 | ucb] iteration 015 | observed = 115 | selected = 938 | LD50 raw = 0.8220 | mu = 1.0736 | sigma = 0.6810 | UCB = 2.4083
[seed 11 | ucb] iteration 016 | observed = 116 | selected = 672 | LD50 raw = 1.4950 | mu = 0.6395 | sigma = 0.9183 | UCB = 2.4394
[seed 11 | ucb] iteration 017 | observed = 117 | selected = 633 | LD50 raw = 1.4610 | mu = 1.0705 | sigma = 0.6951 | UCB = 2.4329
[seed 11 | ucb] iteration 018 | observed = 118 | selected = 664 | LD50 raw = 2.4600 | mu = 0.8117 | sigma = 0.8222 | UCB = 2.4232
[seed 11 | ucb] iteration 019 | observed = 119 | selected = 552 | LD50 raw = 1.1130 | mu = 1.0100 | sigma = 0.7098 | UCB = 2.4012
[seed 11 | ucb] iteration 020 | observed = 120 | selected = 840 | LD50 raw = 1.5360 | mu = 0.9697 | sigma = 0.7638 | UCB = 2.4667
[seed 11 | ucb] iteration 021 | observed = 121 | selected = 787 | LD50 raw = 2.2850 | mu = 0.8499 | sigma = 0.7950 | UCB = 2.4080
[seed 11 | ucb] iteration 022 | observed = 122 | selected = 542 | LD50 raw = 1.7590 | mu = 1.1592 | sigma = 0.6376 | UCB = 2.4090
[seed 11 | ucb] iteration 023 | observed = 123 | selected = 762 | LD50 raw = 1.7480 | mu = 0.6829 | sigma = 0.8714 | UCB = 2.3909
[seed 11 | ucb] iteration 024 | observed = 124 | selected = 128 | LD50 raw = 1.1060 | mu = 0.8271 | sigma = 0.7891 | UCB = 2.3737
[seed 11 | ucb] iteration 025 | observed = 125 | selected = 331 | LD50 raw = 1.2490 | mu = 0.7640 | sigma = 0.7993 | UCB = 2.3306
[seed 11 | ucb] iteration 026 | observed = 126 | selected = 850 | LD50 raw = 2.3390 | mu = 0.5685 | sigma = 0.8935 | UCB = 2.3198
[seed 11 | ucb] iteration 027 | observed = 127 | selected = 434 | LD50 raw = 2.5480 | mu = 0.7959 | sigma = 0.7725 | UCB = 2.3099
[seed 11 | ucb] iteration 028 | observed = 128 | selected = 584 | LD50 raw = 1.1560 | mu = 1.0366 | sigma = 0.6345 | UCB = 2.2802
[seed 11 | ucb] iteration 029 | observed = 129 | selected = 688 | LD50 raw = 1.0700 | mu = 0.6173 | sigma = 0.8249 | UCB = 2.2342
[seed 11 | ucb] iteration 030 | observed = 130 | selected = 718 | LD50 raw = 1.5020 | mu = 0.8467 | sigma = 0.7740 | UCB = 2.3637
[seed 11 | ucb] iteration 031 | observed = 131 | selected = 632 | LD50 raw = 1.6480 | mu = 1.0744 | sigma = 0.5855 | UCB = 2.2219
[seed 11 | ucb] iteration 032 | observed = 132 | selected = 635 | LD50 raw = 2.0030 | mu = 0.8794 | sigma = 0.7186 | UCB = 2.2879
[seed 11 | ucb] iteration 033 | observed = 133 | selected = 1902 | LD50 raw = 0.8440 | mu = 0.7459 | sigma = 0.7810 | UCB = 2.2767
[seed 11 | ucb] iteration 034 | observed = 134 | selected = 971 | LD50 raw = 2.4280 | mu = 0.7036 | sigma = 0.8125 | UCB = 2.2961
[seed 11 | ucb] iteration 035 | observed = 135 | selected = 8 | LD50 raw = 1.5410 | mu = 0.6881 | sigma = 0.7778 | UCB = 2.2126
[seed 11 | ucb] iteration 036 | observed = 136 | selected = 985 | LD50 raw = 1.5870 | mu = 0.9624 | sigma = 0.6314 | UCB = 2.1999
[seed 11 | ucb] iteration 037 | observed = 137 | selected = 1052 | LD50 raw = 3.6550 | mu = 0.5939 | sigma = 0.8606 | UCB = 2.2806
[seed 11 | ucb] iteration 038 | observed = 138 | selected = 676 | LD50 raw = 1.3180 | mu = 0.5567 | sigma = 0.8598 | UCB = 2.2419
[seed 11 | ucb] iteration 039 | observed = 139 | selected = 622 | LD50 raw = 1.5230 | mu = 0.8177 | sigma = 0.7454 | UCB = 2.2788
[seed 11 | ucb] iteration 040 | observed = 140 | selected = 121 | LD50 raw = 1.2680 | mu = 0.4791 | sigma = 0.8984 | UCB = 2.2399
[seed 11 | ucb] iteration 041 | observed = 141 | selected = 1233 | LD50 raw = 1.8080 | mu = 0.4989 | sigma = 0.8887 | UCB = 2.2407
[seed 11 | ucb] iteration 042 | observed = 142 | selected = 64 | LD50 raw = 2.8510 | mu = 0.5664 | sigma = 0.8437 | UCB = 2.2201
[seed 11 | ucb] iteration 043 | observed = 143 | selected = 995 | LD50 raw = 1.3570 | mu = 1.0344 | sigma = 0.5939 | UCB = 2.1985
[seed 11 | ucb] iteration 044 | observed = 144 | selected = 1621 | LD50 raw = 1.4650 | mu = 0.2850 | sigma = 0.9700 | UCB = 2.1863
[seed 11 | ucb] iteration 045 | observed = 145 | selected = 1133 | LD50 raw = 1.7290 | mu = 0.7343 | sigma = 0.7541 | UCB = 2.2124
[seed 11 | ucb] iteration 046 | observed = 146 | selected = 359 | LD50 raw = 1.2990 | mu = 0.7714 | sigma = 0.7172 | UCB = 2.1772
[seed 11 | ucb] iteration 047 | observed = 147 | selected = 1770 | LD50 raw = 2.0240 | mu = 0.4966 | sigma = 0.8584 | UCB = 2.1790
[seed 11 | ucb] iteration 048 | observed = 148 | selected = 301 | LD50 raw = 2.5870 | mu = 0.5348 | sigma = 0.8280 | UCB = 2.1577
[seed 11 | ucb] iteration 049 | observed = 149 | selected = 1673 | LD50 raw = 1.9750 | mu = 0.2987 | sigma = 0.9392 | UCB = 2.1396
[seed 11 | ucb] iteration 050 | observed = 150 | selected = 847 | LD50 raw = 2.0510 | mu = 0.8723 | sigma = 0.6412 | UCB = 2.1291
[seed 11 | ucb] iteration 051 | observed = 151 | selected = 607 | LD50 raw = 1.1630 | mu = 1.0289 | sigma = 0.5614 | UCB = 2.1292
[seed 11 | ucb] iteration 052 | observed = 152 | selected = 748 | LD50 raw = 1.8350 | mu = 1.0253 | sigma = 0.5564 | UCB = 2.1159
[seed 11 | ucb] iteration 053 | observed = 153 | selected = 1372 | LD50 raw = 2.0440 | mu = 0.3123 | sigma = 0.9146 | UCB = 2.1050
[seed 11 | ucb] iteration 054 | observed = 154 | selected = 392 | LD50 raw = 2.0120 | mu = 0.9101 | sigma = 0.6487 | UCB = 2.1816
[seed 11 | ucb] iteration 055 | observed = 155 | selected = 1977 | LD50 raw = 0.8210 | mu = 0.4617 | sigma = 0.8705 | UCB = 2.1679
[seed 11 | ucb] iteration 056 | observed = 156 | selected = 1738 | LD50 raw = 0.7890 | mu = 1.1926 | sigma = 0.6371 | UCB = 2.4413
[seed 11 | ucb] iteration 057 | observed = 157 | selected = 1295 | LD50 raw = 1.6140 | mu = 0.9404 | sigma = 0.7204 | UCB = 2.3524
[seed 11 | ucb] iteration 058 | observed = 158 | selected = 943 | LD50 raw = 2.0390 | mu = 0.7442 | sigma = 0.7920 | UCB = 2.2965
[seed 11 | ucb] iteration 059 | observed = 159 | selected = 655 | LD50 raw = 0.8750 | mu = 0.9072 | sigma = 0.6697 | UCB = 2.2198
[seed 11 | ucb] iteration 060 | observed = 160 | selected = 1674 | LD50 raw = 1.6250 | mu = 0.6847 | sigma = 0.8346 | UCB = 2.3205
[seed 11 | ucb] iteration 061 | observed = 161 | selected = 1957 | LD50 raw = 1.6870 | mu = 0.8670 | sigma = 0.6774 | UCB = 2.1946
[seed 11 | ucb] iteration 062 | observed = 162 | selected = 739 | LD50 raw = 1.5010 | mu = 0.8107 | sigma = 0.6789 | UCB = 2.1414
[seed 11 | ucb] iteration 063 | observed = 163 | selected = 1026 | LD50 raw = 2.4870 | mu = 0.7917 | sigma = 0.7658 | UCB = 2.2927
[seed 11 | ucb] iteration 064 | observed = 164 | selected = 1230 | LD50 raw = 1.7190 | mu = 0.7405 | sigma = 0.7048 | UCB = 2.1219
[seed 11 | ucb] iteration 065 | observed = 165 | selected = 1167 | LD50 raw = 1.5850 | mu = 0.5847 | sigma = 0.8477 | UCB = 2.2461
[seed 11 | ucb] iteration 066 | observed = 166 | selected = 606 | LD50 raw = 1.3070 | mu = 0.6281 | sigma = 0.7781 | UCB = 2.1533
[seed 11 | ucb] iteration 067 | observed = 167 | selected = 1320 | LD50 raw = 4.2260 | mu = 0.2292 | sigma = 0.9449 | UCB = 2.0812
[seed 11 | ucb] iteration 068 | observed = 168 | selected = 859 | LD50 raw = 0.8260 | mu = 0.6986 | sigma = 0.7102 | UCB = 2.0907
[seed 11 | ucb] iteration 069 | observed = 169 | selected = 871 | LD50 raw = 1.6360 | mu = 1.0582 | sigma = 0.6251 | UCB = 2.2834
[seed 11 | ucb] iteration 070 | observed = 170 | selected = 807 | LD50 raw = 0.9460 | mu = 0.9689 | sigma = 0.7610 | UCB = 2.4604
[seed 11 | ucb] iteration 071 | observed = 171 | selected = 982 | LD50 raw = 1.1620 | mu = 1.0920 | sigma = 0.5906 | UCB = 2.2496
[seed 11 | ucb] iteration 072 | observed = 172 | selected = 984 | LD50 raw = 1.2250 | mu = 0.9478 | sigma = 0.6382 | UCB = 2.1986
[seed 11 | ucb] iteration 073 | observed = 173 | selected = 1453 | LD50 raw = 1.8530 | mu = 0.6938 | sigma = 0.7982 | UCB = 2.2582
[seed 11 | ucb] iteration 074 | observed = 174 | selected = 983 | LD50 raw = 1.5140 | mu = 0.8833 | sigma = 0.6102 | UCB = 2.0793
[seed 11 | ucb] iteration 075 | observed = 175 | selected = 804 | LD50 raw = 0.9270 | mu = 0.6461 | sigma = 0.7859 | UCB = 2.1864
[seed 11 | ucb] iteration 076 | observed = 176 | selected = 976 | LD50 raw = 1.3390 | mu = 1.0156 | sigma = 0.5837 | UCB = 2.1597
[seed 11 | ucb] iteration 077 | observed = 177 | selected = 825 | LD50 raw = 1.7170 | mu = 0.9803 | sigma = 0.5927 | UCB = 2.1420
[seed 11 | ucb] iteration 078 | observed = 178 | selected = 1633 | LD50 raw = 1.3220 | mu = 0.7980 | sigma = 0.6663 | UCB = 2.1040
[seed 11 | ucb] iteration 079 | observed = 179 | selected = 725 | LD50 raw = 1.6220 | mu = 0.5353 | sigma = 0.8524 | UCB = 2.2061
[seed 11 | ucb] iteration 080 | observed = 180 | selected = 708 | LD50 raw = 2.1700 | mu = 0.7951 | sigma = 0.7070 | UCB = 2.1808
[seed 11 | ucb] iteration 081 | observed = 181 | selected = 710 | LD50 raw = 1.3950 | mu = 1.0209 | sigma = 0.5457 | UCB = 2.0905
[seed 11 | ucb] iteration 082 | observed = 182 | selected = 625 | LD50 raw = 1.0710 | mu = 0.6136 | sigma = 0.7275 | UCB = 2.0395
[seed 11 | ucb] iteration 083 | observed = 183 | selected = 518 | LD50 raw = 1.4820 | mu = 0.8332 | sigma = 0.6763 | UCB = 2.1587
[seed 11 | ucb] iteration 084 | observed = 184 | selected = 649 | LD50 raw = 1.2050 | mu = 0.8648 | sigma = 0.5951 | UCB = 2.0312
[seed 11 | ucb] iteration 085 | observed = 185 | selected = 870 | LD50 raw = 1.3580 | mu = 0.9555 | sigma = 0.5542 | UCB = 2.0418
[seed 11 | ucb] iteration 086 | observed = 186 | selected = 1661 | LD50 raw = 1.4680 | mu = 0.7062 | sigma = 0.6759 | UCB = 2.0309
[seed 11 | ucb] iteration 087 | observed = 187 | selected = 1607 | LD50 raw = 1.6000 | mu = 0.2471 | sigma = 0.9046 | UCB = 2.0200
[seed 11 | ucb] iteration 088 | observed = 188 | selected = 1190 | LD50 raw = 2.0960 | mu = 0.4795 | sigma = 0.8120 | UCB = 2.0710
[seed 11 | ucb] iteration 089 | observed = 189 | selected = 1217 | LD50 raw = 2.6700 | mu = 0.2681 | sigma = 0.8939 | UCB = 2.0202
[seed 11 | ucb] iteration 090 | observed = 190 | selected = 1445 | LD50 raw = 1.0420 | mu = 0.2718 | sigma = 0.8953 | UCB = 2.0266
[seed 11 | ucb] iteration 091 | observed = 191 | selected = 1547 | LD50 raw = 2.7440 | mu = 0.4098 | sigma = 0.8603 | UCB = 2.0961
[seed 11 | ucb] iteration 092 | observed = 192 | selected = 2009 | LD50 raw = 1.5430 | mu = 0.2780 | sigma = 0.9069 | UCB = 2.0556
[seed 11 | ucb] iteration 093 | observed = 193 | selected = 1955 | LD50 raw = 1.7140 | mu = 0.5784 | sigma = 0.8229 | UCB = 2.1913
[seed 11 | ucb] iteration 094 | observed = 194 | selected = 1559 | LD50 raw = 1.9550 | mu = 0.5168 | sigma = 0.8377 | UCB = 2.1587
[seed 11 | ucb] iteration 095 | observed = 195 | selected = 977 | LD50 raw = 1.3870 | mu = 0.9021 | sigma = 0.5686 | UCB = 2.0166
[seed 11 | ucb] iteration 096 | observed = 196 | selected = 634 | LD50 raw = 1.3410 | mu = 0.5712 | sigma = 0.8001 | UCB = 2.1393
[seed 11 | ucb] iteration 097 | observed = 197 | selected = 596 | LD50 raw = 3.3220 | mu = 0.2927 | sigma = 0.8768 | UCB = 2.0112
[seed 11 | ucb] iteration 098 | observed = 198 | selected = 1298 | LD50 raw = 5.1290 | mu = 0.1487 | sigma = 0.9568 | UCB = 2.0240
[seed 11 | ucb] iteration 099 | observed = 199 | selected = 1283 | LD50 raw = 3.1720 | mu = 0.4204 | sigma = 0.8206 | UCB = 2.0288
[seed 11 | ucb] iteration 100 | observed = 200 | selected = 1842 | LD50 raw = 2.0460 | mu = 0.5940 | sigma = 0.7301 | UCB = 2.0251
[seed 11 | ucb] iteration 101 | observed = 201 | selected = 1943 | LD50 raw = 1.7960 | mu = 0.2831 | sigma = 0.8776 | UCB = 2.0031
[seed 11 | ucb] iteration 102 | observed = 202 | selected = 654 | LD50 raw = 2.7690 | mu = 0.5583 | sigma = 0.8278 | UCB = 2.1808
[seed 11 | ucb] iteration 103 | observed = 203 | selected = 1335 | LD50 raw = 2.8480 | mu = 0.4229 | sigma = 0.8939 | UCB = 2.1750
[seed 11 | ucb] iteration 104 | observed = 204 | selected = 1301 | LD50 raw = 1.4920 | mu = 0.5102 | sigma = 0.8448 | UCB = 2.1661
[seed 11 | ucb] iteration 105 | observed = 205 | selected = 288 | LD50 raw = 2.4350 | mu = 0.4648 | sigma = 0.8629 | UCB = 2.1560
[seed 11 | ucb] iteration 106 | observed = 206 | selected = 1543 | LD50 raw = 2.1090 | mu = 0.4040 | sigma = 0.8317 | UCB = 2.0340
[seed 11 | ucb] iteration 107 | observed = 207 | selected = 1617 | LD50 raw = 2.7750 | mu = 0.7005 | sigma = 0.6544 | UCB = 1.9832
[seed 11 | ucb] iteration 108 | observed = 208 | selected = 1132 | LD50 raw = 1.9950 | mu = 0.9275 | sigma = 0.5599 | UCB = 2.0250
[seed 11 | ucb] iteration 109 | observed = 209 | selected = 1962 | LD50 raw = 1.3250 | mu = 0.5014 | sigma = 0.7713 | UCB = 2.0133
[seed 11 | ucb] iteration 110 | observed = 210 | selected = 1662 | LD50 raw = 1.3930 | mu = 0.8172 | sigma = 0.6124 | UCB = 2.0175
[seed 11 | ucb] iteration 111 | observed = 211 | selected = 636 | LD50 raw = 1.4650 | mu = 0.4956 | sigma = 0.8800 | UCB = 2.2203
[seed 11 | ucb] iteration 112 | observed = 212 | selected = 966 | LD50 raw = 1.2520 | mu = 0.4985 | sigma = 0.7946 | UCB = 2.0559
[seed 11 | ucb] iteration 113 | observed = 213 | selected = 1678 | LD50 raw = 1.8130 | mu = 0.7217 | sigma = 0.6954 | UCB = 2.0846
[seed 11 | ucb] iteration 114 | observed = 214 | selected = 1918 | LD50 raw = 2.1790 | mu = 0.4288 | sigma = 0.8783 | UCB = 2.1503
[seed 11 | ucb] iteration 115 | observed = 215 | selected = 973 | LD50 raw = 1.7740 | mu = 0.3549 | sigma = 0.8471 | UCB = 2.0153
[seed 11 | ucb] iteration 116 | observed = 216 | selected = 609 | LD50 raw = 1.6220 | mu = 0.9296 | sigma = 0.5377 | UCB = 1.9835
[seed 11 | ucb] iteration 117 | observed = 217 | selected = 1470 | LD50 raw = 0.9450 | mu = 0.5807 | sigma = 0.7876 | UCB = 2.1244
[seed 11 | ucb] iteration 118 | observed = 218 | selected = 1569 | LD50 raw = 3.0430 | mu = 0.8255 | sigma = 0.5820 | UCB = 1.9663
[seed 11 | ucb] iteration 119 | observed = 219 | selected = 777 | LD50 raw = 2.9870 | mu = 0.8431 | sigma = 0.5782 | UCB = 1.9763
[seed 11 | ucb] iteration 120 | observed = 220 | selected = 1134 | LD50 raw = 1.2450 | mu = 0.7680 | sigma = 0.6322 | UCB = 2.0072
[seed 11 | ucb] iteration 121 | observed = 221 | selected = 592 | LD50 raw = 1.4300 | mu = 0.8623 | sigma = 0.6057 | UCB = 2.0495
[seed 11 | ucb] iteration 122 | observed = 222 | selected = 889 | LD50 raw = 0.5800 | mu = 0.7387 | sigma = 0.7862 | UCB = 2.2797
[seed 11 | ucb] iteration 123 | observed = 223 | selected = 952 | LD50 raw = 0.6850 | mu = 1.1236 | sigma = 0.6388 | UCB = 2.3758
[seed 11 | ucb] iteration 124 | observed = 224 | selected = 573 | LD50 raw = 1.4790 | mu = 1.1643 | sigma = 0.6781 | UCB = 2.4934
[seed 11 | ucb] iteration 125 | observed = 225 | selected = 991 | LD50 raw = 1.5270 | mu = 0.9716 | sigma = 0.6796 | UCB = 2.3035
[seed 11 | ucb] iteration 126 | observed = 226 | selected = 994 | LD50 raw = 0.8940 | mu = 0.8463 | sigma = 0.6895 | UCB = 2.1976
[seed 11 | ucb] iteration 127 | observed = 227 | selected = 835 | LD50 raw = 1.3220 | mu = 0.9948 | sigma = 0.6381 | UCB = 2.2455
[seed 11 | ucb] iteration 128 | observed = 228 | selected = 1120 | LD50 raw = 1.5520 | mu = 0.9523 | sigma = 0.6457 | UCB = 2.2177
[seed 11 | ucb] iteration 129 | observed = 229 | selected = 958 | LD50 raw = 1.3690 | mu = 1.0155 | sigma = 0.7065 | UCB = 2.4002
[seed 11 | ucb] iteration 130 | observed = 230 | selected = 878 | LD50 raw = 1.2650 | mu = 1.0674 | sigma = 0.5684 | UCB = 2.1813
[seed 11 | ucb] iteration 131 | observed = 231 | selected = 965 | LD50 raw = 0.9380 | mu = 1.0350 | sigma = 0.5657 | UCB = 2.1438
[seed 11 | ucb] iteration 132 | observed = 232 | selected = 651 | LD50 raw = 0.8640 | mu = 0.8347 | sigma = 0.6691 | UCB = 2.1461
[seed 11 | ucb] iteration 133 | observed = 233 | selected = 1020 | LD50 raw = 1.1420 | mu = 1.1497 | sigma = 0.5625 | UCB = 2.2522
[seed 11 | ucb] iteration 134 | observed = 234 | selected = 865 | LD50 raw = 1.5910 | mu = 0.9606 | sigma = 0.6593 | UCB = 2.2528
[seed 11 | ucb] iteration 135 | observed = 235 | selected = 756 | LD50 raw = 2.1020 | mu = 0.9314 | sigma = 0.6876 | UCB = 2.2790
[seed 11 | ucb] iteration 136 | observed = 236 | selected = 781 | LD50 raw = 1.3290 | mu = 0.8211 | sigma = 0.7217 | UCB = 2.2356
[seed 11 | ucb] iteration 137 | observed = 237 | selected = 747 | LD50 raw = 1.6310 | mu = 1.0445 | sigma = 0.5512 | UCB = 2.1248
[seed 11 | ucb] iteration 138 | observed = 238 | selected = 1170 | LD50 raw = 1.4100 | mu = 1.0016 | sigma = 0.5593 | UCB = 2.0978
[seed 11 | ucb] iteration 139 | observed = 239 | selected = 917 | LD50 raw = 1.6940 | mu = 0.8097 | sigma = 0.6546 | UCB = 2.0927
[seed 11 | ucb] iteration 140 | observed = 240 | selected = 162 | LD50 raw = 1.6510 | mu = 0.5037 | sigma = 0.8013 | UCB = 2.0743
[seed 11 | ucb] iteration 141 | observed = 241 | selected = 667 | LD50 raw = 1.7540 | mu = 0.6445 | sigma = 0.7727 | UCB = 2.1589
[seed 11 | ucb] iteration 142 | observed = 242 | selected = 658 | LD50 raw = 1.2950 | mu = 0.4632 | sigma = 0.8434 | UCB = 2.1163
[seed 11 | ucb] iteration 143 | observed = 243 | selected = 867 | LD50 raw = 1.5320 | mu = 0.9728 | sigma = 0.5544 | UCB = 2.0595
[seed 11 | ucb] iteration 144 | observed = 244 | selected = 215 | LD50 raw = 1.8980 | mu = 0.3894 | sigma = 0.8450 | UCB = 2.0456
[seed 11 | ucb] iteration 145 | observed = 245 | selected = 760 | LD50 raw = 1.0810 | mu = 0.8879 | sigma = 0.5769 | UCB = 2.0186
[seed 11 | ucb] iteration 146 | observed = 246 | selected = 544 | LD50 raw = 1.6590 | mu = 0.8190 | sigma = 0.6406 | UCB = 2.0747
[seed 11 | ucb] iteration 147 | observed = 247 | selected = 953 | LD50 raw = 1.6070 | mu = 0.9775 | sigma = 0.5310 | UCB = 2.0181
[seed 11 | ucb] iteration 148 | observed = 248 | selected = 849 | LD50 raw = 2.5320 | mu = 0.6031 | sigma = 0.8146 | UCB = 2.1998
[seed 11 | ucb] iteration 149 | observed = 249 | selected = 1384 | LD50 raw = 1.7320 | mu = 0.3757 | sigma = 0.8828 | UCB = 2.1059
[seed 11 | ucb] iteration 150 | observed = 250 | selected = 792 | LD50 raw = 1.6830 | mu = 0.9280 | sigma = 0.5483 | UCB = 2.0027
[seed 11 | ucb] iteration 151 | observed = 251 | selected = 213 | LD50 raw = 1.7310 | mu = 0.5813 | sigma = 0.7241 | UCB = 2.0005
[seed 11 | ucb] iteration 152 | observed = 252 | selected = 1517 | LD50 raw = 3.4000 | mu = 0.2945 | sigma = 0.8449 | UCB = 1.9505
[seed 11 | ucb] iteration 153 | observed = 253 | selected = 1539 | LD50 raw = 3.6100 | mu = 0.3611 | sigma = 0.8752 | UCB = 2.0765
[seed 11 | ucb] iteration 154 | observed = 254 | selected = 485 | LD50 raw = 3.3880 | mu = 0.2052 | sigma = 0.9006 | UCB = 1.9703
[seed 11 | ucb] iteration 155 | observed = 255 | selected = 657 | LD50 raw = 1.1130 | mu = 0.5188 | sigma = 0.7353 | UCB = 1.9600
[seed 11 | ucb] iteration 156 | observed = 256 | selected = 1091 | LD50 raw = 0.9560 | mu = 0.7116 | sigma = 0.6341 | UCB = 1.9545
[seed 11 | ucb] iteration 157 | observed = 257 | selected = 527 | LD50 raw = 0.9650 | mu = 0.8580 | sigma = 0.5928 | UCB = 2.0199
[seed 11 | ucb] iteration 158 | observed = 258 | selected = 730 | LD50 raw = 0.8440 | mu = 0.8738 | sigma = 0.6126 | UCB = 2.0746
[seed 11 | ucb] iteration 159 | observed = 259 | selected = 692 | LD50 raw = 1.3120 | mu = 0.9260 | sigma = 0.5642 | UCB = 2.0318
[seed 11 | ucb] iteration 160 | observed = 260 | selected = 972 | LD50 raw = 1.6590 | mu = 0.9360 | sigma = 0.5517 | UCB = 2.0174
[seed 11 | ucb] iteration 161 | observed = 261 | selected = 806 | LD50 raw = 1.3970 | mu = 0.9146 | sigma = 0.5570 | UCB = 2.0064
[seed 11 | ucb] iteration 162 | observed = 262 | selected = 872 | LD50 raw = 1.0850 | mu = 0.9289 | sigma = 0.5390 | UCB = 1.9854
[seed 11 | ucb] iteration 163 | observed = 263 | selected = 639 | LD50 raw = 0.8410 | mu = 0.8954 | sigma = 0.5671 | UCB = 2.0069
[seed 11 | ucb] iteration 164 | observed = 264 | selected = 821 | LD50 raw = 0.7510 | mu = 0.9837 | sigma = 0.5518 | UCB = 2.0654
[seed 11 | ucb] iteration 165 | observed = 265 | selected = 1106 | LD50 raw = 1.6730 | mu = 0.9204 | sigma = 0.6072 | UCB = 2.1104
[seed 11 | ucb] iteration 166 | observed = 266 | selected = 824 | LD50 raw = 0.9140 | mu = 0.8564 | sigma = 0.6063 | UCB = 2.0448
[seed 11 | ucb] iteration 167 | observed = 267 | selected = 614 | LD50 raw = 1.0680 | mu = 0.9310 | sigma = 0.5888 | UCB = 2.0850
[seed 11 | ucb] iteration 168 | observed = 268 | selected = 543 | LD50 raw = 0.9380 | mu = 0.9293 | sigma = 0.6183 | UCB = 2.1412
[seed 11 | ucb] iteration 169 | observed = 269 | selected = 522 | LD50 raw = 0.9510 | mu = 1.2971 | sigma = 0.5614 | UCB = 2.3976
[seed 11 | ucb] iteration 170 | observed = 270 | selected = 516 | LD50 raw = 1.0510 | mu = 1.3335 | sigma = 0.5044 | UCB = 2.3222
[seed 11 | ucb] iteration 171 | observed = 271 | selected = 1182 | LD50 raw = 1.4860 | mu = 1.1504 | sigma = 0.5691 | UCB = 2.2659
[seed 11 | ucb] iteration 172 | observed = 272 | selected = 920 | LD50 raw = 2.0190 | mu = 1.0511 | sigma = 0.5660 | UCB = 2.1605
[seed 11 | ucb] iteration 173 | observed = 273 | selected = 1118 | LD50 raw = 1.2460 | mu = 1.1241 | sigma = 0.5240 | UCB = 2.1512
[seed 11 | ucb] iteration 174 | observed = 274 | selected = 970 | LD50 raw = 1.6270 | mu = 0.9459 | sigma = 0.5761 | UCB = 2.0751
[seed 11 | ucb] iteration 175 | observed = 275 | selected = 1107 | LD50 raw = 1.7930 | mu = 1.0334 | sigma = 0.5174 | UCB = 2.0476
[seed 11 | ucb] iteration 176 | observed = 276 | selected = 906 | LD50 raw = 0.9780 | mu = 0.9722 | sigma = 0.5415 | UCB = 2.0337
[seed 11 | ucb] iteration 177 | observed = 277 | selected = 954 | LD50 raw = 1.6440 | mu = 0.8737 | sigma = 0.5966 | UCB = 2.0431
[seed 11 | ucb] iteration 178 | observed = 278 | selected = 903 | LD50 raw = 2.1580 | mu = 0.9934 | sigma = 0.5120 | UCB = 1.9969
[seed 11 | ucb] iteration 179 | observed = 279 | selected = 5 | LD50 raw = 1.5690 | mu = 0.3549 | sigma = 0.8179 | UCB = 1.9580
[seed 11 | ucb] iteration 180 | observed = 280 | selected = 112 | LD50 raw = 1.6490 | mu = 0.5628 | sigma = 0.7222 | UCB = 1.9782
[seed 11 | ucb] iteration 181 | observed = 281 | selected = 665 | LD50 raw = 1.2020 | mu = 0.9742 | sigma = 0.4931 | UCB = 1.9408
[seed 11 | ucb] iteration 182 | observed = 282 | selected = 968 | LD50 raw = 1.5420 | mu = 0.9335 | sigma = 0.5123 | UCB = 1.9376
[seed 11 | ucb] iteration 183 | observed = 283 | selected = 791 | LD50 raw = 2.5070 | mu = 0.7282 | sigma = 0.6123 | UCB = 1.9284
[seed 11 | ucb] iteration 184 | observed = 284 | selected = 2027 | LD50 raw = 1.9700 | mu = 0.4342 | sigma = 0.8356 | UCB = 2.0719
[seed 11 | ucb] iteration 185 | observed = 285 | selected = 1117 | LD50 raw = 1.5150 | mu = 0.8034 | sigma = 0.5806 | UCB = 1.9415
[seed 11 | ucb] iteration 186 | observed = 286 | selected = 2 | LD50 raw = 1.7650 | mu = 0.3801 | sigma = 0.7862 | UCB = 1.9210
[seed 11 | ucb] iteration 187 | observed = 287 | selected = 827 | LD50 raw = 1.4550 | mu = 0.8827 | sigma = 0.5251 | UCB = 1.9118
[seed 11 | ucb] iteration 188 | observed = 288 | selected = 1652 | LD50 raw = 1.9220 | mu = 0.5673 | sigma = 0.6850 | UCB = 1.9099
[seed 11 | ucb] iteration 189 | observed = 289 | selected = 526 | LD50 raw = 2.1230 | mu = 0.3412 | sigma = 0.7942 | UCB = 1.8978
[seed 11 | ucb] iteration 190 | observed = 290 | selected = 528 | LD50 raw = 0.7860 | mu = 0.4610 | sigma = 0.7318 | UCB = 1.8954
[seed 11 | ucb] iteration 191 | observed = 291 | selected = 488 | LD50 raw = 1.3570 | mu = 0.3455 | sigma = 0.8758 | UCB = 2.0621
[seed 11 | ucb] iteration 192 | observed = 292 | selected = 489 | LD50 raw = 1.5400 | mu = 0.6027 | sigma = 0.8080 | UCB = 2.1865
[seed 11 | ucb] iteration 193 | observed = 293 | selected = 85 | LD50 raw = 1.5250 | mu = 0.7868 | sigma = 0.6454 | UCB = 2.0518
[seed 11 | ucb] iteration 194 | observed = 294 | selected = 1550 | LD50 raw = 2.1340 | mu = 0.2522 | sigma = 0.8954 | UCB = 2.0072
[seed 11 | ucb] iteration 195 | observed = 295 | selected = 333 | LD50 raw = 2.0310 | mu = 0.5737 | sigma = 0.7177 | UCB = 1.9804
[seed 11 | ucb] iteration 196 | observed = 296 | selected = 14 | LD50 raw = 2.3080 | mu = 0.6113 | sigma = 0.6826 | UCB = 1.9492
[seed 11 | ucb] iteration 197 | observed = 297 | selected = 559 | LD50 raw = 1.2230 | mu = 0.9248 | sigma = 0.5225 | UCB = 1.9489
[seed 11 | ucb] iteration 198 | observed = 298 | selected = 1455 | LD50 raw = 1.3780 | mu = 0.7591 | sigma = 0.5751 | UCB = 1.8862
[seed 11 | ucb] iteration 199 | observed = 299 | selected = 1194 | LD50 raw = 3.0210 | mu = 0.3498 | sigma = 0.8657 | UCB = 2.0465
[seed 11 | ucb] iteration 200 | observed = 300 | selected = 132 | LD50 raw = 1.0760 | mu = 0.3423 | sigma = 0.7921 | UCB = 1.8948
[seed 11 | ucb] iteration 201 | observed = 301 | selected = 90 | LD50 raw = 1.8740 | mu = 0.8119 | sigma = 0.7070 | UCB = 2.1975
[seed 11 | ucb] iteration 202 | observed = 302 | selected = 449 | LD50 raw = 1.6590 | mu = 0.7475 | sigma = 0.6723 | UCB = 2.0651
[seed 11 | ucb] iteration 203 | observed = 303 | selected = 1522 | LD50 raw = 1.4700 | mu = 0.4751 | sigma = 0.7933 | UCB = 2.0299
[seed 11 | ucb] iteration 204 | observed = 304 | selected = 385 | LD50 raw = 2.3160 | mu = 0.5197 | sigma = 0.8006 | UCB = 2.0888
[seed 11 | ucb] iteration 205 | observed = 305 | selected = 2013 | LD50 raw = 1.2240 | mu = 0.4511 | sigma = 0.8129 | UCB = 2.0444
[seed 11 | ucb] iteration 206 | observed = 306 | selected = 1598 | LD50 raw = 1.9370 | mu = 0.6664 | sigma = 0.7644 | UCB = 2.1647
[seed 11 | ucb] iteration 207 | observed = 307 | selected = 130 | LD50 raw = 1.5320 | mu = 0.7123 | sigma = 0.6691 | UCB = 2.0237
[seed 11 | ucb] iteration 208 | observed = 308 | selected = 1790 | LD50 raw = 1.5950 | mu = 0.3511 | sigma = 0.8606 | UCB = 2.0379
[seed 11 | ucb] iteration 209 | observed = 309 | selected = 391 | LD50 raw = 2.3540 | mu = 0.4436 | sigma = 0.8066 | UCB = 2.0245
[seed 11 | ucb] iteration 210 | observed = 310 | selected = 1000 | LD50 raw = 5.2360 | mu = 0.4041 | sigma = 0.8246 | UCB = 2.0203
[seed 11 | ucb] iteration 211 | observed = 311 | selected = 164 | LD50 raw = 1.9500 | mu = 0.2845 | sigma = 0.8706 | UCB = 1.9909
[seed 11 | ucb] iteration 212 | observed = 312 | selected = 218 | LD50 raw = 1.1490 | mu = 0.4088 | sigma = 0.7878 | UCB = 1.9529
[seed 11 | ucb] iteration 213 | observed = 313 | selected = 145 | LD50 raw = 1.6450 | mu = 0.9245 | sigma = 0.5826 | UCB = 2.0665
[seed 11 | ucb] iteration 214 | observed = 314 | selected = 467 | LD50 raw = 1.7380 | mu = 0.6726 | sigma = 0.7723 | UCB = 2.1862
[seed 11 | ucb] iteration 215 | observed = 315 | selected = 174 | LD50 raw = 1.2040 | mu = 0.5879 | sigma = 0.7180 | UCB = 1.9952
[seed 11 | ucb] iteration 216 | observed = 316 | selected = 1787 | LD50 raw = 1.3180 | mu = 0.6214 | sigma = 0.7317 | UCB = 2.0555
[seed 11 | ucb] iteration 217 | observed = 317 | selected = 1402 | LD50 raw = 4.0860 | mu = 0.4640 | sigma = 0.7882 | UCB = 2.0089
[seed 11 | ucb] iteration 218 | observed = 318 | selected = 267 | LD50 raw = 1.8420 | mu = 0.9172 | sigma = 0.6139 | UCB = 2.1204
[seed 11 | ucb] iteration 219 | observed = 319 | selected = 461 | LD50 raw = 1.3850 | mu = 0.6671 | sigma = 0.7328 | UCB = 2.1033
[seed 11 | ucb] iteration 220 | observed = 320 | selected = 1851 | LD50 raw = 1.7400 | mu = 0.4585 | sigma = 0.7837 | UCB = 1.9945
[seed 11 | ucb] iteration 221 | observed = 321 | selected = 200 | LD50 raw = 2.4240 | mu = 0.3259 | sigma = 0.8792 | UCB = 2.0492
[seed 11 | ucb] iteration 222 | observed = 322 | selected = 2044 | LD50 raw = 0.2910 | mu = 0.5432 | sigma = 0.7170 | UCB = 1.9485
[seed 11 | ucb] iteration 223 | observed = 323 | selected = 1487 | LD50 raw = 1.7070 | mu = 1.7697 | sigma = 0.5346 | UCB = 2.8174
[seed 11 | ucb] iteration 224 | observed = 324 | selected = 1702 | LD50 raw = 2.8680 | mu = 0.7231 | sigma = 0.8313 | UCB = 2.3524
[seed 11 | ucb] iteration 225 | observed = 325 | selected = 1310 | LD50 raw = 1.5030 | mu = 0.7308 | sigma = 0.7525 | UCB = 2.2057
[seed 11 | ucb] iteration 226 | observed = 326 | selected = 1488 | LD50 raw = 1.9340 | mu = 0.4857 | sigma = 0.8001 | UCB = 2.0539
[seed 11 | ucb] iteration 227 | observed = 327 | selected = 308 | LD50 raw = 1.5410 | mu = 0.5102 | sigma = 0.7845 | UCB = 2.0477
[seed 11 | ucb] iteration 228 | observed = 328 | selected = 32 | LD50 raw = 2.3030 | mu = 0.6051 | sigma = 0.7125 | UCB = 2.0016
[seed 11 | ucb] iteration 229 | observed = 329 | selected = 172 | LD50 raw = 1.7670 | mu = 0.4602 | sigma = 0.8251 | UCB = 2.0774
[seed 11 | ucb] iteration 230 | observed = 330 | selected = 2047 | LD50 raw = 2.7520 | mu = 0.5895 | sigma = 0.6935 | UCB = 1.9488
[seed 11 | ucb] iteration 231 | observed = 331 | selected = 1596 | LD50 raw = 1.7800 | mu = 0.4129 | sigma = 0.7853 | UCB = 1.9522
[seed 11 | ucb] iteration 232 | observed = 332 | selected = 1391 | LD50 raw = 2.5920 | mu = 0.1419 | sigma = 0.9166 | UCB = 1.9383
[seed 11 | ucb] iteration 233 | observed = 333 | selected = 1564 | LD50 raw = 6.0320 | mu = 0.3180 | sigma = 0.8809 | UCB = 2.0445
[seed 11 | ucb] iteration 234 | observed = 334 | selected = 1526 | LD50 raw = 1.7420 | mu = 0.3484 | sigma = 0.8774 | UCB = 2.0681
[seed 11 | ucb] iteration 235 | observed = 335 | selected = 1655 | LD50 raw = 1.4970 | mu = 0.3569 | sigma = 0.8226 | UCB = 1.9693
[seed 11 | ucb] iteration 236 | observed = 336 | selected = 1990 | LD50 raw = 3.0270 | mu = 0.4716 | sigma = 0.7766 | UCB = 1.9937
[seed 11 | ucb] iteration 237 | observed = 337 | selected = 610 | LD50 raw = 1.0940 | mu = 0.3619 | sigma = 0.8197 | UCB = 1.9686
[seed 11 | ucb] iteration 238 | observed = 338 | selected = 548 | LD50 raw = 1.4940 | mu = 0.5242 | sigma = 0.7593 | UCB = 2.0123
[seed 11 | ucb] iteration 239 | observed = 339 | selected = 959 | LD50 raw = 1.2930 | mu = 0.4982 | sigma = 0.7713 | UCB = 2.0100
[seed 11 | ucb] iteration 240 | observed = 340 | selected = 1657 | LD50 raw = 1.7950 | mu = 0.3012 | sigma = 0.9126 | UCB = 2.0900
[seed 11 | ucb] iteration 241 | observed = 341 | selected = 1324 | LD50 raw = 2.3740 | mu = 0.2933 | sigma = 0.9054 | UCB = 2.0678
[seed 11 | ucb] iteration 242 | observed = 342 | selected = 627 | LD50 raw = 1.6420 | mu = 0.7675 | sigma = 0.6088 | UCB = 1.9607
[seed 11 | ucb] iteration 243 | observed = 343 | selected = 1239 | LD50 raw = 1.1980 | mu = 0.6242 | sigma = 0.6780 | UCB = 1.9531
[seed 11 | ucb] iteration 244 | observed = 344 | selected = 1852 | LD50 raw = 2.3950 | mu = 0.8641 | sigma = 0.6011 | UCB = 2.0422
[seed 11 | ucb] iteration 245 | observed = 345 | selected = 10 | LD50 raw = 1.8080 | mu = 0.6751 | sigma = 0.7572 | UCB = 2.1593
[seed 11 | ucb] iteration 246 | observed = 346 | selected = 338 | LD50 raw = 1.7910 | mu = 0.4570 | sigma = 0.7631 | UCB = 1.9526
[seed 11 | ucb] iteration 247 | observed = 347 | selected = 237 | LD50 raw = 1.8450 | mu = 0.7032 | sigma = 0.6357 | UCB = 1.9492
[seed 11 | ucb] iteration 248 | observed = 348 | selected = 295 | LD50 raw = 3.5880 | mu = 0.3525 | sigma = 0.8110 | UCB = 1.9421
[seed 11 | ucb] iteration 249 | observed = 349 | selected = 1717 | LD50 raw = 1.9750 | mu = 0.3233 | sigma = 0.8848 | UCB = 2.0575
[seed 11 | ucb] iteration 250 | observed = 350 | selected = 468 | LD50 raw = 2.2850 | mu = 0.4600 | sigma = 0.7581 | UCB = 1.9459
[seed 11 | ucb] iteration 251 | observed = 351 | selected = 1855 | LD50 raw = 2.8510 | mu = 0.1981 | sigma = 0.8837 | UCB = 1.9302
[seed 11 | ucb] iteration 252 | observed = 352 | selected = 1173 | LD50 raw = 0.9760 | mu = 0.8144 | sigma = 0.5654 | UCB = 1.9227
[seed 11 | ucb] iteration 253 | observed = 353 | selected = 1558 | LD50 raw = 1.6980 | mu = 0.3003 | sigma = 0.8930 | UCB = 2.0505
[seed 11 | ucb] iteration 254 | observed = 354 | selected = 586 | LD50 raw = 1.3450 | mu = 0.8506 | sigma = 0.5526 | UCB = 1.9336
[seed 11 | ucb] iteration 255 | observed = 355 | selected = 645 | LD50 raw = 1.6030 | mu = 0.8400 | sigma = 0.5574 | UCB = 1.9324
[seed 11 | ucb] iteration 256 | observed = 356 | selected = 163 | LD50 raw = 2.4680 | mu = 0.5286 | sigma = 0.7073 | UCB = 1.9149
[seed 11 | ucb] iteration 257 | observed = 357 | selected = 1033 | LD50 raw = 1.4160 | mu = 0.8905 | sigma = 0.5217 | UCB = 1.9130
[seed 11 | ucb] iteration 258 | observed = 358 | selected = 736 | LD50 raw = 1.4660 | mu = 0.8125 | sigma = 0.6288 | UCB = 2.0449
[seed 11 | ucb] iteration 259 | observed = 359 | selected = 113 | LD50 raw = 1.8840 | mu = 0.5716 | sigma = 0.6761 | UCB = 1.8967
[seed 11 | ucb] iteration 260 | observed = 360 | selected = 949 | LD50 raw = 1.5040 | mu = 0.6063 | sigma = 0.6553 | UCB = 1.8908
[seed 11 | ucb] iteration 261 | observed = 361 | selected = 1958 | LD50 raw = 1.5940 | mu = 0.3649 | sigma = 0.7761 | UCB = 1.8861
[seed 11 | ucb] iteration 262 | observed = 362 | selected = 1082 | LD50 raw = 1.6280 | mu = 0.3632 | sigma = 0.8568 | UCB = 2.0424
[seed 11 | ucb] iteration 263 | observed = 363 | selected = 1443 | LD50 raw = 3.1040 | mu = 0.2667 | sigma = 0.8983 | UCB = 2.0274
[seed 11 | ucb] iteration 264 | observed = 364 | selected = 1605 | LD50 raw = 2.1450 | mu = 0.2843 | sigma = 0.8160 | UCB = 1.8836
[seed 11 | ucb] iteration 265 | observed = 365 | selected = 336 | LD50 raw = 2.3610 | mu = 0.6771 | sigma = 0.6861 | UCB = 2.0218
[seed 11 | ucb] iteration 266 | observed = 366 | selected = 647 | LD50 raw = 1.5880 | mu = 0.7245 | sigma = 0.5896 | UCB = 1.8800
[seed 11 | ucb] iteration 267 | observed = 367 | selected = 2041 | LD50 raw = 2.1420 | mu = 0.2492 | sigma = 0.8986 | UCB = 2.0104
[seed 11 | ucb] iteration 268 | observed = 368 | selected = 1971 | LD50 raw = 2.3160 | mu = 0.5989 | sigma = 0.6470 | UCB = 1.8671
[seed 11 | ucb] iteration 269 | observed = 369 | selected = 101 | LD50 raw = 1.5680 | mu = 0.4085 | sigma = 0.7425 | UCB = 1.8638
[seed 11 | ucb] iteration 270 | observed = 370 | selected = 28 | LD50 raw = 2.5650 | mu = 0.6072 | sigma = 0.6545 | UCB = 1.8900
[seed 11 | ucb] iteration 271 | observed = 371 | selected = 352 | LD50 raw = 2.3430 | mu = 0.3991 | sigma = 0.8164 | UCB = 1.9993
[seed 11 | ucb] iteration 272 | observed = 372 | selected = 929 | LD50 raw = 1.1590 | mu = 0.8380 | sigma = 0.5268 | UCB = 1.8705
[seed 11 | ucb] iteration 273 | observed = 373 | selected = 999 | LD50 raw = 2.8390 | mu = 0.2306 | sigma = 0.8962 | UCB = 1.9871
[seed 11 | ucb] iteration 274 | observed = 374 | selected = 936 | LD50 raw = 1.5560 | mu = 0.6761 | sigma = 0.6076 | UCB = 1.8670
[seed 11 | ucb] iteration 275 | observed = 375 | selected = 1360 | LD50 raw = 1.9360 | mu = 0.7231 | sigma = 0.5853 | UCB = 1.8703
[seed 11 | ucb] iteration 276 | observed = 376 | selected = 329 | LD50 raw = 3.0460 | mu = 0.3580 | sigma = 0.7632 | UCB = 1.8539
[seed 11 | ucb] iteration 277 | observed = 377 | selected = 587 | LD50 raw = 1.0370 | mu = 0.8462 | sigma = 0.5092 | UCB = 1.8442
[seed 11 | ucb] iteration 278 | observed = 378 | selected = 1060 | LD50 raw = 1.6740 | mu = 0.9347 | sigma = 0.4921 | UCB = 1.8993
[seed 11 | ucb] iteration 279 | observed = 379 | selected = 1730 | LD50 raw = 3.4850 | mu = 0.2347 | sigma = 0.8920 | UCB = 1.9830
[seed 11 | ucb] iteration 280 | observed = 380 | selected = 1032 | LD50 raw = 1.4740 | mu = 0.8715 | sigma = 0.5067 | UCB = 1.8646
[seed 11 | ucb] iteration 281 | observed = 381 | selected = 166 | LD50 raw = 1.9840 | mu = 0.5858 | sigma = 0.6434 | UCB = 1.8469
[seed 11 | ucb] iteration 282 | observed = 382 | selected = 701 | LD50 raw = 2.3800 | mu = 0.5626 | sigma = 0.6522 | UCB = 1.8409
[seed 11 | ucb] iteration 283 | observed = 383 | selected = 714 | LD50 raw = 1.1950 | mu = 0.8310 | sigma = 0.5116 | UCB = 1.8338
[seed 11 | ucb] iteration 284 | observed = 384 | selected = 677 | LD50 raw = 1.0760 | mu = 0.8482 | sigma = 0.5205 | UCB = 1.8685
[seed 11 | ucb] iteration 285 | observed = 385 | selected = 1639 | LD50 raw = 2.2610 | mu = 0.4757 | sigma = 0.7641 | UCB = 1.9734
[seed 11 | ucb] iteration 286 | observed = 386 | selected = 262 | LD50 raw = 2.4850 | mu = 0.3836 | sigma = 0.7508 | UCB = 1.8551
[seed 11 | ucb] iteration 287 | observed = 387 | selected = 731 | LD50 raw = 1.2590 | mu = 0.8986 | sigma = 0.5039 | UCB = 1.8861
[seed 11 | ucb] iteration 288 | observed = 388 | selected = 1421 | LD50 raw = 1.8990 | mu = 0.2772 | sigma = 0.8601 | UCB = 1.9630
[seed 11 | ucb] iteration 289 | observed = 389 | selected = 1103 | LD50 raw = 1.0580 | mu = 0.9296 | sigma = 0.4810 | UCB = 1.8724
[seed 11 | ucb] iteration 290 | observed = 390 | selected = 600 | LD50 raw = 1.8310 | mu = 0.8456 | sigma = 0.5076 | UCB = 1.8406
[seed 11 | ucb] iteration 291 | observed = 391 | selected = 939 | LD50 raw = 1.6170 | mu = 0.8399 | sigma = 0.5013 | UCB = 1.8224
[seed 11 | ucb] iteration 292 | observed = 392 | selected = 1901 | LD50 raw = 1.5550 | mu = 0.6854 | sigma = 0.5754 | UCB = 1.8132
[seed 11 | ucb] iteration 293 | observed = 393 | selected = 1236 | LD50 raw = 1.7560 | mu = 0.4885 | sigma = 0.6722 | UCB = 1.8059
[seed 11 | ucb] iteration 294 | observed = 394 | selected = 964 | LD50 raw = 1.4900 | mu = 0.7794 | sigma = 0.5218 | UCB = 1.8020
[seed 11 | ucb] iteration 295 | observed = 395 | selected = 524 | LD50 raw = 0.9480 | mu = 0.8789 | sigma = 0.4664 | UCB = 1.7931
[seed 11 | ucb] iteration 296 | observed = 396 | selected = 1361 | LD50 raw = 2.2000 | mu = 0.2358 | sigma = 0.8824 | UCB = 1.9653
[seed 11 | ucb] iteration 297 | observed = 397 | selected = 1462 | LD50 raw = 3.3660 | mu = 0.2833 | sigma = 0.8535 | UCB = 1.9561
[seed 11 | ucb] iteration 298 | observed = 398 | selected = 738 | LD50 raw = 1.7790 | mu = 0.9275 | sigma = 0.4714 | UCB = 1.8515
[seed 11 | ucb] iteration 299 | observed = 399 | selected = 848 | LD50 raw = 1.5870 | mu = 0.8291 | sigma = 0.4978 | UCB = 1.8049
[seed 11 | pareto] iteration 000 | observed = 100 | selected = 1167 | LD50 raw = 1.5850 | mu = 1.0013 | sigma = 0.7989 | UCB = 2.5671
[seed 11 | pareto] iteration 001 | observed = 101 | selected = 1134 | LD50 raw = 1.2450 | mu = 1.3045 | sigma = 0.8228 | UCB = 2.9171
[seed 11 | pareto] iteration 002 | observed = 102 | selected = 625 | LD50 raw = 1.0710 | mu = 0.9431 | sigma = 0.7885 | UCB = 2.4887
[seed 11 | pareto] iteration 003 | observed = 103 | selected = 850 | LD50 raw = 2.3390 | mu = 0.6065 | sigma = 0.9149 | UCB = 2.3998
[seed 11 | pareto] iteration 004 | observed = 104 | selected = 655 | LD50 raw = 0.8750 | mu = 1.1300 | sigma = 0.7874 | UCB = 2.6732
[seed 11 | pareto] iteration 005 | observed = 105 | selected = 1230 | LD50 raw = 1.7190 | mu = 0.7185 | sigma = 0.8218 | UCB = 2.3293
[seed 11 | pareto] iteration 006 | observed = 106 | selected = 847 | LD50 raw = 2.0510 | mu = 1.2307 | sigma = 0.7151 | UCB = 2.6324
[seed 11 | pareto] iteration 007 | observed = 107 | selected = 331 | LD50 raw = 1.2490 | mu = 0.6538 | sigma = 0.8448 | UCB = 2.3095
[seed 11 | pareto] iteration 008 | observed = 108 | selected = 739 | LD50 raw = 1.5010 | mu = 1.0873 | sigma = 0.8044 | UCB = 2.6639
[seed 11 | pareto] iteration 009 | observed = 109 | selected = 552 | LD50 raw = 1.1130 | mu = 0.9131 | sigma = 0.7520 | UCB = 2.3870
[seed 11 | pareto] iteration 010 | observed = 110 | selected = 633 | LD50 raw = 1.4610 | mu = 1.2587 | sigma = 0.7545 | UCB = 2.7376
[seed 11 | pareto] iteration 011 | observed = 111 | selected = 638 | LD50 raw = 1.6080 | mu = 1.8008 | sigma = 0.6632 | UCB = 3.1007
[seed 11 | pareto] iteration 012 | observed = 112 | selected = 1970 | LD50 raw = 2.0640 | mu = 0.4638 | sigma = 0.9365 | UCB = 2.2993
[seed 11 | pareto] iteration 013 | observed = 113 | selected = 606 | LD50 raw = 1.3070 | mu = 1.1299 | sigma = 0.7558 | UCB = 2.6112
[seed 11 | pareto] iteration 014 | observed = 114 | selected = 128 | LD50 raw = 1.1060 | mu = 0.9243 | sigma = 0.7996 | UCB = 2.4915
[seed 11 | pareto] iteration 015 | observed = 115 | selected = 787 | LD50 raw = 2.2850 | mu = 0.7011 | sigma = 0.7785 | UCB = 2.2270
[seed 11 | pareto] iteration 016 | observed = 116 | selected = 688 | LD50 raw = 1.0700 | mu = 0.5998 | sigma = 0.8061 | UCB = 2.1798
[seed 11 | pareto] iteration 017 | observed = 117 | selected = 64 | LD50 raw = 2.8510 | mu = 0.5418 | sigma = 0.8487 | UCB = 2.2052
[seed 11 | pareto] iteration 018 | observed = 118 | selected = 676 | LD50 raw = 1.3180 | mu = 0.5913 | sigma = 0.8216 | UCB = 2.2018
[seed 11 | pareto] iteration 019 | observed = 119 | selected = 971 | LD50 raw = 2.4280 | mu = 0.5884 | sigma = 0.8015 | UCB = 2.1594
[seed 11 | pareto] iteration 020 | observed = 120 | selected = 1770 | LD50 raw = 2.0240 | mu = 0.4843 | sigma = 0.8363 | UCB = 2.1235
[seed 11 | pareto] iteration 021 | observed = 121 | selected = 556 | LD50 raw = 1.6850 | mu = 0.8924 | sigma = 0.7044 | UCB = 2.2730
[seed 11 | pareto] iteration 022 | observed = 122 | selected = 647 | LD50 raw = 1.5880 | mu = 0.8424 | sigma = 0.7882 | UCB = 2.3872
[seed 11 | pareto] iteration 023 | observed = 123 | selected = 669 | LD50 raw = 1.1560 | mu = 1.1300 | sigma = 0.7066 | UCB = 2.5150
[seed 11 | pareto] iteration 024 | observed = 124 | selected = 301 | LD50 raw = 2.5870 | mu = 0.5070 | sigma = 0.7930 | UCB = 2.0613
[seed 11 | pareto] iteration 025 | observed = 125 | selected = 800 | LD50 raw = 2.9580 | mu = 0.6302 | sigma = 0.7349 | UCB = 2.0706
[seed 11 | pareto] iteration 026 | observed = 126 | selected = 434 | LD50 raw = 2.5480 | mu = 0.5757 | sigma = 0.7784 | UCB = 2.1013
[seed 11 | pareto] iteration 027 | observed = 127 | selected = 1674 | LD50 raw = 1.6250 | mu = 0.7154 | sigma = 0.7080 | UCB = 2.1031
[seed 11 | pareto] iteration 028 | observed = 128 | selected = 544 | LD50 raw = 1.6590 | mu = 0.5551 | sigma = 0.7611 | UCB = 2.0468
[seed 11 | pareto] iteration 029 | observed = 129 | selected = 762 | LD50 raw = 1.7480 | mu = 0.9924 | sigma = 0.6395 | UCB = 2.2459
[seed 11 | pareto] iteration 030 | observed = 130 | selected = 1977 | LD50 raw = 0.8210 | mu = 1.0173 | sigma = 0.7168 | UCB = 2.4222
[seed 11 | pareto] iteration 031 | observed = 131 | selected = 622 | LD50 raw = 1.5230 | mu = 0.8335 | sigma = 0.6634 | UCB = 2.1337
[seed 11 | pareto] iteration 032 | observed = 132 | selected = 1450 | LD50 raw = 1.8030 | mu = 0.8428 | sigma = 0.7283 | UCB = 2.2703
[seed 11 | pareto] iteration 033 | observed = 133 | selected = 938 | LD50 raw = 0.8220 | mu = 1.1870 | sigma = 0.6284 | UCB = 2.4186
[seed 11 | pareto] iteration 034 | observed = 134 | selected = 1499 | LD50 raw = 2.5350 | mu = 0.4486 | sigma = 0.7955 | UCB = 2.0077
[seed 11 | pareto] iteration 035 | observed = 135 | selected = 528 | LD50 raw = 0.7860 | mu = 0.5214 | sigma = 0.7496 | UCB = 1.9907
[seed 11 | pareto] iteration 036 | observed = 136 | selected = 634 | LD50 raw = 1.3410 | mu = 0.7218 | sigma = 0.6893 | UCB = 2.0729
[seed 11 | pareto] iteration 037 | observed = 137 | selected = 664 | LD50 raw = 2.4600 | mu = 1.2563 | sigma = 0.6029 | UCB = 2.4380
[seed 11 | pareto] iteration 038 | observed = 138 | selected = 1301 | LD50 raw = 1.4920 | mu = 0.5778 | sigma = 0.7337 | UCB = 2.0157
[seed 11 | pareto] iteration 039 | observed = 139 | selected = 1295 | LD50 raw = 1.6140 | mu = 0.8012 | sigma = 0.6594 | UCB = 2.0936
[seed 11 | pareto] iteration 040 | observed = 140 | selected = 1233 | LD50 raw = 1.8080 | mu = 0.7851 | sigma = 0.7255 | UCB = 2.2071
[seed 11 | pareto] iteration 041 | observed = 141 | selected = 673 | LD50 raw = 1.7990 | mu = 0.9909 | sigma = 0.6564 | UCB = 2.2774
[seed 11 | pareto] iteration 042 | observed = 142 | selected = 657 | LD50 raw = 1.1130 | mu = 0.5682 | sigma = 0.7170 | UCB = 1.9734
[seed 11 | pareto] iteration 043 | observed = 143 | selected = 672 | LD50 raw = 1.4950 | mu = 0.4005 | sigma = 0.8786 | UCB = 2.1226
[seed 11 | pareto] iteration 044 | observed = 144 | selected = 1526 | LD50 raw = 1.7420 | mu = 0.3607 | sigma = 0.8415 | UCB = 2.0101
[seed 11 | pareto] iteration 045 | observed = 145 | selected = 753 | LD50 raw = 2.3420 | mu = 1.0035 | sigma = 0.6354 | UCB = 2.2489
[seed 11 | pareto] iteration 046 | observed = 146 | selected = 1673 | LD50 raw = 1.9750 | mu = 0.3034 | sigma = 0.9002 | UCB = 2.0677
[seed 11 | pareto] iteration 047 | observed = 147 | selected = 218 | LD50 raw = 1.1490 | mu = 0.4370 | sigma = 0.7713 | UCB = 1.9489
[seed 11 | pareto] iteration 048 | observed = 148 | selected = 1955 | LD50 raw = 1.7140 | mu = 0.8469 | sigma = 0.6740 | UCB = 2.1679
[seed 11 | pareto] iteration 049 | observed = 149 | selected = 174 | LD50 raw = 1.2040 | mu = 0.6443 | sigma = 0.7242 | UCB = 2.0637
[seed 11 | pareto] iteration 050 | observed = 150 | selected = 502 | LD50 raw = 2.8180 | mu = 0.8132 | sigma = 0.6743 | UCB = 2.1349
[seed 11 | pareto] iteration 051 | observed = 151 | selected = 1851 | LD50 raw = 1.7400 | mu = 0.4372 | sigma = 0.8391 | UCB = 2.0818
[seed 11 | pareto] iteration 052 | observed = 152 | selected = 164 | LD50 raw = 1.9500 | mu = 0.4272 | sigma = 0.8352 | UCB = 2.0642
[seed 11 | pareto] iteration 053 | observed = 153 | selected = 1918 | LD50 raw = 2.1790 | mu = 0.4338 | sigma = 0.7783 | UCB = 1.9594
[seed 11 | pareto] iteration 054 | observed = 154 | selected = 467 | LD50 raw = 1.7380 | mu = 0.7743 | sigma = 0.7133 | UCB = 2.1725
[seed 11 | pareto] iteration 055 | observed = 155 | selected = 1787 | LD50 raw = 1.3180 | mu = 0.5785 | sigma = 0.7847 | UCB = 2.1165
[seed 11 | pareto] iteration 056 | observed = 156 | selected = 1052 | LD50 raw = 3.6550 | mu = 0.5940 | sigma = 0.7404 | UCB = 2.0452
[seed 11 | pareto] iteration 057 | observed = 157 | selected = 129 | LD50 raw = 1.3410 | mu = 0.3964 | sigma = 0.8425 | UCB = 2.0476
[seed 11 | pareto] iteration 058 | observed = 158 | selected = 22 | LD50 raw = 1.4640 | mu = 0.6700 | sigma = 0.7418 | UCB = 2.1239
[seed 11 | pareto] iteration 059 | observed = 159 | selected = 163 | LD50 raw = 2.4680 | mu = 0.6490 | sigma = 0.7486 | UCB = 2.1162
[seed 11 | pareto] iteration 060 | observed = 160 | selected = 266 | LD50 raw = 2.3580 | mu = 0.5906 | sigma = 0.7000 | UCB = 1.9626
[seed 11 | pareto] iteration 061 | observed = 161 | selected = 1607 | LD50 raw = 1.6000 | mu = 0.3205 | sigma = 0.8641 | UCB = 2.0142
[seed 11 | pareto] iteration 062 | observed = 162 | selected = 1217 | LD50 raw = 2.6700 | mu = 0.3144 | sigma = 0.8754 | UCB = 2.0303
[seed 11 | pareto] iteration 063 | observed = 163 | selected = 584 | LD50 raw = 1.1560 | mu = 1.3077 | sigma = 0.5953 | UCB = 2.4745
[seed 11 | pareto] iteration 064 | observed = 164 | selected = 1283 | LD50 raw = 3.1720 | mu = 0.4233 | sigma = 0.8049 | UCB = 2.0009
[seed 11 | pareto] iteration 065 | observed = 165 | selected = 668 | LD50 raw = 0.7800 | mu = 1.1541 | sigma = 0.6071 | UCB = 2.3440
[seed 11 | pareto] iteration 066 | observed = 166 | selected = 933 | LD50 raw = 2.5360 | mu = 0.6300 | sigma = 0.7480 | UCB = 2.0960
[seed 11 | pareto] iteration 067 | observed = 167 | selected = 1190 | LD50 raw = 2.0960 | mu = 0.4283 | sigma = 0.7949 | UCB = 1.9863
[seed 11 | pareto] iteration 068 | observed = 168 | selected = 859 | LD50 raw = 0.8260 | mu = 0.6628 | sigma = 0.6990 | UCB = 2.0329
[seed 11 | pareto] iteration 069 | observed = 169 | selected = 793 | LD50 raw = 1.6270 | mu = 0.9435 | sigma = 0.6797 | UCB = 2.2757
[seed 11 | pareto] iteration 070 | observed = 170 | selected = 807 | LD50 raw = 0.9460 | mu = 1.0169 | sigma = 0.6343 | UCB = 2.2601
[seed 11 | pareto] iteration 071 | observed = 171 | selected = 977 | LD50 raw = 1.3870 | mu = 0.7440 | sigma = 0.6955 | UCB = 2.1073
[seed 11 | pareto] iteration 072 | observed = 172 | selected = 2048 | LD50 raw = 3.6870 | mu = 0.2630 | sigma = 0.8816 | UCB = 1.9909
[seed 11 | pareto] iteration 073 | observed = 173 | selected = 359 | LD50 raw = 1.2990 | mu = 0.7447 | sigma = 0.6777 | UCB = 2.0729
[seed 11 | pareto] iteration 074 | observed = 174 | selected = 1372 | LD50 raw = 2.0440 | mu = 0.2920 | sigma = 0.8983 | UCB = 2.0526
[seed 11 | pareto] iteration 075 | observed = 175 | selected = 1793 | LD50 raw = 1.1960 | mu = 0.4610 | sigma = 0.8090 | UCB = 2.0466
[seed 11 | pareto] iteration 076 | observed = 176 | selected = 93 | LD50 raw = 2.5110 | mu = 0.4156 | sigma = 0.7870 | UCB = 1.9580
[seed 11 | pareto] iteration 077 | observed = 177 | selected = 1402 | LD50 raw = 4.0860 | mu = 0.4026 | sigma = 0.7909 | UCB = 1.9527
[seed 11 | pareto] iteration 078 | observed = 178 | selected = 1621 | LD50 raw = 1.4650 | mu = 0.2576 | sigma = 0.9549 | UCB = 2.1291
[seed 11 | pareto] iteration 079 | observed = 179 | selected = 130 | LD50 raw = 1.5320 | mu = 0.4307 | sigma = 0.8104 | UCB = 2.0190
[seed 11 | pareto] iteration 080 | observed = 180 | selected = 10 | LD50 raw = 1.8080 | mu = 0.5775 | sigma = 0.7704 | UCB = 2.0875
[seed 11 | pareto] iteration 081 | observed = 181 | selected = 2013 | LD50 raw = 1.2240 | mu = 0.4162 | sigma = 0.8132 | UCB = 2.0102
[seed 11 | pareto] iteration 082 | observed = 182 | selected = 1522 | LD50 raw = 1.4700 | mu = 0.5822 | sigma = 0.8218 | UCB = 2.1931
[seed 11 | pareto] iteration 083 | observed = 183 | selected = 1598 | LD50 raw = 1.9370 | mu = 0.6093 | sigma = 0.8027 | UCB = 2.1826
[seed 11 | pareto] iteration 084 | observed = 184 | selected = 1488 | LD50 raw = 1.9340 | mu = 0.4257 | sigma = 0.8456 | UCB = 2.0831
[seed 11 | pareto] iteration 085 | observed = 185 | selected = 380 | LD50 raw = 1.5070 | mu = 0.4564 | sigma = 0.8154 | UCB = 2.0546
[seed 11 | pareto] iteration 086 | observed = 186 | selected = 242 | LD50 raw = 2.0880 | mu = 0.5505 | sigma = 0.7580 | UCB = 2.0362
[seed 11 | pareto] iteration 087 | observed = 187 | selected = 1943 | LD50 raw = 1.7960 | mu = 0.2987 | sigma = 0.8440 | UCB = 1.9530
[seed 11 | pareto] iteration 088 | observed = 188 | selected = 485 | LD50 raw = 3.3880 | mu = 0.2474 | sigma = 0.9006 | UCB = 2.0126
[seed 11 | pareto] iteration 089 | observed = 189 | selected = 1704 | LD50 raw = 2.1540 | mu = 0.5781 | sigma = 0.7358 | UCB = 2.0202
[seed 11 | pareto] iteration 090 | observed = 190 | selected = 288 | LD50 raw = 2.4350 | mu = 0.5296 | sigma = 0.7451 | UCB = 1.9899
[seed 11 | pareto] iteration 091 | observed = 191 | selected = 2027 | LD50 raw = 1.9700 | mu = 0.4199 | sigma = 0.7752 | UCB = 1.9394
[seed 11 | pareto] iteration 092 | observed = 192 | selected = 461 | LD50 raw = 1.3850 | mu = 0.4982 | sigma = 0.7449 | UCB = 1.9582
[seed 11 | pareto] iteration 093 | observed = 193 | selected = 2047 | LD50 raw = 2.7520 | mu = 0.7169 | sigma = 0.7206 | UCB = 2.1293
[seed 11 | pareto] iteration 094 | observed = 194 | selected = 172 | LD50 raw = 1.7670 | mu = 0.4382 | sigma = 0.8197 | UCB = 2.0449
[seed 11 | pareto] iteration 095 | observed = 195 | selected = 488 | LD50 raw = 1.3570 | mu = 0.1700 | sigma = 0.9371 | UCB = 2.0066
[seed 11 | pareto] iteration 096 | observed = 196 | selected = 14 | LD50 raw = 2.3080 | mu = 0.5359 | sigma = 0.8314 | UCB = 2.1654
[seed 11 | pareto] iteration 097 | observed = 197 | selected = 337 | LD50 raw = 2.0720 | mu = 0.3685 | sigma = 0.8344 | UCB = 2.0040
[seed 11 | pareto] iteration 098 | observed = 198 | selected = 1550 | LD50 raw = 2.1340 | mu = 0.2277 | sigma = 0.9015 | UCB = 1.9947
[seed 11 | pareto] iteration 099 | observed = 199 | selected = 298 | LD50 raw = 3.2070 | mu = 0.3007 | sigma = 0.8123 | UCB = 1.8928
[seed 11 | pareto] iteration 100 | observed = 200 | selected = 132 | LD50 raw = 1.0760 | mu = 0.4907 | sigma = 0.7664 | UCB = 1.9928
[seed 11 | pareto] iteration 101 | observed = 201 | selected = 391 | LD50 raw = 2.3540 | mu = 0.4359 | sigma = 0.7697 | UCB = 1.9445
[seed 11 | pareto] iteration 102 | observed = 202 | selected = 388 | LD50 raw = 1.7700 | mu = 0.8135 | sigma = 0.6926 | UCB = 2.1710
[seed 11 | pareto] iteration 103 | observed = 203 | selected = 449 | LD50 raw = 1.6590 | mu = 0.7970 | sigma = 0.6624 | UCB = 2.0953
[seed 11 | pareto] iteration 104 | observed = 204 | selected = 1833 | LD50 raw = 3.2090 | mu = 0.6210 | sigma = 0.6931 | UCB = 1.9795
[seed 11 | pareto] iteration 105 | observed = 205 | selected = 1633 | LD50 raw = 1.3220 | mu = 0.5021 | sigma = 0.7825 | UCB = 2.0359
[seed 11 | pareto] iteration 106 | observed = 206 | selected = 1297 | LD50 raw = 2.9660 | mu = 0.1522 | sigma = 0.9073 | UCB = 1.9306
[seed 11 | pareto] iteration 107 | observed = 207 | selected = 1962 | LD50 raw = 1.3250 | mu = 0.3710 | sigma = 0.7832 | UCB = 1.9060
[seed 11 | pareto] iteration 108 | observed = 208 | selected = 636 | LD50 raw = 1.4650 | mu = 0.4151 | sigma = 0.7749 | UCB = 1.9339
[seed 11 | pareto] iteration 109 | observed = 209 | selected = 966 | LD50 raw = 1.2520 | mu = 0.4118 | sigma = 0.7933 | UCB = 1.9667
[seed 11 | pareto] iteration 110 | observed = 210 | selected = 959 | LD50 raw = 1.2930 | mu = 0.4702 | sigma = 0.7960 | UCB = 2.0304
[seed 11 | pareto] iteration 111 | observed = 211 | selected = 1678 | LD50 raw = 1.8130 | mu = 0.7838 | sigma = 0.7372 | UCB = 2.2286
[seed 11 | pareto] iteration 112 | observed = 212 | selected = 596 | LD50 raw = 3.3220 | mu = 0.3233 | sigma = 0.8686 | UCB = 2.0257
[seed 11 | pareto] iteration 113 | observed = 213 | selected = 973 | LD50 raw = 1.7740 | mu = 0.2729 | sigma = 0.8570 | UCB = 1.9526
[seed 11 | pareto] iteration 114 | observed = 214 | selected = 994 | LD50 raw = 0.8940 | mu = 0.6250 | sigma = 0.7394 | UCB = 2.0742
[seed 11 | pareto] iteration 115 | observed = 215 | selected = 1445 | LD50 raw = 1.0420 | mu = 0.2257 | sigma = 0.8988 | UCB = 1.9873
[seed 11 | pareto] iteration 116 | observed = 216 | selected = 1335 | LD50 raw = 2.8480 | mu = 0.5232 | sigma = 0.7906 | UCB = 2.0728
[seed 11 | pareto] iteration 117 | observed = 217 | selected = 2009 | LD50 raw = 1.5430 | mu = 0.2438 | sigma = 0.9165 | UCB = 2.0402
[seed 11 | pareto] iteration 118 | observed = 218 | selected = 835 | LD50 raw = 1.3220 | mu = 0.8771 | sigma = 0.7066 | UCB = 2.2621
[seed 11 | pareto] iteration 119 | observed = 219 | selected = 1842 | LD50 raw = 2.0460 | mu = 0.5749 | sigma = 0.7458 | UCB = 2.0366
[seed 11 | pareto] iteration 120 | observed = 220 | selected = 162 | LD50 raw = 1.6510 | mu = 0.3726 | sigma = 0.8060 | UCB = 1.9522
[seed 11 | pareto] iteration 121 | observed = 221 | selected = 952 | LD50 raw = 0.6850 | mu = 0.6883 | sigma = 0.7128 | UCB = 2.0853
[seed 11 | pareto] iteration 122 | observed = 222 | selected = 213 | LD50 raw = 1.7310 | mu = 0.6051 | sigma = 0.7415 | UCB = 2.0584
[seed 11 | pareto] iteration 123 | observed = 223 | selected = 308 | LD50 raw = 1.5410 | mu = 0.3871 | sigma = 0.7859 | UCB = 1.9273
[seed 11 | pareto] iteration 124 | observed = 224 | selected = 295 | LD50 raw = 3.5880 | mu = 0.2749 | sigma = 0.8231 | UCB = 1.8883
[seed 11 | pareto] iteration 125 | observed = 225 | selected = 667 | LD50 raw = 1.7540 | mu = 0.8554 | sigma = 0.7481 | UCB = 2.3216
[seed 11 | pareto] iteration 126 | observed = 226 | selected = 1661 | LD50 raw = 1.4680 | mu = 1.0516 | sigma = 0.6613 | UCB = 2.3478
[seed 11 | pareto] iteration 127 | observed = 227 | selected = 610 | LD50 raw = 1.0940 | mu = 0.3864 | sigma = 0.7816 | UCB = 1.9183
[seed 11 | pareto] iteration 128 | observed = 228 | selected = 781 | LD50 raw = 1.3290 | mu = 0.9422 | sigma = 0.6874 | UCB = 2.2894
[seed 11 | pareto] iteration 129 | observed = 229 | selected = 1559 | LD50 raw = 1.9550 | mu = 0.6849 | sigma = 0.7303 | UCB = 2.1163
[seed 11 | pareto] iteration 130 | observed = 230 | selected = 804 | LD50 raw = 0.9270 | mu = 0.8859 | sigma = 0.6644 | UCB = 2.1881
[seed 11 | pareto] iteration 131 | observed = 231 | selected = 215 | LD50 raw = 1.8980 | mu = 0.2598 | sigma = 0.8333 | UCB = 1.8931
[seed 11 | pareto] iteration 132 | observed = 232 | selected = 1517 | LD50 raw = 3.4000 | mu = 0.2284 | sigma = 0.8493 | UCB = 1.8931
[seed 11 | pareto] iteration 133 | observed = 233 | selected = 1975 | LD50 raw = 2.5260 | mu = 0.3731 | sigma = 0.7751 | UCB = 1.8922
[seed 11 | pareto] iteration 134 | observed = 234 | selected = 385 | LD50 raw = 2.3160 | mu = 0.5008 | sigma = 0.7336 | UCB = 1.9386
[seed 11 | pareto] iteration 135 | observed = 235 | selected = 1020 | LD50 raw = 1.1420 | mu = 0.9601 | sigma = 0.6428 | UCB = 2.2201
[seed 11 | pareto] iteration 136 | observed = 236 | selected = 1470 | LD50 raw = 0.9450 | mu = 0.6982 | sigma = 0.7371 | UCB = 2.1429
[seed 11 | pareto] iteration 137 | observed = 237 | selected = 725 | LD50 raw = 1.6220 | mu = 0.6259 | sigma = 0.7348 | UCB = 2.0662
[seed 11 | pareto] iteration 138 | observed = 238 | selected = 1958 | LD50 raw = 1.5940 | mu = 0.4185 | sigma = 0.7666 | UCB = 1.9211
[seed 11 | pareto] iteration 139 | observed = 239 | selected = 865 | LD50 raw = 1.5910 | mu = 0.8186 | sigma = 0.6892 | UCB = 2.1694
[seed 11 | pareto] iteration 140 | observed = 240 | selected = 761 | LD50 raw = 1.5570 | mu = 0.9068 | sigma = 0.6445 | UCB = 2.1700
[seed 11 | pareto] iteration 141 | observed = 241 | selected = 32 | LD50 raw = 2.3030 | mu = 0.5310 | sigma = 0.7594 | UCB = 2.0195
[seed 11 | pareto] iteration 142 | observed = 242 | selected = 1106 | LD50 raw = 1.6730 | mu = 0.6893 | sigma = 0.6807 | UCB = 2.0236
[seed 11 | pareto] iteration 143 | observed = 243 | selected = 1835 | LD50 raw = 1.4250 | mu = 0.5038 | sigma = 0.7201 | UCB = 1.9151
[seed 11 | pareto] iteration 144 | observed = 244 | selected = 548 | LD50 raw = 1.4940 | mu = 0.4758 | sigma = 0.7242 | UCB = 1.8952
[seed 11 | pareto] iteration 145 | observed = 245 | selected = 917 | LD50 raw = 1.6940 | mu = 0.5436 | sigma = 0.7467 | UCB = 2.0073
[seed 11 | pareto] iteration 146 | observed = 246 | selected = 1547 | LD50 raw = 2.7440 | mu = 0.1854 | sigma = 0.8571 | UCB = 1.8654
[seed 11 | pareto] iteration 147 | observed = 247 | selected = 1400 | LD50 raw = 2.5740 | mu = 0.2691 | sigma = 0.7968 | UCB = 1.8309
[seed 11 | pareto] iteration 148 | observed = 248 | selected = 958 | LD50 raw = 1.3690 | mu = 0.9654 | sigma = 0.5911 | UCB = 2.1239
[seed 11 | pareto] iteration 149 | observed = 249 | selected = 760 | LD50 raw = 1.0810 | mu = 0.9228 | sigma = 0.5911 | UCB = 2.0813
[seed 11 | pareto] iteration 150 | observed = 250 | selected = 1043 | LD50 raw = 1.1960 | mu = 0.8770 | sigma = 0.6047 | UCB = 2.0622
[seed 11 | pareto] iteration 151 | observed = 251 | selected = 262 | LD50 raw = 2.4850 | mu = 0.5062 | sigma = 0.7037 | UCB = 1.8854
[seed 11 | pareto] iteration 152 | observed = 252 | selected = 1463 | LD50 raw = 1.3270 | mu = 0.3367 | sigma = 0.7487 | UCB = 1.8041
[seed 11 | pareto] iteration 153 | observed = 253 | selected = 1807 | LD50 raw = 1.2050 | mu = 0.5385 | sigma = 0.6908 | UCB = 1.8926
[seed 11 | pareto] iteration 154 | observed = 254 | selected = 1391 | LD50 raw = 2.5920 | mu = 0.1109 | sigma = 0.8942 | UCB = 1.8636
[seed 11 | pareto] iteration 155 | observed = 255 | selected = 1082 | LD50 raw = 1.6280 | mu = 0.2499 | sigma = 0.7801 | UCB = 1.7789
[seed 11 | pareto] iteration 156 | observed = 256 | selected = 949 | LD50 raw = 1.5040 | mu = 0.6477 | sigma = 0.6562 | UCB = 1.9338
[seed 11 | pareto] iteration 157 | observed = 257 | selected = 1102 | LD50 raw = 1.3590 | mu = 0.3775 | sigma = 0.7233 | UCB = 1.7951
[seed 11 | pareto] iteration 158 | observed = 258 | selected = 1639 | LD50 raw = 2.2610 | mu = 0.5220 | sigma = 0.6874 | UCB = 1.8693
[seed 11 | pareto] iteration 159 | observed = 259 | selected = 2 | LD50 raw = 1.7650 | mu = 0.2500 | sigma = 0.7727 | UCB = 1.7645
[seed 11 | pareto] iteration 160 | observed = 260 | selected = 1539 | LD50 raw = 3.6100 | mu = 0.1220 | sigma = 0.8477 | UCB = 1.7835
[seed 11 | pareto] iteration 161 | observed = 261 | selected = 17 | LD50 raw = 1.6520 | mu = 0.3683 | sigma = 0.7268 | UCB = 1.7929
[seed 11 | pareto] iteration 162 | observed = 262 | selected = 1437 | LD50 raw = 1.5910 | mu = 0.1608 | sigma = 0.8161 | UCB = 1.7605
[seed 11 | pareto] iteration 163 | observed = 263 | selected = 1596 | LD50 raw = 1.7800 | mu = 0.3136 | sigma = 0.7460 | UCB = 1.7758
[seed 11 | pareto] iteration 164 | observed = 264 | selected = 970 | LD50 raw = 1.6270 | mu = 0.8008 | sigma = 0.6334 | UCB = 2.0423
[seed 11 | pareto] iteration 165 | observed = 265 | selected = 1562 | LD50 raw = 2.8790 | mu = 0.1398 | sigma = 0.8240 | UCB = 1.7548
[seed 11 | pareto] iteration 166 | observed = 266 | selected = 1859 | LD50 raw = 3.5270 | mu = 0.0920 | sigma = 0.8690 | UCB = 1.7952
[seed 11 | pareto] iteration 167 | observed = 267 | selected = 42 | LD50 raw = 1.4510 | mu = 0.3016 | sigma = 0.7435 | UCB = 1.7588
[seed 11 | pareto] iteration 168 | observed = 268 | selected = 1543 | LD50 raw = 2.1090 | mu = 0.2896 | sigma = 0.7603 | UCB = 1.7798
[seed 11 | pareto] iteration 169 | observed = 269 | selected = 1251 | LD50 raw = 3.0870 | mu = 0.4458 | sigma = 0.6971 | UCB = 1.8121
[seed 11 | pareto] iteration 170 | observed = 270 | selected = 79 | LD50 raw = 1.9310 | mu = 0.2454 | sigma = 0.7731 | UCB = 1.7607
[seed 11 | pareto] iteration 171 | observed = 271 | selected = 721 | LD50 raw = 2.0730 | mu = 0.6915 | sigma = 0.6483 | UCB = 1.9621
[seed 11 | pareto] iteration 172 | observed = 272 | selected = 526 | LD50 raw = 2.1230 | mu = 0.1991 | sigma = 0.7833 | UCB = 1.7343
[seed 11 | pareto] iteration 173 | observed = 273 | selected = 972 | LD50 raw = 1.6590 | mu = 0.9542 | sigma = 0.5707 | UCB = 2.0728
[seed 11 | pareto] iteration 174 | observed = 274 | selected = 6 | LD50 raw = 1.9160 | mu = 0.4719 | sigma = 0.7071 | UCB = 1.8577
[seed 11 | pareto] iteration 175 | observed = 275 | selected = 1855 | LD50 raw = 2.8510 | mu = 0.1215 | sigma = 0.8155 | UCB = 1.7199
[seed 11 | pareto] iteration 176 | observed = 276 | selected = 1421 | LD50 raw = 1.8990 | mu = 0.2987 | sigma = 0.7355 | UCB = 1.7403
[seed 11 | pareto] iteration 177 | observed = 277 | selected = 1564 | LD50 raw = 6.0320 | mu = 0.0451 | sigma = 0.8778 | UCB = 1.7656
[seed 11 | pareto] iteration 178 | observed = 278 | selected = 1244 | LD50 raw = 1.8190 | mu = 0.1385 | sigma = 0.8320 | UCB = 1.7693
[seed 11 | pareto] iteration 179 | observed = 279 | selected = 1413 | LD50 raw = 1.8470 | mu = 0.1852 | sigma = 0.8055 | UCB = 1.7641
[seed 11 | pareto] iteration 180 | observed = 280 | selected = 1655 | LD50 raw = 1.4970 | mu = 0.2136 | sigma = 0.7944 | UCB = 1.7706
[seed 11 | pareto] iteration 181 | observed = 281 | selected = 1990 | LD50 raw = 3.0270 | mu = 0.4197 | sigma = 0.7814 | UCB = 1.9512
[seed 11 | pareto] iteration 182 | observed = 282 | selected = 1580 | LD50 raw = 1.9320 | mu = 0.0585 | sigma = 0.8729 | UCB = 1.7693
[seed 11 | pareto] iteration 183 | observed = 283 | selected = 1242 | LD50 raw = 2.4220 | mu = 0.1528 | sigma = 0.8172 | UCB = 1.7545
[seed 11 | pareto] iteration 184 | observed = 284 | selected = 2044 | LD50 raw = 0.2910 | mu = 0.4604 | sigma = 0.7273 | UCB = 1.8860
[seed 11 | pareto] iteration 185 | observed = 285 | selected = 1702 | LD50 raw = 2.8680 | mu = 0.5342 | sigma = 0.7431 | UCB = 1.9906
[seed 11 | pareto] iteration 186 | observed = 286 | selected = 9 | LD50 raw = 2.5690 | mu = 0.1194 | sigma = 0.8370 | UCB = 1.7598
[seed 11 | pareto] iteration 187 | observed = 287 | selected = 28 | LD50 raw = 2.5650 | mu = 0.2886 | sigma = 0.7727 | UCB = 1.8032
[seed 11 | pareto] iteration 188 | observed = 288 | selected = 1487 | LD50 raw = 1.7070 | mu = 1.1389 | sigma = 0.6509 | UCB = 2.4147
[seed 11 | pareto] iteration 189 | observed = 289 | selected = 1498 | LD50 raw = 1.9810 | mu = 0.1031 | sigma = 0.8254 | UCB = 1.7208
[seed 11 | pareto] iteration 190 | observed = 290 | selected = 1790 | LD50 raw = 1.5950 | mu = -0.0575 | sigma = 0.9178 | UCB = 1.7413
[seed 11 | pareto] iteration 191 | observed = 291 | selected = 1310 | LD50 raw = 1.5030 | mu = 0.8042 | sigma = 0.7169 | UCB = 2.2093
[seed 11 | pareto] iteration 192 | observed = 292 | selected = 1236 | LD50 raw = 1.7560 | mu = 0.5231 | sigma = 0.7185 | UCB = 1.9314
[seed 11 | pareto] iteration 193 | observed = 293 | selected = 1443 | LD50 raw = 3.1040 | mu = -0.0063 | sigma = 0.9135 | UCB = 1.7840
[seed 11 | pareto] iteration 194 | observed = 294 | selected = 960 | LD50 raw = 0.7700 | mu = 0.8249 | sigma = 0.6067 | UCB = 2.0141
[seed 11 | pareto] iteration 195 | observed = 295 | selected = 630 | LD50 raw = 2.5380 | mu = 0.1853 | sigma = 0.8007 | UCB = 1.7547
[seed 11 | pareto] iteration 196 | observed = 296 | selected = 1324 | LD50 raw = 2.3740 | mu = -0.0229 | sigma = 0.8744 | UCB = 1.6909
[seed 11 | pareto] iteration 197 | observed = 297 | selected = 626 | LD50 raw = 2.5760 | mu = 0.6426 | sigma = 0.6935 | UCB = 2.0020
[seed 11 | pareto] iteration 198 | observed = 298 | selected = 1290 | LD50 raw = 1.1930 | mu = 0.3031 | sigma = 0.7533 | UCB = 1.7796
[seed 11 | pareto] iteration 199 | observed = 299 | selected = 1864 | LD50 raw = 2.9170 | mu = 0.1960 | sigma = 0.7944 | UCB = 1.7531
[seed 11 | pareto] iteration 200 | observed = 300 | selected = 1627 | LD50 raw = 1.9510 | mu = 0.2427 | sigma = 0.7682 | UCB = 1.7484
[seed 11 | pareto] iteration 201 | observed = 301 | selected = 1215 | LD50 raw = 1.4890 | mu = 0.5229 | sigma = 0.7379 | UCB = 1.9692
[seed 11 | pareto] iteration 202 | observed = 302 | selected = 468 | LD50 raw = 2.2850 | mu = 0.3791 | sigma = 0.7346 | UCB = 1.8189
[seed 11 | pareto] iteration 203 | observed = 303 | selected = 1980 | LD50 raw = 2.4010 | mu = 0.1996 | sigma = 0.7805 | UCB = 1.7293
[seed 11 | pareto] iteration 204 | observed = 304 | selected = 1680 | LD50 raw = 1.6510 | mu = 0.6350 | sigma = 0.6821 | UCB = 1.9720
[seed 11 | pareto] iteration 205 | observed = 305 | selected = 843 | LD50 raw = 1.0010 | mu = 1.3461 | sigma = 0.5302 | UCB = 2.3852
[seed 11 | pareto] iteration 206 | observed = 306 | selected = 1852 | LD50 raw = 2.3950 | mu = 0.6355 | sigma = 0.6601 | UCB = 1.9293
[seed 11 | pareto] iteration 207 | observed = 307 | selected = 1438 | LD50 raw = 1.6130 | mu = 0.2272 | sigma = 0.7700 | UCB = 1.7365
[seed 11 | pareto] iteration 208 | observed = 308 | selected = 794 | LD50 raw = 1.8030 | mu = 1.0556 | sigma = 0.5526 | UCB = 2.1387
[seed 11 | pareto] iteration 209 | observed = 309 | selected = 1904 | LD50 raw = 1.4930 | mu = 1.0178 | sigma = 0.5512 | UCB = 2.0980
[seed 11 | pareto] iteration 210 | observed = 310 | selected = 1815 | LD50 raw = 2.1270 | mu = 0.4427 | sigma = 0.7325 | UCB = 1.8784
[seed 11 | pareto] iteration 211 | observed = 311 | selected = 2041 | LD50 raw = 2.1420 | mu = -0.0236 | sigma = 0.9130 | UCB = 1.7659
[seed 11 | pareto] iteration 212 | observed = 312 | selected = 33 | LD50 raw = 2.1790 | mu = 0.3375 | sigma = 0.7347 | UCB = 1.7776
[seed 11 | pareto] iteration 213 | observed = 313 | selected = 1722 | LD50 raw = 1.8990 | mu = 0.2199 | sigma = 0.7579 | UCB = 1.7054
[seed 11 | pareto] iteration 214 | observed = 314 | selected = 342 | LD50 raw = 1.4460 | mu = 0.0549 | sigma = 0.8122 | UCB = 1.6468
[seed 11 | pareto] iteration 215 | observed = 315 | selected = 352 | LD50 raw = 2.3430 | mu = 0.2316 | sigma = 0.7688 | UCB = 1.7385
[seed 11 | pareto] iteration 216 | observed = 316 | selected = 1717 | LD50 raw = 1.9750 | mu = 0.0976 | sigma = 0.7978 | UCB = 1.6613
[seed 11 | pareto] iteration 217 | observed = 317 | selected = 329 | LD50 raw = 3.0460 | mu = 0.2956 | sigma = 0.7366 | UCB = 1.7394
[seed 11 | pareto] iteration 218 | observed = 318 | selected = 519 | LD50 raw = 1.3270 | mu = 0.5465 | sigma = 0.6711 | UCB = 1.8619
[seed 11 | pareto] iteration 219 | observed = 319 | selected = 562 | LD50 raw = 2.7730 | mu = 0.0346 | sigma = 0.8354 | UCB = 1.6720
[seed 11 | pareto] iteration 220 | observed = 320 | selected = 842 | LD50 raw = 1.8600 | mu = 0.2755 | sigma = 0.7423 | UCB = 1.7303
[seed 11 | pareto] iteration 221 | observed = 321 | selected = 654 | LD50 raw = 2.7690 | mu = 0.6463 | sigma = 0.6481 | UCB = 1.9165
[seed 11 | pareto] iteration 222 | observed = 322 | selected = 571 | LD50 raw = 1.8800 | mu = 0.7874 | sigma = 0.5956 | UCB = 1.9548
[seed 11 | pareto] iteration 223 | observed = 323 | selected = 336 | LD50 raw = 2.3610 | mu = 0.5597 | sigma = 0.6621 | UCB = 1.8575
[seed 11 | pareto] iteration 224 | observed = 324 | selected = 1121 | LD50 raw = 2.7650 | mu = 0.8942 | sigma = 0.5698 | UCB = 2.0110
[seed 11 | pareto] iteration 225 | observed = 325 | selected = 943 | LD50 raw = 2.0390 | mu = 0.6424 | sigma = 0.6332 | UCB = 1.8835
[seed 11 | pareto] iteration 226 | observed = 326 | selected = 1270 | LD50 raw = 3.0520 | mu = 0.0658 | sigma = 0.7987 | UCB = 1.6313
[seed 11 | pareto] iteration 227 | observed = 327 | selected = 121 | LD50 raw = 1.2680 | mu = 0.3190 | sigma = 0.7311 | UCB = 1.7520
[seed 11 | pareto] iteration 228 | observed = 328 | selected = 8 | LD50 raw = 1.5410 | mu = 0.3098 | sigma = 0.7320 | UCB = 1.7445
[seed 11 | pareto] iteration 229 | observed = 329 | selected = 921 | LD50 raw = 1.7620 | mu = 0.3807 | sigma = 0.7543 | UCB = 1.8591
[seed 11 | pareto] iteration 230 | observed = 330 | selected = 87 | LD50 raw = 2.9550 | mu = 0.1680 | sigma = 0.7696 | UCB = 1.6765
[seed 11 | pareto] iteration 231 | observed = 331 | selected = 496 | LD50 raw = 2.6210 | mu = 0.2399 | sigma = 0.7391 | UCB = 1.6885
[seed 11 | pareto] iteration 232 | observed = 332 | selected = 1350 | LD50 raw = 2.2510 | mu = 0.2239 | sigma = 0.7432 | UCB = 1.6806
[seed 11 | pareto] iteration 233 | observed = 333 | selected = 1456 | LD50 raw = 2.2460 | mu = 0.5398 | sigma = 0.6578 | UCB = 1.8291
[seed 11 | pareto] iteration 234 | observed = 334 | selected = 499 | LD50 raw = 2.5340 | mu = 0.4344 | sigma = 0.7028 | UCB = 1.8119
[seed 11 | pareto] iteration 235 | observed = 335 | selected = 1315 | LD50 raw = 2.9800 | mu = -0.1479 | sigma = 0.9062 | UCB = 1.6282
[seed 11 | pareto] iteration 236 | observed = 336 | selected = 255 | LD50 raw = 2.6350 | mu = 0.1193 | sigma = 0.7662 | UCB = 1.6211
[seed 11 | pareto] iteration 237 | observed = 337 | selected = 1817 | LD50 raw = 2.5840 | mu = 0.0780 | sigma = 0.7771 | UCB = 1.6010
[seed 11 | pareto] iteration 238 | observed = 338 | selected = 1759 | LD50 raw = 2.5940 | mu = -0.0096 | sigma = 0.8062 | UCB = 1.5705
[seed 11 | pareto] iteration 239 | observed = 339 | selected = 1544 | LD50 raw = 1.5830 | mu = 0.4173 | sigma = 0.6943 | UCB = 1.7781
[seed 11 | pareto] iteration 240 | observed = 340 | selected = 75 | LD50 raw = 1.7730 | mu = 0.3198 | sigma = 0.7671 | UCB = 1.8235
[seed 11 | pareto] iteration 241 | observed = 341 | selected = 1406 | LD50 raw = 2.6150 | mu = 0.3447 | sigma = 0.7478 | UCB = 1.8104
[seed 11 | pareto] iteration 242 | observed = 342 | selected = 1996 | LD50 raw = 2.1450 | mu = 0.1861 | sigma = 0.7415 | UCB = 1.6394
[seed 11 | pareto] iteration 243 | observed = 343 | selected = 1628 | LD50 raw = 2.1050 | mu = 0.3621 | sigma = 0.7250 | UCB = 1.7832
[seed 11 | pareto] iteration 244 | observed = 344 | selected = 31 | LD50 raw = 2.4080 | mu = -0.0119 | sigma = 0.7987 | UCB = 1.5535
[seed 11 | pareto] iteration 245 | observed = 345 | selected = 978 | LD50 raw = 3.4250 | mu = 0.8699 | sigma = 0.5503 | UCB = 1.9485
[seed 11 | pareto] iteration 246 | observed = 346 | selected = 1553 | LD50 raw = 1.8210 | mu = 0.3938 | sigma = 0.7219 | UCB = 1.8088
[seed 11 | pareto] iteration 247 | observed = 347 | selected = 757 | LD50 raw = 1.5410 | mu = 0.6373 | sigma = 0.6347 | UCB = 1.8812
[seed 11 | pareto] iteration 248 | observed = 348 | selected = 670 | LD50 raw = 1.1310 | mu = 0.9394 | sigma = 0.6588 | UCB = 2.2306
[seed 11 | pareto] iteration 249 | observed = 349 | selected = 956 | LD50 raw = 1.5960 | mu = 0.8960 | sigma = 0.5690 | UCB = 2.0113
[seed 11 | pareto] iteration 250 | observed = 350 | selected = 1221 | LD50 raw = 2.9640 | mu = 0.1428 | sigma = 0.7537 | UCB = 1.6201
[seed 11 | pareto] iteration 251 | observed = 351 | selected = 1414 | LD50 raw = 2.1550 | mu = 0.6385 | sigma = 0.6194 | UCB = 1.8526
[seed 11 | pareto] iteration 252 | observed = 352 | selected = 0 | LD50 raw = 1.9510 | mu = 0.1215 | sigma = 0.7552 | UCB = 1.6016
[seed 11 | pareto] iteration 253 | observed = 353 | selected = 1649 | LD50 raw = 1.7790 | mu = 0.4821 | sigma = 0.6680 | UCB = 1.7915
[seed 11 | pareto] iteration 254 | observed = 354 | selected = 1424 | LD50 raw = 1.6650 | mu = -0.0039 | sigma = 0.7898 | UCB = 1.5441
[seed 11 | pareto] iteration 255 | observed = 355 | selected = 1558 | LD50 raw = 1.6980 | mu = -0.0938 | sigma = 0.8785 | UCB = 1.6281
[seed 11 | pareto] iteration 256 | observed = 356 | selected = 1384 | LD50 raw = 1.7320 | mu = 0.0750 | sigma = 0.8777 | UCB = 1.7953
[seed 11 | pareto] iteration 257 | observed = 357 | selected = 1194 | LD50 raw = 3.0210 | mu = -0.1214 | sigma = 0.8836 | UCB = 1.6104
[seed 11 | pareto] iteration 258 | observed = 358 | selected = 1672 | LD50 raw = 1.7050 | mu = 0.2299 | sigma = 0.7329 | UCB = 1.6664
[seed 11 | pareto] iteration 259 | observed = 359 | selected = 282 | LD50 raw = 1.7990 | mu = 0.4827 | sigma = 0.6908 | UCB = 1.8367
[seed 11 | pareto] iteration 260 | observed = 360 | selected = 1724 | LD50 raw = 3.1020 | mu = -0.0631 | sigma = 0.8033 | UCB = 1.5113
[seed 11 | pareto] iteration 261 | observed = 361 | selected = 431 | LD50 raw = 4.0910 | mu = -0.0807 | sigma = 0.8113 | UCB = 1.5094
[seed 11 | pareto] iteration 262 | observed = 362 | selected = 1440 | LD50 raw = 2.5580 | mu = -0.0782 | sigma = 0.8181 | UCB = 1.5253
[seed 11 | pareto] iteration 263 | observed = 363 | selected = 84 | LD50 raw = 2.0280 | mu = 0.3700 | sigma = 0.7117 | UCB = 1.7651
[seed 11 | pareto] iteration 264 | observed = 364 | selected = 1091 | LD50 raw = 0.9560 | mu = 0.4279 | sigma = 0.6760 | UCB = 1.7528
[seed 11 | pareto] iteration 265 | observed = 365 | selected = 730 | LD50 raw = 0.8440 | mu = 0.6571 | sigma = 0.6791 | UCB = 1.9881
[seed 11 | pareto] iteration 266 | observed = 366 | selected = 531 | LD50 raw = 3.9460 | mu = 0.0305 | sigma = 0.7820 | UCB = 1.5631
[seed 11 | pareto] iteration 267 | observed = 367 | selected = 828 | LD50 raw = 2.7560 | mu = 0.0490 | sigma = 0.7793 | UCB = 1.5764
[seed 11 | pareto] iteration 268 | observed = 368 | selected = 1708 | LD50 raw = 2.0690 | mu = 0.0130 | sigma = 0.7887 | UCB = 1.5589
[seed 11 | pareto] iteration 269 | observed = 369 | selected = 1551 | LD50 raw = 3.2580 | mu = -0.0979 | sigma = 0.8214 | UCB = 1.5121
[seed 11 | pareto] iteration 270 | observed = 370 | selected = 1838 | LD50 raw = 2.1050 | mu = 0.2418 | sigma = 0.7275 | UCB = 1.6676
[seed 11 | pareto] iteration 271 | observed = 371 | selected = 791 | LD50 raw = 2.5070 | mu = 0.4730 | sigma = 0.6862 | UCB = 1.8180
[seed 11 | pareto] iteration 272 | observed = 372 | selected = 1640 | LD50 raw = 1.6700 | mu = 0.3852 | sigma = 0.6981 | UCB = 1.7535
[seed 11 | pareto] iteration 273 | observed = 373 | selected = 1902 | LD50 raw = 0.8440 | mu = 0.7066 | sigma = 0.5917 | UCB = 1.8664
[seed 11 | pareto] iteration 274 | observed = 374 | selected = 1187 | LD50 raw = 2.1340 | mu = 0.0636 | sigma = 0.7729 | UCB = 1.5786
[seed 11 | pareto] iteration 275 | observed = 375 | selected = 118 | LD50 raw = 2.2510 | mu = 0.0361 | sigma = 0.7729 | UCB = 1.5510
[seed 11 | pareto] iteration 276 | observed = 376 | selected = 1189 | LD50 raw = 2.1270 | mu = 0.0783 | sigma = 0.7580 | UCB = 1.5640
[seed 11 | pareto] iteration 277 | observed = 377 | selected = 758 | LD50 raw = 1.4220 | mu = 0.1890 | sigma = 0.7289 | UCB = 1.6177
[seed 11 | pareto] iteration 278 | observed = 378 | selected = 1967 | LD50 raw = 1.3690 | mu = 0.2372 | sigma = 0.7242 | UCB = 1.6566
[seed 11 | pareto] iteration 279 | observed = 379 | selected = 1969 | LD50 raw = 2.2160 | mu = 0.4184 | sigma = 0.6766 | UCB = 1.7445
[seed 11 | pareto] iteration 280 | observed = 380 | selected = 2010 | LD50 raw = 1.8120 | mu = 0.0519 | sigma = 0.7618 | UCB = 1.5452
[seed 11 | pareto] iteration 281 | observed = 381 | selected = 1707 | LD50 raw = 3.1690 | mu = -0.0907 | sigma = 0.8055 | UCB = 1.4880
[seed 11 | pareto] iteration 282 | observed = 382 | selected = 259 | LD50 raw = 2.5270 | mu = -0.0496 | sigma = 0.7904 | UCB = 1.4997
[seed 11 | pareto] iteration 283 | observed = 383 | selected = 1225 | LD50 raw = 2.5970 | mu = -0.1769 | sigma = 0.8326 | UCB = 1.4551
[seed 11 | pareto] iteration 284 | observed = 384 | selected = 349 | LD50 raw = 1.8900 | mu = -0.1092 | sigma = 0.8001 | UCB = 1.4591
[seed 11 | pareto] iteration 285 | observed = 385 | selected = 1552 | LD50 raw = 3.1940 | mu = 0.3140 | sigma = 0.7243 | UCB = 1.7337
[seed 11 | pareto] iteration 286 | observed = 386 | selected = 1508 | LD50 raw = 3.2340 | mu = -0.1806 | sigma = 0.8462 | UCB = 1.4780
[seed 11 | pareto] iteration 287 | observed = 387 | selected = 126 | LD50 raw = 2.3940 | mu = -0.0077 | sigma = 0.7699 | UCB = 1.5013
[seed 11 | pareto] iteration 288 | observed = 388 | selected = 1117 | LD50 raw = 1.5150 | mu = 0.4482 | sigma = 0.6605 | UCB = 1.7428
[seed 11 | pareto] iteration 289 | observed = 389 | selected = 59 | LD50 raw = 1.6440 | mu = 0.1083 | sigma = 0.7412 | UCB = 1.5611
[seed 11 | pareto] iteration 290 | observed = 390 | selected = 783 | LD50 raw = 1.8170 | mu = -0.0939 | sigma = 0.7874 | UCB = 1.4495
[seed 11 | pareto] iteration 291 | observed = 391 | selected = 307 | LD50 raw = 2.1260 | mu = -0.0865 | sigma = 0.8074 | UCB = 1.4960
[seed 11 | pareto] iteration 292 | observed = 392 | selected = 234 | LD50 raw = 2.0170 | mu = -0.0639 | sigma = 0.7878 | UCB = 1.4802
[seed 11 | pareto] iteration 293 | observed = 393 | selected = 227 | LD50 raw = 1.6970 | mu = 0.4984 | sigma = 0.6488 | UCB = 1.7701
[seed 11 | pareto] iteration 294 | observed = 394 | selected = 930 | LD50 raw = 1.0520 | mu = 0.4963 | sigma = 0.6712 | UCB = 1.8118
[seed 11 | pareto] iteration 295 | observed = 395 | selected = 432 | LD50 raw = 2.7700 | mu = -0.1437 | sigma = 0.8251 | UCB = 1.4734
[seed 11 | pareto] iteration 296 | observed = 396 | selected = 1675 | LD50 raw = 2.0740 | mu = 0.5873 | sigma = 0.6491 | UCB = 1.8595
[seed 11 | pareto] iteration 297 | observed = 397 | selected = 252 | LD50 raw = 1.8000 | mu = 0.2776 | sigma = 0.7048 | UCB = 1.6591
[seed 11 | pareto] iteration 298 | observed = 398 | selected = 286 | LD50 raw = 1.9190 | mu = 0.2471 | sigma = 0.7049 | UCB = 1.6287
[seed 11 | pareto] iteration 299 | observed = 399 | selected = 1197 | LD50 raw = 2.3470 | mu = -0.0052 | sigma = 0.7535 | UCB = 1.4716
